#
# There is insufficient memory for the Java Runtime Environment to continue.
# Native memory allocation (mmap) failed to map 65536 bytes for Failed to commit metaspace.
# Possible reasons:
#   The system is out of physical RAM or swap space
#   The process is running with CompressedOops enabled, and the Java Heap may be blocking the growth of the native heap
# Possible solutions:
#   Reduce memory load on the system
#   Increase physical memory or swap space
#   Check if swap backing store is full
#   Decrease Java heap size (-Xmx/-Xms)
#   Decrease number of Java threads
#   Decrease Java thread stack sizes (-Xss)
#   Set larger code cache with -XX:ReservedCodeCacheSize=
#   JVM is running with Unscaled Compressed Oops mode in which the Java heap is
#     placed in the first 4GB address space. The Java Heap base address is the
#     maximum limit for the native heap growth. Please use -XX:HeapBaseMinAddress
#     to set the Java Heap base and to place the Java Heap above 4GB virtual address.
# This output file may be truncated or incomplete.
#
#  Out of Memory Error (virtualSpaceNode.cpp:112), pid=45036, tid=33712
#
# JRE version: Java(TM) SE Runtime Environment (21.0.6+8) (build 21.0.6+8-LTS-188)
# Java VM: Java HotSpot(TM) 64-Bit Server VM (21.0.6+8-LTS-188, mixed mode, emulated-client, sharing, tiered, compressed oops, compressed class ptrs, g1 gc, windows-amd64)
# No core dump will be written. Minidumps are not enabled by default on client versions of Windows
#

---------------  S U M M A R Y ------------

Command Line: -XX:TieredStopAtLevel=1 com.myschool.MyschoolApplication

Host: AMD Ryzen 5 5625U with Radeon Graphics         , 12 cores, 7G,  Windows 11 , 64 bit Build 22621 (10.0.22621.4391)
Time: Mon Feb 17 09:12:59 2025 GMT Standard Time elapsed time: 3.593286 seconds (0d 0h 0m 3s)

---------------  T H R E A D  ---------------

Current thread (0x0000025494dd19b0):  JavaThread "background-preinit"        [_thread_in_vm, id=33712, stack(0x0000006fe4c00000,0x0000006fe4d00000) (1024K)]

Stack: [0x0000006fe4c00000,0x0000006fe4d00000]
Native frames: (J=compiled Java code, j=interpreted, Vv=VM code, C=native code)
V  [jvm.dll+0x6ca6d9]
V  [jvm.dll+0x854f51]
V  [jvm.dll+0x85747e]
V  [jvm.dll+0x857b53]
V  [jvm.dll+0x27dcc6]
V  [jvm.dll+0x850b6e]
V  [jvm.dll+0x66e3e5]
V  [jvm.dll+0x1e3f1c]
V  [jvm.dll+0x1e3cee]
V  [jvm.dll+0x670d13]
V  [jvm.dll+0x670b32]
V  [jvm.dll+0x66edbe]
V  [jvm.dll+0x27ab46]
V  [jvm.dll+0x720015]
V  [jvm.dll+0x720b5f]
V  [jvm.dll+0x3c2068]
V  [jvm.dll+0x3c1ee8]
V  [jvm.dll+0x3c1146]
V  [jvm.dll+0x3c10e8]
V  [jvm.dll+0x5d2835]
V  [jvm.dll+0x5d28e3]
V  [jvm.dll+0x3d64b2]
V  [jvm.dll+0x3d5f50]
C  0x000002548c9368b1

The last pc belongs to getstatic (printed below).
Java frames: (J=compiled Java code, j=interpreted, Vv=VM code)
j  com.fasterxml.jackson.databind.ObjectMapper.<init>(Lcom/fasterxml/jackson/core/JsonFactory;Lcom/fasterxml/jackson/databind/ser/DefaultSerializerProvider;Lcom/fasterxml/jackson/databind/deser/DefaultDeserializationContext;)V+274
j  com.fasterxml.jackson.databind.ObjectMapper.<init>()V+4
j  org.springframework.http.converter.json.Jackson2ObjectMapperBuilder.build()Lcom/fasterxml/jackson/databind/ObjectMapper;+81
j  org.springframework.http.converter.json.MappingJackson2HttpMessageConverter.<init>()V+4
j  org.springframework.http.converter.support.AllEncompassingFormHttpMessageConverter.<init>()V+55
j  org.springframework.boot.autoconfigure.BackgroundPreinitializer$MessageConverterInitializer.run()V+4
j  org.springframework.boot.autoconfigure.BackgroundPreinitializer$1.runSafely(Ljava/lang/Runnable;)Z+1
j  org.springframework.boot.autoconfigure.BackgroundPreinitializer$1.run()V+32
j  java.lang.Thread.runWith(Ljava/lang/Object;Ljava/lang/Runnable;)V+5 java.base@21.0.6
j  java.lang.Thread.run()V+19 java.base@21.0.6
v  ~StubRoutines::call_stub 0x000002548c92100d
getstatic  178 getstatic  [0x000002548c936800, 0x000002548c9369f8]  504 bytes
[MachCode]
  0x000002548c936800: 4883 ec08 | c5fa 1104 | 24eb 1f48 | 83ec 10c5 | fb11 0424 | eb14 4883 | ec10 4889 | 0424 48c7 
  0x000002548c936820: 4424 0800 | 0000 00eb | 0150 410f | b755 0148 | 8b4d d0c1 | e202 8b5c | d138 c1eb | 1081 e3ff 
  0x000002548c936840: 0000 0081 | fbb2 0000 | 000f 84b4 | 0000 00bb | b200 0000 | e805 0000 | 00e9 9900 | 0000 488b 
  0x000002548c936860: d348 8d44 | 2408 4c89 | 6dc0 498b | cfc5 f877 | 4989 afa8 | 0300 0049 | 8987 9803 | 0000 4883 
  0x000002548c936880: ec20 40f6 | c40f 0f84 | 1900 0000 | 4883 ec08 | 48b8 f05e | c96f f97f | 0000 ffd0 | 4883 c408 
  0x000002548c9368a0: e90c 0000 | 0048 b8f0 | 5ec9 6ff9 | 7f00 00ff | d048 83c4 | 2049 c787 | 9803 0000 | 0000 0000 
  0x000002548c9368c0: 49c7 87a8 | 0300 0000 | 0000 0049 | c787 a003 | 0000 0000 | 0000 c5f8 | 7749 837f | 0800 0f84 
  0x000002548c9368e0: 0500 0000 | e917 a6fe | ff4c 8b6d | c04c 8b75 | c84e 8d74 | f500 c341 | 0fb7 5501 | 488b 4dd0 
  0x000002548c936900: c1e2 0248 | 8b5c d148 | 8b44 d150 | 4c8b 4cd1 | 404d 8b49 | 704d 8b09 | c1e8 1c83 | e00f 0f85 
  0x000002548c936920: 0b00 0000 | 410f be04 | 1950 e9b1 | 0000 0083 | f801 0f85 | 0b00 0000 | 410f b604 | 1950 e99d 
  0x000002548c936940: 0000 0083 | f808 0f85 | 0a00 0000 | 418b 0419 | 50e9 8a00 | 0000 83f8 | 040f 850a | 0000 0041 
  0x000002548c936960: 8b04 1950 | e977 0000 | 0083 f802 | 0f85 0b00 | 0000 410f | b704 1950 | e963 0000 | 0083 f803 
  0x000002548c936980: 0f85 0b00 | 0000 410f | bf04 1950 | e94f 0000 | 0083 f805 | 0f85 1a00 | 0000 498b | 0419 4883 
  0x000002548c9369a0: ec10 4889 | 0424 48c7 | 4424 0800 | 0000 00e9 | 2c00 0000 | 83f8 060f | 8514 0000 | 00c4 c17a 
  0x000002548c9369c0: 1004 1948 | 83ec 08c5 | fa11 0424 | e90f 0000 | 00c4 c17b | 1004 1948 | 83ec 10c5 | fb11 0424 
  0x000002548c9369e0: 410f b65d | 0349 83c5 | 0349 ba10 | 2451 70f9 | 7f00 0041 | ff24 da90 
[/MachCode]

---------------  P R O C E S S  ---------------

Threads class SMR info:
_java_thread_list=0x00000254daa51030, length=15, elements={
0x000002548232ae30, 0x0000025494dca3e0, 0x0000025494dcb2a0, 0x0000025494dcdb10,
0x0000025494dcf880, 0x0000025494dd33f0, 0x0000025494dd26d0, 0x0000025494de0770,
0x00000254da0e8650, 0x0000025494dd0c90, 0x0000025494dd3a80, 0x00000254da56e320,
0x0000025494dd0600, 0x0000025494dd1320, 0x0000025494dd19b0
}

Java Threads: ( => current thread )
  0x000002548232ae30 JavaThread "main"                              [_thread_blocked, id=38760, stack(0x0000006fe3200000,0x0000006fe3300000) (1024K)]
  0x0000025494dca3e0 JavaThread "Reference Handler"          daemon [_thread_blocked, id=36052, stack(0x0000006fe3a00000,0x0000006fe3b00000) (1024K)]
  0x0000025494dcb2a0 JavaThread "Finalizer"                  daemon [_thread_blocked, id=19608, stack(0x0000006fe3b00000,0x0000006fe3c00000) (1024K)]
  0x0000025494dcdb10 JavaThread "Signal Dispatcher"          daemon [_thread_blocked, id=45808, stack(0x0000006fe3c00000,0x0000006fe3d00000) (1024K)]
  0x0000025494dcf880 JavaThread "Attach Listener"            daemon [_thread_blocked, id=29532, stack(0x0000006fe3d00000,0x0000006fe3e00000) (1024K)]
  0x0000025494dd33f0 JavaThread "Service Thread"             daemon [_thread_blocked, id=37252, stack(0x0000006fe3e00000,0x0000006fe3f00000) (1024K)]
  0x0000025494dd26d0 JavaThread "Monitor Deflation Thread"   daemon [_thread_blocked, id=40964, stack(0x0000006fe3f00000,0x0000006fe4000000) (1024K)]
  0x0000025494de0770 JavaThread "C1 CompilerThread0"         daemon [_thread_blocked, id=34628, stack(0x0000006fe4000000,0x0000006fe4100000) (1024K)]
  0x00000254da0e8650 JavaThread "C1 CompilerThread1"         daemon [_thread_blocked, id=39136, stack(0x0000006fe4100000,0x0000006fe4200000) (1024K)]
  0x0000025494dd0c90 JavaThread "Notification Thread"        daemon [_thread_blocked, id=26360, stack(0x0000006fe4200000,0x0000006fe4300000) (1024K)]
  0x0000025494dd3a80 JavaThread "Common-Cleaner"             daemon [_thread_blocked, id=10632, stack(0x0000006fe4300000,0x0000006fe4400000) (1024K)]
  0x00000254da56e320 JavaThread "C1 CompilerThread2"         daemon [_thread_blocked, id=26612, stack(0x0000006fe4400000,0x0000006fe4500000) (1024K)]
  0x0000025494dd0600 JavaThread "Thread-0"                          [_thread_blocked, id=34824, stack(0x0000006fe4500000,0x0000006fe4600000) (1024K)]
  0x0000025494dd1320 JavaThread "restartedMain"                     [_thread_in_vm, id=19420, stack(0x0000006fe4600000,0x0000006fe4700000) (1024K)]
=>0x0000025494dd19b0 JavaThread "background-preinit"                [_thread_in_vm, id=33712, stack(0x0000006fe4c00000,0x0000006fe4d00000) (1024K)]
Total: 15

Other Threads:
  0x0000025494db38f0 VMThread "VM Thread"                           [id=39240, stack(0x0000006fe3900000,0x0000006fe3a00000) (1024K)]
  0x0000025494da1320 WatcherThread "VM Periodic Task Thread"        [id=39232, stack(0x0000006fe3800000,0x0000006fe3900000) (1024K)]
  0x00000254844f6620 WorkerThread "GC Thread#0"                     [id=29492, stack(0x0000006fe3300000,0x0000006fe3400000) (1024K)]
  0x00000254da90a590 WorkerThread "GC Thread#1"                     [id=12872, stack(0x0000006fe4700000,0x0000006fe4800000) (1024K)]
  0x00000254da90a930 WorkerThread "GC Thread#2"                     [id=27880, stack(0x0000006fe4800000,0x0000006fe4900000) (1024K)]
  0x00000254da90acd0 WorkerThread "GC Thread#3"                     [id=41924, stack(0x0000006fe4900000,0x0000006fe4a00000) (1024K)]
  0x00000254da8f0970 WorkerThread "GC Thread#4"                     [id=17592, stack(0x0000006fe4a00000,0x0000006fe4b00000) (1024K)]
  0x00000254da9113d0 WorkerThread "GC Thread#5"                     [id=35784, stack(0x0000006fe4b00000,0x0000006fe4c00000) (1024K)]
  0x00000254daef0520 WorkerThread "GC Thread#6"                     [id=4364, stack(0x0000006fe4d00000,0x0000006fe4e00000) (1024K)]
  0x00000254daf181f0 WorkerThread "GC Thread#7"                     [id=30880, stack(0x0000006fe4e00000,0x0000006fe4f00000) (1024K)]
  0x00000254dafa0560 WorkerThread "GC Thread#8"                     [id=11492, stack(0x0000006fe4f00000,0x0000006fe5000000) (1024K)]
  0x00000254dafa16b0 WorkerThread "GC Thread#9"                     [id=31736, stack(0x0000006fe5000000,0x0000006fe5100000) (1024K)]
  0x00000254845070d0 ConcurrentGCThread "G1 Main Marker"            [id=33544, stack(0x0000006fe3400000,0x0000006fe3500000) (1024K)]
  0x0000025484508280 WorkerThread "G1 Conc#0"                       [id=31532, stack(0x0000006fe3500000,0x0000006fe3600000) (1024K)]
  0x000002548455e670 ConcurrentGCThread "G1 Refine#0"               [id=44340, stack(0x0000006fe3600000,0x0000006fe3700000) (1024K)]
  0x0000025494c6fb90 ConcurrentGCThread "G1 Service"                [id=32592, stack(0x0000006fe3700000,0x0000006fe3800000) (1024K)]
Total: 16

Threads with active compile tasks:
Total: 0

VM state: not at safepoint (normal execution)

VM Mutex/Monitor currently owned by a thread:  ([mutex/lock_event])
[0x00007ff9704fbe18] Metaspace_lock - owner thread: 0x0000025494dd19b0

Heap address: 0x000000008b000000, size: 1872 MB, Compressed Oops mode: 32-bit

CDS archive(s) mapped at: [0x0000025495000000-0x0000025495c90000-0x0000025495c90000), size 13172736, SharedBaseAddress: 0x0000025495000000, ArchiveRelocationMode: 1.
Compressed class space mapped at: 0x0000025496000000-0x00000254d6000000, reserved size: 1073741824
Narrow klass base: 0x0000025495000000, Narrow klass shift: 0, Narrow klass range: 0x100000000

GC Precious Log:
 CardTable entry size: 512
 Card Set container configuration: InlinePtr #cards 5 size 8 Array Of Cards #cards 12 size 40 Howl #buckets 4 coarsen threshold 1843 Howl Bitmap #cards 512 size 80 coarsen threshold 460 Card regions per heap region 1 cards per card region 2048
 CPUs: 12 total, 12 available
 Memory: 7487M
 Large Page Support: Disabled
 NUMA Support: Disabled
 Compressed Oops: Enabled (32-bit)
 Heap Region Size: 1M
 Heap Min Capacity: 8M
 Heap Initial Capacity: 118M
 Heap Max Capacity: 1872M
 Pre-touch: Disabled
 Parallel Workers: 10
 Concurrent Workers: 3
 Concurrent Refinement Workers: 10
 Periodic GC: Disabled

Heap:
 garbage-first heap   total 120832K, used 17474K [0x000000008b000000, 0x0000000100000000)
  region size 1024K, 11 young (11264K), 3 survivors (3072K)
 Metaspace       used 14000K, committed 14272K, reserved 1114112K
  class space    used 1839K, committed 1984K, reserved 1048576K

Heap Regions: E=young(eden), S=young(survivor), O=old, HS=humongous(starts), HC=humongous(continues), CS=collection set, F=free, TAMS=top-at-mark-start, PB=parsable bottom
|   0|0x000000008b000000, 0x000000008b100000, 0x000000008b100000|100%|HS|  |TAMS 0x000000008b000000| PB 0x000000008b000000| Complete 
|   1|0x000000008b100000, 0x000000008b200000, 0x000000008b200000|100%|HS|  |TAMS 0x000000008b100000| PB 0x000000008b100000| Complete 
|   2|0x000000008b200000, 0x000000008b300000, 0x000000008b300000|100%| O|  |TAMS 0x000000008b200000| PB 0x000000008b200000| Untracked 
|   3|0x000000008b300000, 0x000000008b400000, 0x000000008b400000|100%| O|  |TAMS 0x000000008b300000| PB 0x000000008b300000| Untracked 
|   4|0x000000008b400000, 0x000000008b500000, 0x000000008b500000|100%| O|  |TAMS 0x000000008b400000| PB 0x000000008b400000| Untracked 
|   5|0x000000008b500000, 0x000000008b600000, 0x000000008b600000|100%| O|  |TAMS 0x000000008b500000| PB 0x000000008b500000| Untracked 
|   6|0x000000008b600000, 0x000000008b700000, 0x000000008b700000|100%| O|  |TAMS 0x000000008b600000| PB 0x000000008b600000| Untracked 
|   7|0x000000008b700000, 0x000000008b75a460, 0x000000008b800000| 35%| O|  |TAMS 0x000000008b700000| PB 0x000000008b700000| Untracked 
|   8|0x000000008b800000, 0x000000008b800000, 0x000000008b900000|  0%| F|  |TAMS 0x000000008b800000| PB 0x000000008b800000| Untracked 
|   9|0x000000008b900000, 0x000000008b900000, 0x000000008ba00000|  0%| F|  |TAMS 0x000000008b900000| PB 0x000000008b900000| Untracked 
|  10|0x000000008ba00000, 0x000000008ba00000, 0x000000008bb00000|  0%| F|  |TAMS 0x000000008ba00000| PB 0x000000008ba00000| Untracked 
|  11|0x000000008bb00000, 0x000000008bb00000, 0x000000008bc00000|  0%| F|  |TAMS 0x000000008bb00000| PB 0x000000008bb00000| Untracked 
|  12|0x000000008bc00000, 0x000000008bc00000, 0x000000008bd00000|  0%| F|  |TAMS 0x000000008bc00000| PB 0x000000008bc00000| Untracked 
|  13|0x000000008bd00000, 0x000000008bd00000, 0x000000008be00000|  0%| F|  |TAMS 0x000000008bd00000| PB 0x000000008bd00000| Untracked 
|  14|0x000000008be00000, 0x000000008be00000, 0x000000008bf00000|  0%| F|  |TAMS 0x000000008be00000| PB 0x000000008be00000| Untracked 
|  15|0x000000008bf00000, 0x000000008bf00000, 0x000000008c000000|  0%| F|  |TAMS 0x000000008bf00000| PB 0x000000008bf00000| Untracked 
|  16|0x000000008c000000, 0x000000008c000000, 0x000000008c100000|  0%| F|  |TAMS 0x000000008c000000| PB 0x000000008c000000| Untracked 
|  17|0x000000008c100000, 0x000000008c100000, 0x000000008c200000|  0%| F|  |TAMS 0x000000008c100000| PB 0x000000008c100000| Untracked 
|  18|0x000000008c200000, 0x000000008c200000, 0x000000008c300000|  0%| F|  |TAMS 0x000000008c200000| PB 0x000000008c200000| Untracked 
|  19|0x000000008c300000, 0x000000008c300000, 0x000000008c400000|  0%| F|  |TAMS 0x000000008c300000| PB 0x000000008c300000| Untracked 
|  20|0x000000008c400000, 0x000000008c400000, 0x000000008c500000|  0%| F|  |TAMS 0x000000008c400000| PB 0x000000008c400000| Untracked 
|  21|0x000000008c500000, 0x000000008c500000, 0x000000008c600000|  0%| F|  |TAMS 0x000000008c500000| PB 0x000000008c500000| Untracked 
|  22|0x000000008c600000, 0x000000008c600000, 0x000000008c700000|  0%| F|  |TAMS 0x000000008c600000| PB 0x000000008c600000| Untracked 
|  23|0x000000008c700000, 0x000000008c700000, 0x000000008c800000|  0%| F|  |TAMS 0x000000008c700000| PB 0x000000008c700000| Untracked 
|  24|0x000000008c800000, 0x000000008c800000, 0x000000008c900000|  0%| F|  |TAMS 0x000000008c800000| PB 0x000000008c800000| Untracked 
|  25|0x000000008c900000, 0x000000008c900000, 0x000000008ca00000|  0%| F|  |TAMS 0x000000008c900000| PB 0x000000008c900000| Untracked 
|  26|0x000000008ca00000, 0x000000008ca00000, 0x000000008cb00000|  0%| F|  |TAMS 0x000000008ca00000| PB 0x000000008ca00000| Untracked 
|  27|0x000000008cb00000, 0x000000008cb00000, 0x000000008cc00000|  0%| F|  |TAMS 0x000000008cb00000| PB 0x000000008cb00000| Untracked 
|  28|0x000000008cc00000, 0x000000008cc00000, 0x000000008cd00000|  0%| F|  |TAMS 0x000000008cc00000| PB 0x000000008cc00000| Untracked 
|  29|0x000000008cd00000, 0x000000008cd00000, 0x000000008ce00000|  0%| F|  |TAMS 0x000000008cd00000| PB 0x000000008cd00000| Untracked 
|  30|0x000000008ce00000, 0x000000008ce00000, 0x000000008cf00000|  0%| F|  |TAMS 0x000000008ce00000| PB 0x000000008ce00000| Untracked 
|  31|0x000000008cf00000, 0x000000008cf00000, 0x000000008d000000|  0%| F|  |TAMS 0x000000008cf00000| PB 0x000000008cf00000| Untracked 
|  32|0x000000008d000000, 0x000000008d000000, 0x000000008d100000|  0%| F|  |TAMS 0x000000008d000000| PB 0x000000008d000000| Untracked 
|  33|0x000000008d100000, 0x000000008d100000, 0x000000008d200000|  0%| F|  |TAMS 0x000000008d100000| PB 0x000000008d100000| Untracked 
|  34|0x000000008d200000, 0x000000008d200000, 0x000000008d300000|  0%| F|  |TAMS 0x000000008d200000| PB 0x000000008d200000| Untracked 
|  35|0x000000008d300000, 0x000000008d300000, 0x000000008d400000|  0%| F|  |TAMS 0x000000008d300000| PB 0x000000008d300000| Untracked 
|  36|0x000000008d400000, 0x000000008d400000, 0x000000008d500000|  0%| F|  |TAMS 0x000000008d400000| PB 0x000000008d400000| Untracked 
|  37|0x000000008d500000, 0x000000008d500000, 0x000000008d600000|  0%| F|  |TAMS 0x000000008d500000| PB 0x000000008d500000| Untracked 
|  38|0x000000008d600000, 0x000000008d600000, 0x000000008d700000|  0%| F|  |TAMS 0x000000008d600000| PB 0x000000008d600000| Untracked 
|  39|0x000000008d700000, 0x000000008d700000, 0x000000008d800000|  0%| F|  |TAMS 0x000000008d700000| PB 0x000000008d700000| Untracked 
|  40|0x000000008d800000, 0x000000008d800000, 0x000000008d900000|  0%| F|  |TAMS 0x000000008d800000| PB 0x000000008d800000| Untracked 
|  41|0x000000008d900000, 0x000000008d900000, 0x000000008da00000|  0%| F|  |TAMS 0x000000008d900000| PB 0x000000008d900000| Untracked 
|  42|0x000000008da00000, 0x000000008da00000, 0x000000008db00000|  0%| F|  |TAMS 0x000000008da00000| PB 0x000000008da00000| Untracked 
|  43|0x000000008db00000, 0x000000008db00000, 0x000000008dc00000|  0%| F|  |TAMS 0x000000008db00000| PB 0x000000008db00000| Untracked 
|  44|0x000000008dc00000, 0x000000008dc00000, 0x000000008dd00000|  0%| F|  |TAMS 0x000000008dc00000| PB 0x000000008dc00000| Untracked 
|  45|0x000000008dd00000, 0x000000008dd00000, 0x000000008de00000|  0%| F|  |TAMS 0x000000008dd00000| PB 0x000000008dd00000| Untracked 
|  46|0x000000008de00000, 0x000000008de00000, 0x000000008df00000|  0%| F|  |TAMS 0x000000008de00000| PB 0x000000008de00000| Untracked 
|  47|0x000000008df00000, 0x000000008df00000, 0x000000008e000000|  0%| F|  |TAMS 0x000000008df00000| PB 0x000000008df00000| Untracked 
|  48|0x000000008e000000, 0x000000008e000000, 0x000000008e100000|  0%| F|  |TAMS 0x000000008e000000| PB 0x000000008e000000| Untracked 
|  49|0x000000008e100000, 0x000000008e100000, 0x000000008e200000|  0%| F|  |TAMS 0x000000008e100000| PB 0x000000008e100000| Untracked 
|  50|0x000000008e200000, 0x000000008e200000, 0x000000008e300000|  0%| F|  |TAMS 0x000000008e200000| PB 0x000000008e200000| Untracked 
|  51|0x000000008e300000, 0x000000008e300000, 0x000000008e400000|  0%| F|  |TAMS 0x000000008e300000| PB 0x000000008e300000| Untracked 
|  52|0x000000008e400000, 0x000000008e400000, 0x000000008e500000|  0%| F|  |TAMS 0x000000008e400000| PB 0x000000008e400000| Untracked 
|  53|0x000000008e500000, 0x000000008e500000, 0x000000008e600000|  0%| F|  |TAMS 0x000000008e500000| PB 0x000000008e500000| Untracked 
|  54|0x000000008e600000, 0x000000008e600000, 0x000000008e700000|  0%| F|  |TAMS 0x000000008e600000| PB 0x000000008e600000| Untracked 
|  55|0x000000008e700000, 0x000000008e700000, 0x000000008e800000|  0%| F|  |TAMS 0x000000008e700000| PB 0x000000008e700000| Untracked 
|  56|0x000000008e800000, 0x000000008e800000, 0x000000008e900000|  0%| F|  |TAMS 0x000000008e800000| PB 0x000000008e800000| Untracked 
|  57|0x000000008e900000, 0x000000008e900000, 0x000000008ea00000|  0%| F|  |TAMS 0x000000008e900000| PB 0x000000008e900000| Untracked 
|  58|0x000000008ea00000, 0x000000008ea00000, 0x000000008eb00000|  0%| F|  |TAMS 0x000000008ea00000| PB 0x000000008ea00000| Untracked 
|  59|0x000000008eb00000, 0x000000008eb00000, 0x000000008ec00000|  0%| F|  |TAMS 0x000000008eb00000| PB 0x000000008eb00000| Untracked 
|  60|0x000000008ec00000, 0x000000008ec00000, 0x000000008ed00000|  0%| F|  |TAMS 0x000000008ec00000| PB 0x000000008ec00000| Untracked 
|  61|0x000000008ed00000, 0x000000008ed00000, 0x000000008ee00000|  0%| F|  |TAMS 0x000000008ed00000| PB 0x000000008ed00000| Untracked 
|  62|0x000000008ee00000, 0x000000008ee00000, 0x000000008ef00000|  0%| F|  |TAMS 0x000000008ee00000| PB 0x000000008ee00000| Untracked 
|  63|0x000000008ef00000, 0x000000008ef00000, 0x000000008f000000|  0%| F|  |TAMS 0x000000008ef00000| PB 0x000000008ef00000| Untracked 
|  64|0x000000008f000000, 0x000000008f000000, 0x000000008f100000|  0%| F|  |TAMS 0x000000008f000000| PB 0x000000008f000000| Untracked 
|  65|0x000000008f100000, 0x000000008f100000, 0x000000008f200000|  0%| F|  |TAMS 0x000000008f100000| PB 0x000000008f100000| Untracked 
|  66|0x000000008f200000, 0x000000008f200000, 0x000000008f300000|  0%| F|  |TAMS 0x000000008f200000| PB 0x000000008f200000| Untracked 
|  67|0x000000008f300000, 0x000000008f300000, 0x000000008f400000|  0%| F|  |TAMS 0x000000008f300000| PB 0x000000008f300000| Untracked 
|  68|0x000000008f400000, 0x000000008f400000, 0x000000008f500000|  0%| F|  |TAMS 0x000000008f400000| PB 0x000000008f400000| Untracked 
|  69|0x000000008f500000, 0x000000008f500000, 0x000000008f600000|  0%| F|  |TAMS 0x000000008f500000| PB 0x000000008f500000| Untracked 
|  70|0x000000008f600000, 0x000000008f600000, 0x000000008f700000|  0%| F|  |TAMS 0x000000008f600000| PB 0x000000008f600000| Untracked 
|  71|0x000000008f700000, 0x000000008f700000, 0x000000008f800000|  0%| F|  |TAMS 0x000000008f700000| PB 0x000000008f700000| Untracked 
|  72|0x000000008f800000, 0x000000008f800000, 0x000000008f900000|  0%| F|  |TAMS 0x000000008f800000| PB 0x000000008f800000| Untracked 
|  73|0x000000008f900000, 0x000000008f900000, 0x000000008fa00000|  0%| F|  |TAMS 0x000000008f900000| PB 0x000000008f900000| Untracked 
|  74|0x000000008fa00000, 0x000000008fa00000, 0x000000008fb00000|  0%| F|  |TAMS 0x000000008fa00000| PB 0x000000008fa00000| Untracked 
|  75|0x000000008fb00000, 0x000000008fb00000, 0x000000008fc00000|  0%| F|  |TAMS 0x000000008fb00000| PB 0x000000008fb00000| Untracked 
|  76|0x000000008fc00000, 0x000000008fc00000, 0x000000008fd00000|  0%| F|  |TAMS 0x000000008fc00000| PB 0x000000008fc00000| Untracked 
|  77|0x000000008fd00000, 0x000000008fd00000, 0x000000008fe00000|  0%| F|  |TAMS 0x000000008fd00000| PB 0x000000008fd00000| Untracked 
|  78|0x000000008fe00000, 0x000000008fe00000, 0x000000008ff00000|  0%| F|  |TAMS 0x000000008fe00000| PB 0x000000008fe00000| Untracked 
|  79|0x000000008ff00000, 0x000000008ff00000, 0x0000000090000000|  0%| F|  |TAMS 0x000000008ff00000| PB 0x000000008ff00000| Untracked 
|  80|0x0000000090000000, 0x0000000090000000, 0x0000000090100000|  0%| F|  |TAMS 0x0000000090000000| PB 0x0000000090000000| Untracked 
|  81|0x0000000090100000, 0x0000000090100000, 0x0000000090200000|  0%| F|  |TAMS 0x0000000090100000| PB 0x0000000090100000| Untracked 
|  82|0x0000000090200000, 0x00000000902b66e8, 0x0000000090300000| 71%| S|CS|TAMS 0x0000000090200000| PB 0x0000000090200000| Complete 
|  83|0x0000000090300000, 0x0000000090400000, 0x0000000090400000|100%| S|CS|TAMS 0x0000000090300000| PB 0x0000000090300000| Complete 
|  84|0x0000000090400000, 0x0000000090500000, 0x0000000090500000|100%| S|CS|TAMS 0x0000000090400000| PB 0x0000000090400000| Complete 
|  85|0x0000000090500000, 0x0000000090500000, 0x0000000090600000|  0%| F|  |TAMS 0x0000000090500000| PB 0x0000000090500000| Untracked 
|  86|0x0000000090600000, 0x0000000090600000, 0x0000000090700000|  0%| F|  |TAMS 0x0000000090600000| PB 0x0000000090600000| Untracked 
|  87|0x0000000090700000, 0x0000000090700000, 0x0000000090800000|  0%| F|  |TAMS 0x0000000090700000| PB 0x0000000090700000| Untracked 
|  88|0x0000000090800000, 0x0000000090800000, 0x0000000090900000|  0%| F|  |TAMS 0x0000000090800000| PB 0x0000000090800000| Untracked 
|  89|0x0000000090900000, 0x0000000090900000, 0x0000000090a00000|  0%| F|  |TAMS 0x0000000090900000| PB 0x0000000090900000| Untracked 
|  90|0x0000000090a00000, 0x0000000090a00000, 0x0000000090b00000|  0%| F|  |TAMS 0x0000000090a00000| PB 0x0000000090a00000| Untracked 
|  91|0x0000000090b00000, 0x0000000090b00000, 0x0000000090c00000|  0%| F|  |TAMS 0x0000000090b00000| PB 0x0000000090b00000| Untracked 
|  92|0x0000000090c00000, 0x0000000090c00000, 0x0000000090d00000|  0%| F|  |TAMS 0x0000000090c00000| PB 0x0000000090c00000| Untracked 
|  93|0x0000000090d00000, 0x0000000090d00000, 0x0000000090e00000|  0%| F|  |TAMS 0x0000000090d00000| PB 0x0000000090d00000| Untracked 
|  94|0x0000000090e00000, 0x0000000090e00000, 0x0000000090f00000|  0%| F|  |TAMS 0x0000000090e00000| PB 0x0000000090e00000| Untracked 
|  95|0x0000000090f00000, 0x0000000090f00000, 0x0000000091000000|  0%| F|  |TAMS 0x0000000090f00000| PB 0x0000000090f00000| Untracked 
|  96|0x0000000091000000, 0x0000000091000000, 0x0000000091100000|  0%| F|  |TAMS 0x0000000091000000| PB 0x0000000091000000| Untracked 
|  97|0x0000000091100000, 0x0000000091100000, 0x0000000091200000|  0%| F|  |TAMS 0x0000000091100000| PB 0x0000000091100000| Untracked 
|  98|0x0000000091200000, 0x0000000091200000, 0x0000000091300000|  0%| F|  |TAMS 0x0000000091200000| PB 0x0000000091200000| Untracked 
|  99|0x0000000091300000, 0x0000000091300000, 0x0000000091400000|  0%| F|  |TAMS 0x0000000091300000| PB 0x0000000091300000| Untracked 
| 100|0x0000000091400000, 0x0000000091400000, 0x0000000091500000|  0%| F|  |TAMS 0x0000000091400000| PB 0x0000000091400000| Untracked 
| 101|0x0000000091500000, 0x0000000091500000, 0x0000000091600000|  0%| F|  |TAMS 0x0000000091500000| PB 0x0000000091500000| Untracked 
| 102|0x0000000091600000, 0x0000000091600000, 0x0000000091700000|  0%| F|  |TAMS 0x0000000091600000| PB 0x0000000091600000| Untracked 
| 103|0x0000000091700000, 0x0000000091700000, 0x0000000091800000|  0%| F|  |TAMS 0x0000000091700000| PB 0x0000000091700000| Untracked 
| 104|0x0000000091800000, 0x0000000091800000, 0x0000000091900000|  0%| F|  |TAMS 0x0000000091800000| PB 0x0000000091800000| Untracked 
| 105|0x0000000091900000, 0x0000000091900000, 0x0000000091a00000|  0%| F|  |TAMS 0x0000000091900000| PB 0x0000000091900000| Untracked 
| 106|0x0000000091a00000, 0x0000000091a00000, 0x0000000091b00000|  0%| F|  |TAMS 0x0000000091a00000| PB 0x0000000091a00000| Untracked 
| 107|0x0000000091b00000, 0x0000000091b00000, 0x0000000091c00000|  0%| F|  |TAMS 0x0000000091b00000| PB 0x0000000091b00000| Untracked 
| 108|0x0000000091c00000, 0x0000000091c00000, 0x0000000091d00000|  0%| F|  |TAMS 0x0000000091c00000| PB 0x0000000091c00000| Untracked 
| 109|0x0000000091d00000, 0x0000000091d00000, 0x0000000091e00000|  0%| F|  |TAMS 0x0000000091d00000| PB 0x0000000091d00000| Untracked 
| 110|0x0000000091e00000, 0x0000000091e2a7c8, 0x0000000091f00000| 16%| E|  |TAMS 0x0000000091e00000| PB 0x0000000091e00000| Complete 
| 111|0x0000000091f00000, 0x0000000092000000, 0x0000000092000000|100%| E|CS|TAMS 0x0000000091f00000| PB 0x0000000091f00000| Complete 
| 112|0x0000000092000000, 0x0000000092100000, 0x0000000092100000|100%| E|CS|TAMS 0x0000000092000000| PB 0x0000000092000000| Complete 
| 113|0x0000000092100000, 0x0000000092200000, 0x0000000092200000|100%| E|CS|TAMS 0x0000000092100000| PB 0x0000000092100000| Complete 
| 114|0x0000000092200000, 0x0000000092300000, 0x0000000092300000|100%| E|CS|TAMS 0x0000000092200000| PB 0x0000000092200000| Complete 
| 115|0x0000000092300000, 0x0000000092400000, 0x0000000092400000|100%| E|CS|TAMS 0x0000000092300000| PB 0x0000000092300000| Complete 
| 116|0x0000000092400000, 0x0000000092500000, 0x0000000092500000|100%| E|CS|TAMS 0x0000000092400000| PB 0x0000000092400000| Complete 
| 117|0x0000000092500000, 0x0000000092600000, 0x0000000092600000|100%| E|CS|TAMS 0x0000000092500000| PB 0x0000000092500000| Complete 

Card table byte_map: [0x0000025490000000,0x00000254903b0000] _byte_map_base: 0x000002548fba8000

Marking Bits: (CMBitMap*) 0x00000254844f6c30
 Bits: [0x00000254903b0000, 0x00000254920f0000)

Polling page: 0x0000025483c60000

Metaspace:

Usage:
  Non-class:     11.88 MB used.
      Class:      1.80 MB used.
       Both:     13.67 MB used.

Virtual space:
  Non-class space:       64.00 MB reserved,      12.00 MB ( 19%) committed,  1 nodes.
      Class space:        1.00 GB reserved,       1.94 MB ( <1%) committed,  1 nodes.
             Both:        1.06 GB reserved,      13.94 MB (  1%) committed. 

Chunk freelists:
   Non-Class:  2.98 MB
       Class:  14.03 MB
        Both:  17.02 MB

MaxMetaspaceSize: unlimited
CompressedClassSpaceSize: 1.00 GB
Initial GC threshold: 21.00 MB
Current GC threshold: 21.00 MB
CDS: on
 - commit_granule_bytes: 65536.
 - commit_granule_words: 8192.
 - virtual_space_node_default_size: 8388608.
 - enlarge_chunks_in_place: 1.
 - use_allocation_guard: 0.


Internal statistics:

num_allocs_failed_limit: 0.
num_arena_births: 298.
num_arena_deaths: 0.
num_vsnodes_births: 2.
num_vsnodes_deaths: 0.
num_space_committed: 223.
num_space_uncommitted: 0.
num_chunks_returned_to_freelist: 0.
num_chunks_taken_from_freelist: 827.
num_chunk_merges: 0.
num_chunk_splits: 533.
num_chunks_enlarged: 357.
num_inconsistent_stats: 0.

CodeCache: size=49152Kb used=5430Kb max_used=5430Kb free=43722Kb
 bounds [0x000002548c920000, 0x000002548ce70000, 0x000002548f920000]
 total_blobs=2529 nmethods=2034 adapters=417
 compilation: enabled
              stopped_count=0, restarted_count=0
 full_count=0

Compilation events (20 events):
Event: 3.573 Thread 0x00000254da0e8650 2025       1       sun.invoke.util.VerifyAccess::isModuleAccessible (97 bytes)
Event: 3.573 Thread 0x00000254da0e8650 nmethod 2025 0x000002548ce69390 code [0x000002548ce695c0, 0x000002548ce69b20]
Event: 3.576 Thread 0x00000254da0e8650 2026       1       java.lang.invoke.MethodType::methodType (21 bytes)
Event: 3.576 Thread 0x0000025494de0770 2027       1       java.lang.invoke.Invokers$Holder::invokeExact_MT (22 bytes)
Event: 3.576 Thread 0x00000254da0e8650 nmethod 2026 0x000002548ce69e10 code [0x000002548ce69fc0, 0x000002548ce6a0f8]
Event: 3.576 Thread 0x00000254da0e8650 2028       1       java.lang.invoke.DirectMethodHandle$Holder::newInvokeSpecial (20 bytes)
Event: 3.576 Thread 0x0000025494de0770 nmethod 2027 0x000002548ce6a190 code [0x000002548ce6a360, 0x000002548ce6a538]
Event: 3.576 Thread 0x00000254da0e8650 nmethod 2028 0x000002548ce6a710 code [0x000002548ce6a8e0, 0x000002548ce6aa78]
Event: 3.577 Thread 0x00000254da0e8650 2029  s!   1       jdk.internal.loader.URLClassPath::getLoader (194 bytes)
Event: 3.578 Thread 0x00000254da0e8650 nmethod 2029 0x000002548ce6ac10 code [0x000002548ce6af00, 0x000002548ce6bae8]
Event: 3.584 Thread 0x00000254da56e320 2030       1       java.lang.invoke.DirectMethodHandle$Holder::invokeStatic (20 bytes)
Event: 3.584 Thread 0x00000254da56e320 nmethod 2030 0x000002548ce6c490 code [0x000002548ce6c640, 0x000002548ce6c768]
Event: 3.587 Thread 0x00000254da56e320 2031       1       jdk.internal.loader.AbstractClassLoaderValue$Sub::equals (55 bytes)
Event: 3.587 Thread 0x00000254da0e8650 2032       1       org.springframework.core.annotation.AnnotationTypeMappings::get (14 bytes)
Event: 3.587 Thread 0x00000254da56e320 nmethod 2031 0x000002548ce6c890 code [0x000002548ce6ca60, 0x000002548ce6ccf0]
Event: 3.587 Thread 0x00000254da56e320 2033       1       java.lang.Class::isAnnotation (17 bytes)
Event: 3.587 Thread 0x00000254da0e8650 nmethod 2032 0x000002548ce6ce10 code [0x000002548ce6cfc0, 0x000002548ce6d0f0]
Event: 3.587 Thread 0x00000254da56e320 nmethod 2033 0x000002548ce6d190 code [0x000002548ce6d320, 0x000002548ce6d418]
Event: 3.587 Thread 0x00000254da56e320 2034       1       org.springframework.core.annotation.AnnotationTypeMappings::size (10 bytes)
Event: 3.587 Thread 0x00000254da56e320 nmethod 2034 0x000002548ce6d490 code [0x000002548ce6d640, 0x000002548ce6d738]

GC Heap History (4 events):
Event: 2.943 GC heap before
{Heap before GC invocations=0 (full 0):
 garbage-first heap   total 120832K, used 24576K [0x000000008b000000, 0x0000000100000000)
  region size 1024K, 23 young (23552K), 0 survivors (0K)
 Metaspace       used 5276K, committed 5504K, reserved 1114112K
  class space    used 676K, committed 768K, reserved 1048576K
}
Event: 2.947 GC heap after
{Heap after GC invocations=1 (full 0):
 garbage-first heap   total 120832K, used 7647K [0x000000008b000000, 0x0000000100000000)
  region size 1024K, 3 young (3072K), 3 survivors (3072K)
 Metaspace       used 5276K, committed 5504K, reserved 1114112K
  class space    used 676K, committed 768K, reserved 1048576K
}
Event: 3.512 GC heap before
{Heap before GC invocations=1 (full 0):
 garbage-first heap   total 120832K, used 37343K [0x000000008b000000, 0x0000000100000000)
  region size 1024K, 33 young (33792K), 3 survivors (3072K)
 Metaspace       used 12385K, committed 12736K, reserved 1114112K
  class space    used 1621K, committed 1792K, reserved 1048576K
}
Event: 3.520 GC heap after
{Heap after GC invocations=2 (full 0):
 garbage-first heap   total 120832K, used 10306K [0x000000008b000000, 0x0000000100000000)
  region size 1024K, 3 young (3072K), 3 survivors (3072K)
 Metaspace       used 12385K, committed 12736K, reserved 1114112K
  class space    used 1621K, committed 1792K, reserved 1048576K
}

Dll operation events (7 events):
Event: 0.010 Loaded shared library C:\Program Files\Java\jdk-21\bin\java.dll
Event: 0.399 Loaded shared library C:\Program Files\Java\jdk-21\bin\net.dll
Event: 0.401 Loaded shared library C:\Program Files\Java\jdk-21\bin\nio.dll
Event: 0.406 Loaded shared library C:\Program Files\Java\jdk-21\bin\zip.dll
Event: 0.492 Loaded shared library C:\Program Files\Java\jdk-21\bin\jimage.dll
Event: 2.745 Loaded shared library C:\Program Files\Java\jdk-21\bin\management.dll
Event: 2.751 Loaded shared library C:\Program Files\Java\jdk-21\bin\management_ext.dll

Deoptimization events (0 events):
No events

Classes loaded (20 events):
Event: 3.565 Loading class com/sun/beans/TypeResolver
Event: 3.566 Loading class com/sun/beans/TypeResolver done
Event: 3.566 Loading class com/sun/beans/WeakCache
Event: 3.566 Loading class com/sun/beans/WeakCache done
Event: 3.567 Loading class com/sun/beans/WildcardTypeImpl
Event: 3.567 Loading class com/sun/beans/WildcardTypeImpl done
Event: 3.584 Loading class java/util/Collections$ReverseComparator
Event: 3.584 Loading class java/util/Collections$ReverseComparator done
Event: 3.585 Loading class java/util/Comparators$NaturalOrderComparator
Event: 3.585 Loading class java/util/Comparators$NaturalOrderComparator done
Event: 3.585 Loading class java/util/Collections$ReverseComparator2
Event: 3.585 Loading class java/util/Collections$ReverseComparator2 done
Event: 3.585 Loading class java/util/stream/SortedOps
Event: 3.585 Loading class java/util/stream/SortedOps done
Event: 3.585 Loading class java/util/stream/SortedOps$OfRef
Event: 3.585 Loading class java/util/stream/SortedOps$OfRef done
Event: 3.586 Loading class java/util/stream/SortedOps$RefSortingSink
Event: 3.586 Loading class java/util/stream/SortedOps$AbstractRefSortingSink
Event: 3.586 Loading class java/util/stream/SortedOps$AbstractRefSortingSink done
Event: 3.586 Loading class java/util/stream/SortedOps$RefSortingSink done

Classes unloaded (0 events):
No events

Classes redefined (0 events):
No events

Internal exceptions (20 events):
Event: 3.080 Thread 0x0000025494dd1320 Exception <a 'java/lang/NoSuchMethodError'{0x000000009203f878}: 'java.lang.Object java.lang.invoke.DirectMethodHandle$Holder.invokeSpecial(java.lang.Object, java.lang.Object, java.lang.Object, java.lang.Object, java.lang.Object, java.lang.Object, java.lang.Object, int)'> (0x000000009203f878) 
thrown [s\open\src\hotspot\share\interpreter\linkResolver.cpp, line 773]
Event: 3.110 Thread 0x0000025494dd1320 Exception <a 'java/lang/NoSuchMethodError'{0x0000000091f79e88}: 'int java.lang.invoke.DirectMethodHandle$Holder.invokeInterface(java.lang.Object, java.lang.Object)'> (0x0000000091f79e88) 
thrown [s\open\src\hotspot\share\interpreter\linkResolver.cpp, line 773]
Event: 3.114 Thread 0x0000025494dd1320 Exception <a 'java/lang/NoSuchMethodError'{0x0000000091f9bf90}: 'void java.lang.invoke.DirectMethodHandle$Holder.invokeSpecial(java.lang.Object, java.lang.Object, java.lang.Object, java.lang.Object, java.lang.Object)'> (0x0000000091f9bf90) 
thrown [s\open\src\hotspot\share\interpreter\linkResolver.cpp, line 773]
Event: 3.146 Thread 0x0000025494dd1320 Exception <a 'java/lang/NoSuchMethodError'{0x0000000091e81ae0}: 'java.lang.Object java.lang.invoke.DirectMethodHandle$Holder.invokeSpecial(java.lang.Object, java.lang.Object, java.lang.Object, int, java.lang.Object)'> (0x0000000091e81ae0) 
thrown [s\open\src\hotspot\share\interpreter\linkResolver.cpp, line 773]
Event: 3.147 Thread 0x0000025494dd1320 Exception <a 'java/lang/NoSuchMethodError'{0x0000000091e893f0}: 'java.lang.Object java.lang.invoke.DirectMethodHandle$Holder.newInvokeSpecial(java.lang.Object, java.lang.Object, java.lang.Object, int, java.lang.Object)'> (0x0000000091e893f0) 
thrown [s\open\src\hotspot\share\interpreter\linkResolver.cpp, line 773]
Event: 3.147 Thread 0x0000025494dd1320 Exception <a 'java/lang/NoSuchMethodError'{0x0000000091e908c8}: 'java.lang.Object java.lang.invoke.Invokers$Holder.linkToTargetMethod(java.lang.Object, java.lang.Object, int, java.lang.Object, java.lang.Object)'> (0x0000000091e908c8) 
thrown [s\open\src\hotspot\share\interpreter\linkResolver.cpp, line 773]
Event: 3.148 Thread 0x0000025494dd1320 Exception <a 'java/lang/NoSuchMethodError'{0x0000000091e9ee88}: 'java.lang.Object java.lang.invoke.DirectMethodHandle$Holder.newInvokeSpecial(java.lang.Object, int, java.lang.Object)'> (0x0000000091e9ee88) 
thrown [s\open\src\hotspot\share\interpreter\linkResolver.cpp, line 773]
Event: 3.149 Thread 0x0000025494dd1320 Exception <a 'java/lang/NoSuchMethodError'{0x0000000091ea3848}: 'int java.lang.invoke.DirectMethodHandle$Holder.invokeSpecialIFC(java.lang.Object, java.lang.Object, java.lang.Object, java.lang.Object)'> (0x0000000091ea3848) 
thrown [s\open\src\hotspot\share\interpreter\linkResolver.cpp, line 773]
Event: 3.164 Thread 0x0000025494dd1320 Exception <a 'java/lang/NoSuchMethodError'{0x0000000091d98778}: 'void java.lang.invoke.DirectMethodHandle$Holder.invokeInterface(java.lang.Object, java.lang.Object, java.lang.Object)'> (0x0000000091d98778) 
thrown [s\open\src\hotspot\share\interpreter\linkResolver.cpp, line 773]
Event: 3.183 Thread 0x0000025494dd1320 Exception <a 'java/lang/NoSuchMethodError'{0x0000000091c41080}: 'void java.lang.invoke.DirectMethodHandle$Holder.invokeStaticInit(java.lang.Object, java.lang.Object, java.lang.Object)'> (0x0000000091c41080) 
thrown [s\open\src\hotspot\share\interpreter\linkResolver.cpp, line 773]
Event: 3.187 Thread 0x0000025494dd1320 Exception <a 'java/lang/NoSuchMethodError'{0x0000000091c8ada0}: 'java.lang.Object java.lang.invoke.DirectMethodHandle$Holder.invokeVirtual(java.lang.Object, java.lang.Object, java.lang.Object)'> (0x0000000091c8ada0) 
thrown [s\open\src\hotspot\share\interpreter\linkResolver.cpp, line 773]
Event: 3.208 Thread 0x0000025494dd1320 Exception <a 'java/lang/NoSuchMethodError'{0x0000000091b1df30}: 'void java.lang.invoke.DirectMethodHandle$Holder.invokeVirtual(java.lang.Object, java.lang.Object, java.lang.Object, java.lang.Object)'> (0x0000000091b1df30) 
thrown [s\open\src\hotspot\share\interpreter\linkResolver.cpp, line 773]
Event: 3.266 Thread 0x0000025494dd19b0 Exception <a 'java/lang/NoClassDefFoundError'{0x0000000091909f28}: jakarta/validation/Validation> (0x0000000091909f28) 
thrown [s\open\src\hotspot\share\classfile\systemDictionary.cpp, line 301]
Event: 3.267 Thread 0x0000025494dd1320 Exception <a 'java/lang/NoSuchMethodError'{0x0000000091af1798}: 'java.lang.reflect.Field[] java.lang.Class.getDeclaredFields(java.lang.Class)'> (0x0000000091af1798) 
thrown [s\open\src\hotspot\share\interpreter\linkResolver.cpp, line 773]
Event: 3.268 Thread 0x0000025494dd1320 Exception <a 'java/lang/NoSuchMethodError'{0x0000000091928630}: 'java.lang.Object java.lang.invoke.DirectMethodHandle$Holder.invokeStatic(java.lang.Object, java.lang.Object, int)'> (0x0000000091928630) 
thrown [s\open\src\hotspot\share\interpreter\linkResolver.cpp, line 773]
Event: 3.269 Thread 0x0000025494dd1320 Exception <a 'java/lang/NoSuchMethodError'{0x00000000919337e0}: 'void java.lang.invoke.DelegatingMethodHandle$Holder.delegate(java.lang.Object, java.lang.Object, int, java.lang.Object)'> (0x00000000919337e0) 
thrown [s\open\src\hotspot\share\interpreter\linkResolver.cpp, line 773]
Event: 3.281 Thread 0x0000025494dd1320 Exception <a 'java/lang/IncompatibleClassChangeError'{0x0000000091883808}: Found class java.lang.Object, but interface was expected> (0x0000000091883808) 
thrown [s\open\src\hotspot\share\interpreter\linkResolver.cpp, line 840]
Event: 3.289 Thread 0x0000025494dd1320 Exception <a 'java/lang/NoSuchMethodError'{0x000000009189c6d0}: 'java.lang.Object java.lang.invoke.DirectMethodHandle$Holder.invokeStaticInit(java.lang.Object, int)'> (0x000000009189c6d0) 
thrown [s\open\src\hotspot\share\interpreter\linkResolver.cpp, line 773]
Event: 3.292 Thread 0x0000025494dd1320 Exception <a 'java/lang/NoSuchMethodError'{0x00000000918a6778}: 'java.lang.Object java.lang.invoke.DirectMethodHandle$Holder.invokeStatic(java.lang.Object, int, java.lang.Object)'> (0x00000000918a6778) 
thrown [s\open\src\hotspot\share\interpreter\linkResolver.cpp, line 773]
Event: 3.292 Thread 0x0000025494dd1320 Exception <a 'java/lang/NoSuchMethodError'{0x00000000918a9dd8}: 'java.lang.Object java.lang.invoke.DirectMethodHandle$Holder.invokeStaticInit(java.lang.Object, int, java.lang.Object)'> (0x00000000918a9dd8) 
thrown [s\open\src\hotspot\share\interpreter\linkResolver.cpp, line 773]

ZGC Phase Switch (0 events):
No events

VM Operations (20 events):
Event: 2.892 Executing VM operation: HandshakeAllThreads (Deoptimize)
Event: 2.892 Executing VM operation: HandshakeAllThreads (Deoptimize) done
Event: 2.943 Executing VM operation: G1CollectForAllocation (G1 Evacuation Pause)
Event: 2.947 Executing VM operation: G1CollectForAllocation (G1 Evacuation Pause) done
Event: 3.123 Executing VM operation: HandshakeAllThreads (Deoptimize)
Event: 3.123 Executing VM operation: HandshakeAllThreads (Deoptimize) done
Event: 3.253 Executing VM operation: HandshakeAllThreads (Deoptimize)
Event: 3.253 Executing VM operation: HandshakeAllThreads (Deoptimize) done
Event: 3.256 Executing VM operation: HandshakeAllThreads (Deoptimize)
Event: 3.256 Executing VM operation: HandshakeAllThreads (Deoptimize) done
Event: 3.267 Executing VM operation: HandshakeAllThreads (Deoptimize)
Event: 3.268 Executing VM operation: HandshakeAllThreads (Deoptimize) done
Event: 3.271 Executing VM operation: ICBufferFull
Event: 3.271 Executing VM operation: ICBufferFull done
Event: 3.511 Executing VM operation: G1CollectForAllocation (G1 Evacuation Pause)
Event: 3.520 Executing VM operation: G1CollectForAllocation (G1 Evacuation Pause) done
Event: 3.525 Executing VM operation: HandshakeAllThreads (Deoptimize)
Event: 3.525 Executing VM operation: HandshakeAllThreads (Deoptimize) done
Event: 3.577 Executing VM operation: HandshakeAllThreads (Deoptimize)
Event: 3.577 Executing VM operation: HandshakeAllThreads (Deoptimize) done

Events (15 events):
Event: 0.030 Thread 0x000002548232ae30 Thread added: 0x000002548232ae30
Event: 0.052 Thread 0x0000025494dca3e0 Thread added: 0x0000025494dca3e0
Event: 0.053 Thread 0x0000025494dcb2a0 Thread added: 0x0000025494dcb2a0
Event: 0.053 Thread 0x0000025494dcdb10 Thread added: 0x0000025494dcdb10
Event: 0.053 Thread 0x0000025494dcf880 Thread added: 0x0000025494dcf880
Event: 0.053 Thread 0x0000025494dd33f0 Thread added: 0x0000025494dd33f0
Event: 0.053 Thread 0x0000025494dd26d0 Thread added: 0x0000025494dd26d0
Event: 0.053 Thread 0x0000025494de0770 Thread added: 0x0000025494de0770
Event: 0.381 Thread 0x00000254da0e8650 Thread added: 0x00000254da0e8650
Event: 0.383 Thread 0x0000025494dd0c90 Thread added: 0x0000025494dd0c90
Event: 0.386 Thread 0x0000025494dd3a80 Thread added: 0x0000025494dd3a80
Event: 2.463 Thread 0x00000254da56e320 Thread added: 0x00000254da56e320
Event: 2.806 Thread 0x0000025494dd0600 Thread added: 0x0000025494dd0600
Event: 2.809 Thread 0x0000025494dd1320 Thread added: 0x0000025494dd1320
Event: 3.263 Thread 0x0000025494dd19b0 Thread added: 0x0000025494dd19b0


Dynamic libraries:
0x00007ff64cf50000 - 0x00007ff64cf60000 	C:\Program Files\Java\jdk-21\bin\java.exe
0x00007ff9f6970000 - 0x00007ff9f6b87000 	C:\WINDOWS\SYSTEM32\ntdll.dll
0x00007ff9f4ac0000 - 0x00007ff9f4b84000 	C:\WINDOWS\System32\KERNEL32.DLL
0x00007ff9f3e50000 - 0x00007ff9f420a000 	C:\WINDOWS\System32\KERNELBASE.dll
0x00007ff9f4290000 - 0x00007ff9f43a1000 	C:\WINDOWS\System32\ucrtbase.dll
0x00007ff9e1fc0000 - 0x00007ff9e1fd9000 	C:\Program Files\Java\jdk-21\bin\jli.dll
0x00007ff9f4a00000 - 0x00007ff9f4ab2000 	C:\WINDOWS\System32\ADVAPI32.dll
0x00007ff9f6880000 - 0x00007ff9f6927000 	C:\WINDOWS\System32\msvcrt.dll
0x00007ff9f5b10000 - 0x00007ff9f5bb7000 	C:\WINDOWS\System32\sechost.dll
0x00007ff9e2030000 - 0x00007ff9e204b000 	C:\Program Files\Java\jdk-21\bin\VCRUNTIME140.dll
0x00007ff9f3e20000 - 0x00007ff9f3e48000 	C:\WINDOWS\System32\bcrypt.dll
0x00007ff9f59f0000 - 0x00007ff9f5b04000 	C:\WINDOWS\System32\RPCRT4.dll
0x00007ff9f5ca0000 - 0x00007ff9f5e4e000 	C:\WINDOWS\System32\USER32.dll
0x00007ff9f3cd0000 - 0x00007ff9f3cf6000 	C:\WINDOWS\System32\win32u.dll
0x00007ff9c9f40000 - 0x00007ff9ca1d2000 	C:\WINDOWS\WinSxS\amd64_microsoft.windows.common-controls_6595b64144ccf1df_6.0.22621.4541_none_2710d1c57384c085\COMCTL32.dll
0x00007ff9f46c0000 - 0x00007ff9f46e9000 	C:\WINDOWS\System32\GDI32.dll
0x00007ff9f3d00000 - 0x00007ff9f3e1b000 	C:\WINDOWS\System32\gdi32full.dll
0x00007ff9f3c30000 - 0x00007ff9f3cca000 	C:\WINDOWS\System32\msvcp_win.dll
0x00007ff9e8af0000 - 0x00007ff9e8afa000 	C:\WINDOWS\SYSTEM32\VERSION.dll
0x00007ff9f5bc0000 - 0x00007ff9f5bf1000 	C:\WINDOWS\System32\IMM32.DLL
0x00007ff9e2020000 - 0x00007ff9e202c000 	C:\Program Files\Java\jdk-21\bin\vcruntime140_1.dll
0x00007ff9d60c0000 - 0x00007ff9d614e000 	C:\Program Files\Java\jdk-21\bin\msvcp140.dll
0x00007ff96f8c0000 - 0x00007ff9705da000 	C:\Program Files\Java\jdk-21\bin\server\jvm.dll
0x00007ff9f4b90000 - 0x00007ff9f4c01000 	C:\WINDOWS\System32\WS2_32.dll
0x00007ff9f36c0000 - 0x00007ff9f370d000 	C:\WINDOWS\SYSTEM32\POWRPROF.dll
0x00007ff9edf00000 - 0x00007ff9edf34000 	C:\WINDOWS\SYSTEM32\WINMM.dll
0x00007ff9f3540000 - 0x00007ff9f3553000 	C:\WINDOWS\SYSTEM32\UMPDC.dll
0x00007ff9f2c30000 - 0x00007ff9f2c48000 	C:\WINDOWS\SYSTEM32\kernel.appcore.dll
0x00007ff9e1310000 - 0x00007ff9e131a000 	C:\Program Files\Java\jdk-21\bin\jimage.dll
0x00007ff9f1480000 - 0x00007ff9f16b2000 	C:\WINDOWS\SYSTEM32\DBGHELP.DLL
0x00007ff9f5650000 - 0x00007ff9f59e1000 	C:\WINDOWS\System32\combase.dll
0x00007ff9f67a0000 - 0x00007ff9f6877000 	C:\WINDOWS\System32\OLEAUT32.dll
0x00007ff9e4f00000 - 0x00007ff9e4f32000 	C:\WINDOWS\SYSTEM32\dbgcore.DLL
0x00007ff9f4470000 - 0x00007ff9f44eb000 	C:\WINDOWS\System32\bcryptPrimitives.dll
0x00007ff9df440000 - 0x00007ff9df45f000 	C:\Program Files\Java\jdk-21\bin\java.dll
0x00007ff9f4dd0000 - 0x00007ff9f5649000 	C:\WINDOWS\System32\SHELL32.dll
0x00007ff9f1b20000 - 0x00007ff9f2429000 	C:\WINDOWS\SYSTEM32\windows.storage.dll
0x00007ff9f19e0000 - 0x00007ff9f1b1f000 	C:\WINDOWS\SYSTEM32\wintypes.dll
0x00007ff9f6610000 - 0x00007ff9f670a000 	C:\WINDOWS\System32\SHCORE.dll
0x00007ff9f46f0000 - 0x00007ff9f474e000 	C:\WINDOWS\System32\shlwapi.dll
0x00007ff9f3b60000 - 0x00007ff9f3b8b000 	C:\WINDOWS\SYSTEM32\profapi.dll
0x00007ff9e0da0000 - 0x00007ff9e0db0000 	C:\Program Files\Java\jdk-21\bin\net.dll
0x00007ff9ef690000 - 0x00007ff9ef7c6000 	C:\WINDOWS\SYSTEM32\WINHTTP.dll
0x00007ff9f30a0000 - 0x00007ff9f3109000 	C:\WINDOWS\system32\mswsock.dll
0x00007ff9df3e0000 - 0x00007ff9df3f6000 	C:\Program Files\Java\jdk-21\bin\nio.dll
0x00007ff9d69b0000 - 0x00007ff9d69c8000 	C:\Program Files\Java\jdk-21\bin\zip.dll
0x00007ff9e0bb0000 - 0x00007ff9e0bba000 	C:\Program Files\Java\jdk-21\bin\management.dll
0x00007ff9e0580000 - 0x00007ff9e058b000 	C:\Program Files\Java\jdk-21\bin\management_ext.dll
0x00007ff9f4660000 - 0x00007ff9f4668000 	C:\WINDOWS\System32\PSAPI.DLL

dbghelp: loaded successfully - version: 4.0.5 - missing functions: none
symbol engine: initialized successfully - sym options: 0x614 - pdb path: .;C:\Program Files\Java\jdk-21\bin;C:\WINDOWS\SYSTEM32;C:\WINDOWS\WinSxS\amd64_microsoft.windows.common-controls_6595b64144ccf1df_6.0.22621.4541_none_2710d1c57384c085;C:\Program Files\Java\jdk-21\bin\server

VM Arguments:
jvm_args: -XX:TieredStopAtLevel=1 
java_command: com.myschool.MyschoolApplication
java_class_path (initial): C:\Users\joann\workspace\myschool\target\classes;C:\Users\joann\.m2\repository\ch\qos\logback\logback-classic\1.5.12\logback-classic-1.5.12.jar;C:\Users\joann\.m2\repository\ch\qos\logback\logback-core\1.5.12\logback-core-1.5.12.jar;C:\Users\joann\.m2\repository\org\apache\logging\log4j\log4j-to-slf4j\2.24.3\log4j-to-slf4j-2.24.3.jar;C:\Users\joann\.m2\repository\org\apache\logging\log4j\log4j-api\2.24.3\log4j-api-2.24.3.jar;C:\Users\joann\.m2\repository\org\slf4j\jul-to-slf4j\2.0.16\jul-to-slf4j-2.0.16.jar;C:\Users\joann\.m2\repository\jakarta\annotation\jakarta.annotation-api\2.1.1\jakarta.annotation-api-2.1.1.jar;C:\Users\joann\.m2\repository\org\yaml\snakeyaml\2.3\snakeyaml-2.3.jar;C:\Users\joann\.m2\repository\com\zaxxer\HikariCP\5.1.0\HikariCP-5.1.0.jar;C:\Users\joann\.m2\repository\org\springframework\spring-jdbc\6.2.1\spring-jdbc-6.2.1.jar;C:\Users\joann\.m2\repository\org\hibernate\orm\hibernate-core\6.6.4.Final\hibernate-core-6.6.4.Final.jar;C:\Users\joann\.m2\repository\jakarta\persistence\jakarta.persistence-api\3.1.0\jakarta.persistence-api-3.1.0.jar;C:\Users\joann\.m2\repository\jakarta\transaction\jakarta.transaction-api\2.0.1\jakarta.transaction-api-2.0.1.jar;C:\Users\joann\.m2\repository\org\jboss\logging\jboss-logging\3.6.1.Final\jboss-logging-3.6.1.Final.jar;C:\Users\joann\.m2\repository\org\hibernate\common\hibernate-commons-annotations\7.0.3.Final\hibernate-commons-annotations-7.0.3.Final.jar;C:\Users\joann\.m2\repository\io\smallrye\jandex\3.2.0\jandex-3.2.0.jar;C:\Users\joann\.m2\repository\com\fasterxml\classmate\1.7.0\classmate-1.7.0.jar;C:\Users\joann\.m2\repository\net\bytebuddy\byte-buddy\1.15.11\byte-buddy-1.15.11.jar;C:\Users\joann\.m2\repository\org\glassfish\jaxb\jaxb-runtime\4.0.5\jaxb-runtime-4.0.5.jar;C:\Users\joann\.m2\repository\org\glassfish\jaxb\jaxb-core\4.0.5\jaxb-core-4.0.5.jar;C:\Users\joann\.m2\repository\org\eclipse\angus\angus-activation\2.0.2\angus-activation-2.0.2.jar;C:\Users\joann\.m2\repository\org\glassfish\jaxb\txw2\4.0.5\txw2-4.0.5.jar;C:\Users\joann\.m2\repository\com\sun\istack\istack-commons-runtime\4.1.2\istack-commons-runtime-4.1.2.jar;C:\Users\joann\.m2\repository\jakarta\inject\jakarta.inject-api\2.0.1\jakarta.inject-api-2.0.1.jar;C:\Users\joann\.m2\repository\org\antlr\antlr4-runtime\4.13.0\antlr4-runtime-4.13.0.jar;C:\Users\joann\.m2\repository\org\springframework\data\spring-data-jpa\3.4.1\spring-data-jpa-3.4.1.jar;C:\Users\joann\.m2\repository\org\springframework\data\spring-data-commons\3.4.1\spring-data-commons-3.4.1.jar;C:\Users\joann\.m2\repository\org\springframework\spring-orm\6.2.1\spring-orm-6.2.1.jar;C:\Users\joann\.m2\repository\org\springframework\spring-context\6.2.1\spring-context-6.2.1.jar;C:\Users\joann\.m2\repository\org\springframework\spring-tx\6.2.1\spring-tx-6.2.1.jar;C:\Users\joann\.m2\repository\org\springframework\spring-beans\6.2.1\spring-beans-6.2.1.jar;C:\Users\joann\.m2\repository\org\slf4j\slf4j-api\2.0.16\slf4j-api-2.0.16.jar;C:\Users\joann\.m2\repository\org\springframework\spring-aspects\6.2.1\spring-aspects-6.2.1.jar;C:\Users\joann\.m2\repository\org\aspectj\aspectjweaver\1.9.22.1\aspectjweaver-1.9.22.1.jar;C:\Users\joann\.m2\repository\com\fasterxml\jackson\datatype\jackson-datatype-jdk8\2.18.2\jackson-datatype-jdk8-2.18.2.jar;C:\Users\joann\.m2\repository\com\fasterxml\jackson\datatype\jackson-datatype-jsr310\2.18.2\jackson-datatype-jsr310-2.18.2.jar;C:\Users\joann\.m2\repository\com\fasterxml\jackson\module\jackson-module-parameter-names\2.18.2\jackson-module-parameter-names-2.18.2.jar;C:\Users\joann\.m2\repository\org\apache\tomcat\embed\tomcat-embed-core\10.1.34\tomcat-embed-core-10.1.34.jar;C:\Users\joann\.m2\repository\org\apache\tomcat\embed\tomcat-embed-el\10.1.34\tomcat-embed-el-10.1.34.jar;C:\Users\joann\.m2\repository\org\apache\tomcat\embed\tomcat-embed-websocket\10.1.34\tomcat-embed-websocket-10.1.34.jar;C:\Users\joann\.m2\repository\org\springframework\spring-web\6.2.1\spring-web-6.2.1.jar;C:\Users\joann\.m2\repository\io\micrometer\micrometer-observation\1.14.2\micrometer-observation-1.14.2.jar;C:\Users\joann\.m2\repository\io\micrometer\micrometer-commons\1.14.2\micrometer-commons-1.14.2.jar;C:\Users\joann\.m2\repository\org\springframework\spring-webmvc\6.2.1\spring-webmvc-6.2.1.jar;C:\Users\joann\.m2\repository\org\springframework\spring-expression\6.2.1\spring-expression-6.2.1.jar;C:\Users\joann\.m2\repository\org\springframework\boot\spring-boot-devtools\3.4.1\spring-boot-devtools-3.4.1.jar;C:\Users\joann\.m2\repository\org\springframework\boot\spring-boot\3.4.1\spring-boot-3.4.1.jar;C:\Users\joann\.m2\repository\org\springframework\boot\spring-boot-autoconfigure\3.4.1\spring-boot-autoconfigure-3.4.1.jar;C:\Users\joann\.m2\repository\org\postgresql\postgresql\42.7.3\postgresql-42.7.3.jar;C:\Users\joann\.m2\repository\org\checkerframework\checker-qual\3.42.0\checker-qual-3.42.0.jar;C:\Users\joann\.m2\repository\jakarta\xml\bind\jakarta.xml.bind-api\4.0.2\jakarta.xml.bind-api-4.0.2.jar;C:\Users\joann\.m2\repository\jakarta\activation\jakarta.activation-api\2.1.3\jakarta.activation-api-2.1.3.jar;C:\Users\joann\.m2\repository\org\springframework\spring-core\6.2.1\spring-core-6.2.1.jar;C:\Users\joann\.m2\repository\org\springframework\spring-jcl\6.2.1\spring-jcl-6.2.1.jar;C:\Users\joann\.m2\repository\org\springframework\spring-aop\6.2.1\spring-aop-6.2.1.jar;C:\Users\joann\.m2\repository\org\springframework\security\spring-security-config\6.4.2\spring-security-config-6.4.2.jar;C:\Users\joann\.m2\repository\org\springframework\security\spring-security-core\6.4.2\spring-security-core-6.4.2.jar;C:\Users\joann\.m2\repository\org\springframework\security\spring-security-crypto\6.4.2\spring-security-crypto-6.4.2.jar;C:\Users\joann\.m2\repository\org\springframework\security\spring-security-web\6.4.2\spring-security-web-6.4.2.jar;C:\Users\joann\.m2\repository\io\jsonwebtoken\jjwt-api\0.11.2\jjwt-api-0.11.2.jar;C:\Users\joann\.m2\repository\io\jsonwebtoken\jjwt-impl\0.11.2\jjwt-impl-0.11.2.jar;C:\Users\joann\.m2\repository\io\jsonwebtoken\jjwt-jackson\0.11.2\jjwt-jackson-0.11.2.jar;C:\Users\joann\.m2\repository\com\fasterxml\jackson\core\jackson-databind\2.18.2\jackson-databind-2.18.2.jar;C:\Users\joann\.m2\repository\com\fasterxml\jackson\core\jackson-annotations\2.18.2\jackson-annotations-2.18.2.jar;C:\Users\joann\.m2\repository\com\fasterxml\jackson\core\jackson-core\2.18.2\jackson-core-2.18.2.jar
Launcher Type: SUN_STANDARD

[Global flags]
     intx CICompilerCount                          = 4                                         {product} {ergonomic}
     uint ConcGCThreads                            = 3                                         {product} {ergonomic}
     uint G1ConcRefinementThreads                  = 10                                        {product} {ergonomic}
   size_t G1HeapRegionSize                         = 1048576                                   {product} {ergonomic}
    uintx GCDrainStackTargetSize                   = 64                                        {product} {ergonomic}
   size_t InitialHeapSize                          = 123731968                                 {product} {ergonomic}
   size_t MarkStackSize                            = 4194304                                   {product} {ergonomic}
   size_t MaxHeapSize                              = 1962934272                                {product} {ergonomic}
   size_t MaxNewSize                               = 1177550848                                {product} {ergonomic}
   size_t MinHeapDeltaBytes                        = 1048576                                   {product} {ergonomic}
   size_t MinHeapSize                              = 8388608                                   {product} {ergonomic}
    uintx NonNMethodCodeHeapSize                   = 4096                                   {pd product} {ergonomic}
    uintx NonProfiledCodeHeapSize                  = 0                                      {pd product} {ergonomic}
     bool ProfileInterpreter                       = false                                  {pd product} {command line}
    uintx ProfiledCodeHeapSize                     = 0                                      {pd product} {ergonomic}
   size_t SoftMaxHeapSize                          = 1962934272                             {manageable} {ergonomic}
     intx TieredStopAtLevel                        = 1                                         {product} {command line}
     bool UseCompressedOops                        = true                           {product lp64_product} {ergonomic}
     bool UseG1GC                                  = true                                      {product} {ergonomic}
     bool UseLargePagesIndividualAllocation        = false                                  {pd product} {ergonomic}

Logging:
Log output configuration:
 #0: stdout all=warning uptime,level,tags foldmultilines=false
 #1: stderr all=off uptime,level,tags foldmultilines=false

Environment Variables:
JAVA_HOME=C:/Program Files/Java/jdk-21
PATH=C:\Program Files\Git\mingw64\bin;C:\Program Files\Git\usr\bin;C:\Users\joann\bin;C:\Program Files\Common Files\Oracle\Java\javapath;C:\Program Files\Java\jdk-21\bin;C:\WINDOWS\system32;C:\WINDOWS;C:\WINDOWS\System32\Wbem;C:\WINDOWS\System32\WindowsPowerShell\v1.0;C:\WINDOWS\System32\OpenSSH;C:\Program Files\Git\cmd;C:\Program Files\apache-maven-3.8.6\bin;C:\Program Files\Docker\Docker\resources\bin;C:\ProgramData\DockerDesktop\version-bin;C:\Program Files\Go\bin;C:\Program Files (x86)\Microsoft SQL Server\150\DTS\Binn;C:\Program Files\Azure Data Studio\bin;C:\Program Files\Microsoft SQL Server\Client SDK\ODBC\170\Tools\Binn;C:\Program Files (x86)\Microsoft SQL Server\150\Tools\Binn;C:\Program Files\Microsoft SQL Server\150\Tools\Binn;C:\Program Files\Microsoft SQL Server\150\DTS\Binn;C:\Users\joann\AppData\Roaming\nvm;C:\Program Files\nodejs;C:\Program Files\nodejs;C:\Program Files\dart-sdk\bin;C:\Program Files\wildfly-14.0.1.Final\bin;C:\Program Files\wildfly-14.0.1.Final\bin;C:\Program Files\MongoDB\Server\7.0\bin;C:\Users\joann\AppData\Local\Programs\Python\Python310\Scripts;C:\Users\joann\AppData\Local\Programs\Python\Python310;C:\Users\joann\AppData\Local\Microsoft\WindowsApps;C:\Program Files\JetBrains\PyCharm 2022.2.1\bin;C:\Users\joann\AppData\Local\Programs\Microsoft VS Code\bin;C:\Users\joann\go\bin;C:\Program Files\Azure Data Studio\bin;C:\Users\joann\AppData\Roaming\nvm;C:\Program Files\nodejs;C:\Users\joann\AppData\Roaming\npm
USERNAME=joann
TERM=xterm-256color
OS=Windows_NT
PROCESSOR_IDENTIFIER=AMD64 Family 25 Model 80 Stepping 0, AuthenticAMD
TMP=C:\Users\joann\AppData\Local\Temp
TEMP=C:\Users\joann\AppData\Local\Temp




Periodic native trim disabled

---------------  S Y S T E M  ---------------

OS:
 Windows 11 , 64 bit Build 22621 (10.0.22621.4391)
OS uptime: 18 days 1:06 hours
Hyper-V role detected

CPU: total 12 (initial active 12) (12 cores per cpu, 2 threads per core) family 25 model 80 stepping 0 microcode 0x0, cx8, cmov, fxsr, ht, mmx, 3dnowpref, sse, sse2, sse3, ssse3, sse4a, sse4.1, sse4.2, popcnt, lzcnt, tsc, tscinvbit, avx, avx2, aes, erms, clmul, bmi1, bmi2, adx, sha, fma, vzeroupper, clflush, clflushopt, hv, rdtscp, rdpid, fsrm, f16c, cet_ss
Processor Information for processor 0
  Max Mhz: 2301, Current Mhz: 2301, Mhz Limit: 2301
Processor Information for processor 1
  Max Mhz: 2301, Current Mhz: 2301, Mhz Limit: 2301
Processor Information for processor 2
  Max Mhz: 2301, Current Mhz: 1798, Mhz Limit: 2301
Processor Information for processor 3
  Max Mhz: 2301, Current Mhz: 2301, Mhz Limit: 2301
Processor Information for processor 4
  Max Mhz: 2301, Current Mhz: 2301, Mhz Limit: 2301
Processor Information for processor 5
  Max Mhz: 2301, Current Mhz: 2301, Mhz Limit: 2301
Processor Information for processor 6
  Max Mhz: 2301, Current Mhz: 2301, Mhz Limit: 2301
Processor Information for processor 7
  Max Mhz: 2301, Current Mhz: 2301, Mhz Limit: 2301
Processor Information for processor 8
  Max Mhz: 2301, Current Mhz: 2301, Mhz Limit: 2301
Processor Information for processor 9
  Max Mhz: 2301, Current Mhz: 1798, Mhz Limit: 2301
Processor Information for processor 10
  Max Mhz: 2301, Current Mhz: 1798, Mhz Limit: 2301
Processor Information for processor 11
  Max Mhz: 2301, Current Mhz: 2301, Mhz Limit: 2301

Memory: 4k page, system-wide physical 7487M (255M free)
TotalPageFile size 30015M (AvailPageFile size 0M)
current process WorkingSet (physical memory assigned to process): 105M, peak: 105M
current process commit charge ("private bytes"): 227M, peak: 227M

vm_info: Java HotSpot(TM) 64-Bit Server VM (21.0.6+8-LTS-188) for windows-amd64 JRE (21.0.6+8-LTS-188), built on 2024-12-03T10:50:54Z by "mach5one" with MS VC++ 17.6 (VS2022)

END.
