#
# There is insufficient memory for the Java Runtime Environment to continue.
# Native memory allocation (mmap) failed to map 65536 bytes for Failed to commit metaspace.
# Possible reasons:
#   The system is out of physical RAM or swap space
#   The process is running with CompressedOops enabled, and the Java Heap may be blocking the growth of the native heap
# Possible solutions:
#   Reduce memory load on the system
#   Increase physical memory or swap space
#   Check if swap backing store is full
#   Decrease Java heap size (-Xmx/-Xms)
#   Decrease number of Java threads
#   Decrease Java thread stack sizes (-Xss)
#   Set larger code cache with -XX:ReservedCodeCacheSize=
#   JVM is running with Unscaled Compressed Oops mode in which the Java heap is
#     placed in the first 4GB address space. The Java Heap base address is the
#     maximum limit for the native heap growth. Please use -XX:HeapBaseMinAddress
#     to set the Java Heap base and to place the Java Heap above 4GB virtual address.
# This output file may be truncated or incomplete.
#
#  Out of Memory Error (virtualSpaceNode.cpp:112), pid=47328, tid=46796
#
# JRE version: Java(TM) SE Runtime Environment (21.0.6+8) (build 21.0.6+8-LTS-188)
# Java VM: Java HotSpot(TM) 64-Bit Server VM (21.0.6+8-LTS-188, mixed mode, emulated-client, sharing, tiered, compressed oops, compressed class ptrs, g1 gc, windows-amd64)
# No core dump will be written. Minidumps are not enabled by default on client versions of Windows
#

---------------  S U M M A R Y ------------

Command Line: -XX:TieredStopAtLevel=1 com.myschool.MyschoolApplication

Host: AMD Ryzen 5 5625U with Radeon Graphics         , 12 cores, 7G,  Windows 11 , 64 bit Build 22621 (10.0.22621.4391)
Time: Mon Feb 17 09:16:48 2025 GMT Standard Time elapsed time: 1.300016 seconds (0d 0h 0m 1s)

---------------  T H R E A D  ---------------

Current thread (0x00000221cca1be40):  JavaThread "background-preinit"        [_thread_in_vm, id=46796, stack(0x000000a243700000,0x000000a243800000) (1024K)]

Stack: [0x000000a243700000,0x000000a243800000]
Native frames: (J=compiled Java code, j=interpreted, Vv=VM code, C=native code)
V  [jvm.dll+0x6ca6d9]
V  [jvm.dll+0x854f51]
V  [jvm.dll+0x85747e]
V  [jvm.dll+0x857b53]
V  [jvm.dll+0x27dcc6]
V  [jvm.dll+0x850b6e]
V  [jvm.dll+0x66e3e5]
V  [jvm.dll+0x1e3f1c]
V  [jvm.dll+0x1e3cee]
V  [jvm.dll+0x670d13]
V  [jvm.dll+0x670b32]
V  [jvm.dll+0x66edbe]
V  [jvm.dll+0x3bd36f]
V  [jvm.dll+0x20ce5b]
V  [jvm.dll+0x5ad316]
V  [jvm.dll+0x7cf136]
V  [jvm.dll+0x470c46]
V  [jvm.dll+0x476ac8]
C  [java.dll+0x17ec]

Java frames: (J=compiled Java code, j=interpreted, Vv=VM code)
J 694  java.lang.ClassLoader.defineClass1(Ljava/lang/ClassLoader;Ljava/lang/String;[BIILjava/security/ProtectionDomain;Ljava/lang/String;)Ljava/lang/Class; java.base@21.0.6 (0 bytes) @ 0x00000221802b5511 [0x00000221802b5440+0x00000000000000d1]
J 1056 c1 java.lang.ClassLoader.defineClass(Ljava/lang/String;[BIILjava/security/ProtectionDomain;)Ljava/lang/Class; java.base@21.0.6 (43 bytes) @ 0x000002218034617c [0x0000022180346060+0x000000000000011c]
J 862 c1 jdk.internal.loader.BuiltinClassLoader.defineClass(Ljava/lang/String;Ljdk/internal/loader/Resource;)Ljava/lang/Class; java.base@21.0.6 (121 bytes) @ 0x00000221802fdd14 [0x00000221802fd7c0+0x0000000000000554]
J 859 c1 jdk.internal.loader.BuiltinClassLoader.findClassOnClassPathOrNull(Ljava/lang/String;)Ljava/lang/Class; java.base@21.0.6 (64 bytes) @ 0x00000221802fc734 [0x00000221802fc460+0x00000000000002d4]
J 664 c1 jdk.internal.loader.BuiltinClassLoader.loadClassOrNull(Ljava/lang/String;Z)Ljava/lang/Class; java.base@21.0.6 (143 bytes) @ 0x00000221802a9b7c [0x00000221802a9780+0x00000000000003fc]
J 710 c1 jdk.internal.loader.ClassLoaders$AppClassLoader.loadClass(Ljava/lang/String;Z)Ljava/lang/Class; java.base@21.0.6 (40 bytes) @ 0x00000221802ba40c [0x00000221802ba3c0+0x000000000000004c]
J 709 c1 java.lang.ClassLoader.loadClass(Ljava/lang/String;)Ljava/lang/Class; java.base@21.0.6 (7 bytes) @ 0x00000221802ba094 [0x00000221802ba040+0x0000000000000054]
v  ~StubRoutines::call_stub 0x000002218000100d
j  com.fasterxml.jackson.databind.cfg.MapperConfigBase.<clinit>()V+0
v  ~StubRoutines::call_stub 0x000002218000100d
j  com.fasterxml.jackson.databind.ObjectMapper.<init>(Lcom/fasterxml/jackson/core/JsonFactory;Lcom/fasterxml/jackson/databind/ser/DefaultSerializerProvider;Lcom/fasterxml/jackson/databind/deser/DefaultDeserializationContext;)V+138
j  com.fasterxml.jackson.databind.ObjectMapper.<init>()V+4
j  org.springframework.http.converter.json.Jackson2ObjectMapperBuilder.build()Lcom/fasterxml/jackson/databind/ObjectMapper;+81
j  org.springframework.http.converter.json.MappingJackson2HttpMessageConverter.<init>()V+4
j  org.springframework.http.converter.support.AllEncompassingFormHttpMessageConverter.<init>()V+55
j  org.springframework.boot.autoconfigure.BackgroundPreinitializer$MessageConverterInitializer.run()V+4
j  org.springframework.boot.autoconfigure.BackgroundPreinitializer$1.runSafely(Ljava/lang/Runnable;)Z+1
j  org.springframework.boot.autoconfigure.BackgroundPreinitializer$1.run()V+32
j  java.lang.Thread.runWith(Ljava/lang/Object;Ljava/lang/Runnable;)V+5 java.base@21.0.6
j  java.lang.Thread.run()V+19 java.base@21.0.6
v  ~StubRoutines::call_stub 0x000002218000100d

Compiled method (n/a)    1344  694     n 0       java.lang.ClassLoader::defineClass1 (native)
 total in heap  [0x00000221802b5290,0x00000221802b58f0] = 1632
 relocation     [0x00000221802b53f0,0x00000221802b5428] = 56
 main code      [0x00000221802b5440,0x00000221802b58ef] = 1199
 stub code      [0x00000221802b58ef,0x00000221802b58f0] = 1

[Constant Pool (empty)]

[MachCode]
[Entry Point]
  # {method} {0x000002218743ac80} 'defineClass1' '(Ljava/lang/ClassLoader;Ljava/lang/String;[BIILjava/security/ProtectionDomain;Ljava/lang/String;)Ljava/lang/Class;' in 'java/lang/ClassLoader'
  # parm0:    rdx:rdx   = 'java/lang/ClassLoader'
  # parm1:    r8:r8     = 'java/lang/String'
  # parm2:    r9:r9     = '[B'
  # parm3:    rdi       = int
  # parm4:    rsi       = int
  # parm5:    rcx:rcx   = 'java/security/ProtectionDomain'
  # parm6:    [sp+0xa0]   = 'java/lang/String'  (sp of caller)
  0x00000221802b5440: 448b 5208 | 49bb 0000 | 0087 2102 | 0000 4d03 | d349 3bc2 | 0f84 0600 

  0x00000221802b5458: ;   {runtime_call ic_miss_stub}
  0x00000221802b5458: 0000 e921 | 93d9 ff90 
[Verified Entry Point]
  0x00000221802b5460: 8984 2400 | 80ff ff55 | 488b ec48 | 81ec 9000 | 0000 6690 | 4181 7f20 | 0100 0000 

  0x00000221802b547c: ;   {runtime_call StubRoutines (final stubs)}
  0x00000221802b547c: 7405 e8dd | f8d7 ff48 | 837d 1000 | 488d 4510 | 480f 4445 | 1048 8944 | 2440 4889 | 4c24 7048 
  0x00000221802b549c: 83f9 0048 | 8d44 2470 | 480f 4444 | 2470 4889 | 4424 3848 | 8974 2430 | 4889 7c24 | 284c 894c 
  0x00000221802b54bc: 2458 4983 | f900 488d | 4424 5848 | 0f44 4424 | 5848 8944 | 2420 4c89 | 4424 5049 | 83f8 004c 
  0x00000221802b54dc: 8d4c 2450 | 4c0f 444c | 2450 4889 | 5424 4848 | 83fa 004c | 8d44 2448 | 4c0f 4444 

  0x00000221802b54f8: ;   {oop(a 'java/lang/Class'{0x0000000090e06f68} = 'java/lang/ClassLoader')}
  0x00000221802b54f8: 2448 49be | 686f e090 | 0000 0000 | 4c89 7424 | 784c 8d74 | 2478 498b | d6c5 f877 

  0x00000221802b5514: ;   {internal_word}
  0x00000221802b5514: 49ba 1155 | 2b80 2102 | 0000 4d89 | 97a0 0300 | 0049 89a7 | 9803 0000 

  0x00000221802b552c: ;   {external_word}
  0x00000221802b552c: 49ba e057 | 4e70 f97f | 0000 4180 | 3a00 0f84 | 4e00 0000 | 5241 5041 

  0x00000221802b5544: ;   {metadata({method} {0x000002218743ac80} 'defineClass1' '(Ljava/lang/ClassLoader;Ljava/lang/String;[BIILjava/security/ProtectionDomain;Ljava/lang/String;)Ljava/lang/Class;' in 'java/lang/ClassLoader')}
  0x00000221802b5544: 5148 ba78 | ac43 8721 | 0200 0049 | 8bcf 4883 | ec20 40f6 | c40f 0f84 | 1900 0000 | 4883 ec08 
  0x00000221802b5564: ;   {runtime_call}
  0x00000221802b5564: 48b8 8005 | ff6f f97f | 0000 ffd0 | 4883 c408 | e90c 0000 

  0x00000221802b5578: ;   {runtime_call}
  0x00000221802b5578: 0048 b880 | 05ff 6ff9 | 7f00 00ff | d048 83c4 | 2041 5941 | 585a 498d | 8fb8 0300 | 0041 c787 
  0x00000221802b5598: 4404 0000 | 0400 0000 

  0x00000221802b55a0: ;   {runtime_call}
  0x00000221802b55a0: 48b8 ac16 | 44df f97f | 0000 ffd0 | c5f8 7741 | c787 4404 | 0000 0500 | 0000 f083 | 4424 c000 
  0x00000221802b55c0: 493b af48 | 0400 000f | 870e 0000 | 0041 83bf | 4004 0000 | 000f 842b | 0000 00c5 | f877 4889 
  0x00000221802b55e0: 45f8 498b | cf4c 8be4 | 4883 ec20 | 4883 e4f0 

  0x00000221802b55f0: ;   {runtime_call}
  0x00000221802b55f0: 48b8 f0b2 | ca6f f97f | 0000 ffd0 | 498b e44d | 33e4 488b | 45f8 41c7 | 8744 0400 | 0008 0000 
  0x00000221802b5610: 0041 83bf | c004 0000 | 020f 84a3 

  0x00000221802b561c: ;   {external_word}
  0x00000221802b561c: 0200 0049 | bae0 574e | 70f9 7f00 | 0041 803a | 000f 844c | 0000 0048 

  0x00000221802b5634: ;   {metadata({method} {0x000002218743ac80} 'defineClass1' '(Ljava/lang/ClassLoader;Ljava/lang/String;[BIILjava/security/ProtectionDomain;Ljava/lang/String;)Ljava/lang/Class;' in 'java/lang/ClassLoader')}
  0x00000221802b5634: 8945 f848 | ba78 ac43 | 8721 0200 | 0049 8bcf | 4883 ec20 | 40f6 c40f | 0f84 1900 | 0000 4883 
  0x00000221802b5654: ;   {runtime_call}
  0x00000221802b5654: ec08 48b8 | 8005 ff6f | f97f 0000 | ffd0 4883 | c408 e90c 

  0x00000221802b5668: ;   {runtime_call}
  0x00000221802b5668: 0000 0048 | b880 05ff | 6ff9 7f00 | 00ff d048 | 83c4 2048 | 8b45 f849 | c787 9803 | 0000 0000 
  0x00000221802b5688: 0000 49c7 | 87a0 0300 | 0000 0000 | 00c5 f877 | 4885 c00f | 84fe 0100 | 00a8 030f | 8508 0000 
  0x00000221802b56a8: 0048 8b00 | e9ee 0100 | 00a8 010f | 8509 0000 | 0048 8b40 | fee9 dd01 | 0000 488b | 40ff 4180 
  0x00000221802b56c8: 7f40 000f | 84ce 0100 | 0048 83f8 | 000f 84c4 | 0100 0049 | 8b4f 2848 | 83f9 000f | 8414 0000 
  0x00000221802b56e8: 0048 83e9 | 0849 894f | 2849 034f | 3848 8901 | e9a2 0100 | 0048 81ec | d000 0000 | 4889 0424 
  0x00000221802b5708: 4889 4c24 | 0848 8954 | 2410 4889 | 7424 1848 | 897c 2420 | 4c89 4424 | 284c 894c | 2430 4c89 
  0x00000221802b5728: 5424 384c | 895c 2440 | c5fb 1144 | 2450 c5fb | 114c 2458 | c5fb 1154 | 2460 c5fb | 115c 2468 
  0x00000221802b5748: c5fb 1164 | 2470 c5fb | 116c 2478 | c5fb 11b4 | 2480 0000 | 00c5 fb11 | bc24 8800 | 0000 c57b 
  0x00000221802b5768: ;   {no_reloc}
  0x00000221802b5768: 1184 2490 | 0000 00c5 | 7b11 8c24 | 9800 0000 | c57b 1194 | 24a0 0000 | 00c5 7b11 | 9c24 a800 
  0x00000221802b5788: 0000 c57b | 11a4 24b0 | 0000 00c5 | 7b11 ac24 | b800 0000 | c57b 11b4 | 24c0 0000 | 00c5 7b11 
  0x00000221802b57a8: bc24 c800 | 0000 498b | d748 8bc8 | 4883 ec20 | 40f6 c40f | 0f84 1900 | 0000 4883 

  0x00000221802b57c4: ;   {runtime_call}
  0x00000221802b57c4: ec08 48b8 | 90f1 bd6f | f97f 0000 | ffd0 4883 | c408 e90c 

  0x00000221802b57d8: ;   {runtime_call}
  0x00000221802b57d8: 0000 0048 | b890 f1bd | 6ff9 7f00 | 00ff d048 | 83c4 20c5 | 7b10 bc24 | c800 0000 | c57b 10b4 
  0x00000221802b57f8: 24c0 0000 | 00c5 7b10 | ac24 b800 | 0000 c57b | 10a4 24b0 | 0000 00c5 | 7b10 9c24 | a800 0000 
  0x00000221802b5818: c57b 1094 | 24a0 0000 | 00c5 7b10 | 8c24 9800 | 0000 c57b | 1084 2490 | 0000 00c5 | fb10 bc24 
  0x00000221802b5838: 8800 0000 | c5fb 10b4 | 2480 0000 | 00c5 fb10 | 6c24 78c5 | fb10 6424 | 70c5 fb10 | 5c24 68c5 
  0x00000221802b5858: fb10 5424 | 60c5 fb10 | 4c24 58c5 | fb10 4424 | 504c 8b5c | 2440 4c8b | 5424 384c | 8b4c 2430 
  0x00000221802b5878: 4c8b 4424 | 2848 8b7c | 2420 488b | 7424 1848 | 8b54 2410 | 488b 4c24 | 0848 8b04 | 2448 81c4 
  0x00000221802b5898: d000 0000 | c5f8 7749 | 8b8f 2804 | 0000 c781 | 0001 0000 | 0000 0000 | c949 837f | 0800 0f85 
  0x00000221802b58b8: 0100 0000 

  0x00000221802b58bc: ;   {runtime_call StubRoutines (initial stubs)}
  0x00000221802b58bc: c3e9 3eb6 | d4ff c5f8 | 7748 8945 | f84c 8be4 | 4883 ec20 | 4883 e4f0 

  0x00000221802b58d4: ;   {runtime_call}
  0x00000221802b58d4: 48b8 703d | ff6f f97f | 0000 ffd0 | 498b e44d | 33e4 488b | 45f8 e930 | fdff fff4 
[/MachCode]


Compiled method (c1)    1360 1056       1       java.lang.ClassLoader::defineClass (43 bytes)
 total in heap  [0x0000022180345e90,0x0000022180346450] = 1472
 relocation     [0x0000022180345ff0,0x0000022180346060] = 112
 main code      [0x0000022180346060,0x0000022180346220] = 448
 stub code      [0x0000022180346220,0x0000022180346298] = 120
 metadata       [0x0000022180346298,0x00000221803462c8] = 48
 scopes data    [0x00000221803462c8,0x0000022180346380] = 184
 scopes pcs     [0x0000022180346380,0x0000022180346420] = 160
 dependencies   [0x0000022180346420,0x0000022180346428] = 8
 nul chk table  [0x0000022180346428,0x0000022180346450] = 40

[Constant Pool (empty)]

[MachCode]
[Entry Point]
  # {method} {0x000002218743b000} 'defineClass' '(Ljava/lang/String;[BIILjava/security/ProtectionDomain;)Ljava/lang/Class;' in 'java/lang/ClassLoader'
  # this:     rdx:rdx   = 'java/lang/ClassLoader'
  # parm0:    r8:r8     = 'java/lang/String'
  # parm1:    r9:r9     = '[B'
  # parm2:    rdi       = int
  # parm3:    rsi       = int
  # parm4:    rcx:rcx   = 'java/security/ProtectionDomain'
  #           [sp+0xc0]  (sp of caller)
  0x0000022180346060: 448b 5208 | 49bb 0000 | 0087 2102 | 0000 4d03 | d34c 3bd0 

  0x0000022180346074: ;   {runtime_call ic_miss_stub}
  0x0000022180346074: 0f85 0687 | d0ff 660f | 1f44 0000 
[Verified Entry Point]
  0x0000022180346080: 8984 2400 | 80ff ff55 | 4881 ecb0 | 0000 0090 | 4181 7f20 | 0100 0000 

  0x0000022180346098: ;   {runtime_call StubRoutines (final stubs)}
  0x0000022180346098: 7405 e8c1 | ecce ff48 | 8954 2478 | 89b4 2494 | 0000 0089 | bc24 9000 | 0000 4c89 | 8c24 8800 
  0x00000221803460b8: 0000 498b | d84c 8bc3 | 4c8b c948 | 8bca 488b | d148 899c | 2480 0000 | 0066 0f1f 

  0x00000221803460d4: ;   {optimized virtual_call}
  0x00000221803460d4: 4400 00e8 

  0x00000221803460d8: ; ImmutableOopMap {[120]=Oop [128]=Oop [136]=Oop }
                      ;*invokevirtual preDefineClass {reexecute=0 rethrow=0 return_oop=0}
                      ; - java.lang.ClassLoader::defineClass@4 (line 1025)
  0x00000221803460d8: e415 0000 

  0x00000221803460dc: ;   {other}
  0x00000221803460dc: 0f1f 8400 | 4c02 0000 | 4889 8424 | 9800 0000 

  0x00000221803460ec: ; implicit exception: dispatches to 0x00000221803461ca
  0x00000221803460ec: 448b 4010 | 4d85 c00f | 850f 0000 

  0x00000221803460f8: ;   {oop(nullptr)}
  0x00000221803460f8: 0048 bb00 | 0000 0000 | 0000 00e9 | 3f00 0000 

  0x0000022180346108: ; implicit exception: dispatches to 0x00000221803461cf
  0x0000022180346108: 458b 400c | 4d85 c00f | 850f 0000 

  0x0000022180346114: ;   {oop(nullptr)}
  0x0000022180346114: 0048 bb00 | 0000 0000 | 0000 00e9 | 2300 0000 

  0x0000022180346124: ; implicit exception: dispatches to 0x00000221803461d4
  0x0000022180346124: 418b 5038 

  0x0000022180346128: ; implicit exception: dispatches to 0x00000221803461d9
  0x0000022180346128: 483b 020f 

  0x000002218034612c: ;   {optimized virtual_call}
  0x000002218034612c: 1f40 00e8 

  0x0000022180346130: ; ImmutableOopMap {[120]=Oop [128]=Oop [136]=Oop [152]=Oop }
                      ;*invokevirtual toExternalForm {reexecute=0 rethrow=0 return_oop=0}
                      ; - java.net.URL::toExternalForm@5 (line 1203)
                      ; - java.net.URL::toString@1 (line 1189)
                      ; - java.lang.ClassLoader::defineClassSourceLocation@22 (line 927)
                      ; - java.lang.ClassLoader::defineClass@12 (line 1026)
  0x0000022180346130: 4cc4 f8ff 

  0x0000022180346134: ;   {other}
  0x0000022180346134: 0f1f 8400 | a402 0001 | 488b d848 | 8b84 2498 | 0000 008b | b424 9400 | 0000 8bbc | 2490 0000 
  0x0000022180346154: 004c 8b8c | 2488 0000 | 004c 8b84 | 2480 0000 | 0048 8b54 | 2478 4c8b | da49 8bd3 | 488b c848 
  0x0000022180346174: ;   {static_call}
  0x0000022180346174: 891c 24e8 

  0x0000022180346178: ; ImmutableOopMap {[120]=Oop [152]=Oop }
                      ;*invokestatic defineClass1 {reexecute=0 rethrow=0 return_oop=0}
                      ; - java.lang.ClassLoader::defineClass@27 (line 1027)
  0x0000022180346178: e4f2 f6ff 

  0x000002218034617c: ;   {other}
  0x000002218034617c: 0f1f 8400 | ec02 0002 | 4c8b c04c | 8b8c 2498 | 0000 0048 | 8b54 2478 | 4889 8424 | a000 0000 
  0x000002218034619c: ;   {optimized virtual_call}
  0x000002218034619c: 6666 90e8 

  0x00000221803461a0: ; ImmutableOopMap {[160]=Oop }
                      ;*invokevirtual postDefineClass {reexecute=0 rethrow=0 return_oop=0}
                      ; - java.lang.ClassLoader::defineClass@37 (line 1028)
  0x00000221803461a0: dc29 0000 

  0x00000221803461a4: ;   {other}
  0x00000221803461a4: 0f1f 8400 | 1403 0003 | 488b 8424 | a000 0000 | 4881 c4b0 | 0000 005d 

  0x00000221803461bc: ;   {poll_return}
  0x00000221803461bc: 493b a748 | 0400 000f | 8715 0000 

  0x00000221803461c8: ;   {runtime_call throw_null_pointer_exception Runtime1 stub}
  0x00000221803461c8: 00c3 e8b1 

  0x00000221803461cc: ; ImmutableOopMap {rax=Oop [120]=Oop [128]=Oop [136]=Oop [152]=Oop }
                      ;*invokevirtual getCodeSource {reexecute=0 rethrow=0 return_oop=0}
                      ; - java.lang.ClassLoader::defineClassSourceLocation@1 (line 924)
                      ; - java.lang.ClassLoader::defineClass@12 (line 1026)
                      ;   {runtime_call throw_null_pointer_exception Runtime1 stub}
  0x00000221803461cc: b6db ffe8 

  0x00000221803461d0: ; ImmutableOopMap {rax=Oop [120]=Oop [128]=Oop [136]=Oop [152]=Oop }
                      ;*invokevirtual getLocation {reexecute=0 rethrow=0 return_oop=0}
                      ; - java.lang.ClassLoader::defineClassSourceLocation@12 (line 926)
                      ; - java.lang.ClassLoader::defineClass@12 (line 1026)
  0x00000221803461d0: acb6 dbff 

  0x00000221803461d4: ;   {runtime_call throw_null_pointer_exception Runtime1 stub}
  0x00000221803461d4: e8a7 b6db 

  0x00000221803461d8: ; ImmutableOopMap {r8=Oop [120]=Oop [128]=Oop [136]=Oop [152]=Oop }
                      ;*invokevirtual toString {reexecute=0 rethrow=0 return_oop=0}
                      ; - java.lang.ClassLoader::defineClassSourceLocation@22 (line 927)
                      ; - java.lang.ClassLoader::defineClass@12 (line 1026)
                      ;   {runtime_call throw_null_pointer_exception Runtime1 stub}
  0x00000221803461d8: ffe8 a2b6 

  0x00000221803461dc: ; ImmutableOopMap {r8=Oop rdx=Oop [120]=Oop [128]=Oop [136]=Oop [152]=Oop }
                      ;*invokevirtual toExternalForm {reexecute=0 rethrow=0 return_oop=0}
                      ; - java.net.URL::toExternalForm@5 (line 1203)
                      ; - java.net.URL::toString@1 (line 1189)
                      ; - java.lang.ClassLoader::defineClassSourceLocation@22 (line 927)
                      ; - java.lang.ClassLoader::defineClass@12 (line 1026)
                      ;   {internal_word}
  0x00000221803461dc: dbff 49ba | bc61 3480 | 2102 0000 | 4d89 9760 

  0x00000221803461ec: ;   {runtime_call SafepointBlob}
  0x00000221803461ec: 0400 00e9 | 0cf5 d0ff | 498b 87f8 | 0400 0049 | c787 f804 | 0000 0000 | 0000 49c7 | 8700 0500 
  0x000002218034620c: 0000 0000 | 0048 81c4 | b000 0000 

  0x0000022180346218: ;   {runtime_call unwind_exception Runtime1 stub}
  0x0000022180346218: 5de9 62a7 | dbff f4f4 
[Stub Code]
  0x0000022180346220: ;   {no_reloc}
  0x0000022180346220: 0f1f 4400 

  0x0000022180346224: ;   {static_stub}
  0x0000022180346224: 0048 bb00 | 0000 0000 

  0x000002218034622c: ;   {runtime_call}
  0x000002218034622c: 0000 00e9 | fbff ffff 

  0x0000022180346234: ;   {static_stub}
  0x0000022180346234: 48bb 0000 | 0000 0000 

  0x000002218034623c: ;   {runtime_call}
  0x000002218034623c: 0000 e9fb 

  0x0000022180346240: ;   {static_stub}
  0x0000022180346240: ffff ff48 | bb00 0000 | 0000 0000 

  0x000002218034624c: ;   {runtime_call}
  0x000002218034624c: 00e9 fbff 

  0x0000022180346250: ;   {static_stub}
  0x0000022180346250: ffff 48bb | 0000 0000 | 0000 0000 

  0x000002218034625c: ;   {runtime_call}
  0x000002218034625c: e9fb ffff 

  0x0000022180346260: ;   {runtime_call handle_exception_from_callee Runtime1 stub}
  0x0000022180346260: ffe8 1ae6 

  0x0000022180346264: ;   {external_word}
  0x0000022180346264: dbff 48b9 | a046 2670 | f97f 0000 | 4883 e4f0 

  0x0000022180346274: ;   {runtime_call}
  0x0000022180346274: 48b8 b028 | ee6f f97f | 0000 ffd0 

  0x0000022180346280: ;   {section_word}
  0x0000022180346280: f449 ba81 | 6234 8021 | 0200 0041 

  0x000002218034628c: ;   {runtime_call DeoptimizationBlob}
  0x000002218034628c: 52e9 0ee7 | d0ff f4f4 | f4f4 f4f4 
[/MachCode]


Compiled method (c1)    1373  862       1       jdk.internal.loader.BuiltinClassLoader::defineClass (121 bytes)
 total in heap  [0x00000221802fd510,0x00000221802fe420] = 3856
 relocation     [0x00000221802fd670,0x00000221802fd7b8] = 328
 main code      [0x00000221802fd7c0,0x00000221802fde80] = 1728
 stub code      [0x00000221802fde80,0x00000221802fdfa0] = 288
 metadata       [0x00000221802fdfa0,0x00000221802fdfe8] = 72
 scopes data    [0x00000221802fdfe8,0x00000221802fe240] = 600
 scopes pcs     [0x00000221802fe240,0x00000221802fe3e0] = 416
 dependencies   [0x00000221802fe3e0,0x00000221802fe3e8] = 8
 handler table  [0x00000221802fe3e8,0x00000221802fe400] = 24
 nul chk table  [0x00000221802fe400,0x00000221802fe420] = 32

[Constant Pool (empty)]

[MachCode]
[Entry Point]
  # {method} {0x0000022187069ba8} 'defineClass' '(Ljava/lang/String;Ljdk/internal/loader/Resource;)Ljava/lang/Class;' in 'jdk/internal/loader/BuiltinClassLoader'
  # this:     rdx:rdx   = 'jdk/internal/loader/BuiltinClassLoader'
  # parm0:    r8:r8     = 'java/lang/String'
  # parm1:    r9:r9     = 'jdk/internal/loader/Resource'
  #           [sp+0x110]  (sp of caller)
  0x00000221802fd7c0: 448b 5208 | 49bb 0000 | 0087 2102 | 0000 4d03 | d34c 3bd0 

  0x00000221802fd7d4: ;   {runtime_call ic_miss_stub}
  0x00000221802fd7d4: 0f85 a60f | d5ff 660f | 1f44 0000 
[Verified Entry Point]
  0x00000221802fd7e0: 8984 2400 | 80ff ff55 | 4881 ec00 | 0100 0090 | 4181 7f20 | 0100 0000 

  0x00000221802fd7f8: ;   {runtime_call StubRoutines (final stubs)}
  0x00000221802fd7f8: 7405 e861 | 75d3 ff48 | 8994 24a0 | 0000 004c | 8984 2490 | 0000 004c | 898c 2498 | 0000 0049 
  0x00000221802fd818: 8bd1 6666 | 9048 b828 | 5521 8721 

  0x00000221802fd824: ;   {virtual_call}
  0x00000221802fd824: 0200 00e8 

  0x00000221802fd828: ; ImmutableOopMap {[144]=Oop [152]=Oop [160]=Oop }
                      ;*invokevirtual getCodeSourceURL {reexecute=0 rethrow=0 return_oop=0}
                      ; - jdk.internal.loader.BuiltinClassLoader::defineClass@1 (line 842)
  0x00000221802fd828: 744d 0000 

  0x00000221802fd82c: ;   {other}
  0x00000221802fd82c: 0f1f 8400 | 1c03 0000 | 4889 8424 | a800 0000 | 4c8b 8424 | 9000 0000 

  0x00000221802fd844: ; implicit exception: dispatches to 0x00000221802fdd82
  0x00000221802fd844: 418b 7014 

  0x00000221802fd848: ; implicit exception: dispatches to 0x00000221802fdd87
  0x00000221802fd848: 8b56 0c45 | 0fbe 4810 | 498b c9c1 | e118 c1f9 | 18d3 fa48 | 8bfa ffcf | 4585 c9ba | 0000 0000 
  0x00000221802fd868: 7505 ba01 | 0000 0083 | e201 85d2 | 488b d641 | b82e 0000 | 004c 8bcf | 0f84 1300 

  0x00000221802fd884: ;   {static_call}
  0x00000221802fd884: 0000 90e8 

  0x00000221802fd888: ; ImmutableOopMap {[144]=Oop [152]=Oop [160]=Oop [168]=Oop }
                      ;*invokestatic lastIndexOf {reexecute=0 rethrow=0 return_oop=0}
                      ; - java.lang.String::lastIndexOf@13 (line 2573)
                      ; - java.lang.String::lastIndexOf@8 (line 2535)
                      ; - jdk.internal.loader.BuiltinClassLoader::defineClass@8 (line 845)
  0x00000221802fd888: b433 edff 

  0x00000221802fd88c: ;   {other}
  0x00000221802fd88c: 0f1f 8400 | 7c03 0001 | e913 0000 | 0066 0f1f 

  0x00000221802fd89c: ;   {static_call}
  0x00000221802fd89c: 4400 00e8 

  0x00000221802fd8a0: ; ImmutableOopMap {[144]=Oop [152]=Oop [160]=Oop [168]=Oop }
                      ;*invokestatic lastIndexOf {reexecute=0 rethrow=0 return_oop=0}
                      ; - java.lang.String::lastIndexOf@25 (line 2574)
                      ; - java.lang.String::lastIndexOf@8 (line 2535)
                      ; - jdk.internal.loader.BuiltinClassLoader::defineClass@8 (line 845)
  0x00000221802fd8a0: dc17 d5ff 

  0x00000221802fd8a4: ;   {other}
  0x00000221802fd8a4: 0f1f 8400 | 9403 0002 | 83f8 ff0f | 847f 0000 | 0041 b800 | 0000 004c | 8bc8 488b | 9424 9000 
  0x00000221802fd8c4: ;   {optimized virtual_call}
  0x00000221802fd8c4: 0000 90e8 

  0x00000221802fd8c8: ; ImmutableOopMap {[144]=Oop [152]=Oop [160]=Oop [168]=Oop }
                      ;*invokevirtual substring {reexecute=0 rethrow=0 return_oop=0}
                      ; - jdk.internal.loader.BuiltinClassLoader::defineClass@23 (line 847)
  0x00000221802fd8c8: b4d5 eeff 

  0x00000221802fd8cc: ;   {other}
  0x00000221802fd8cc: 0f1f 8400 | bc03 0003 | 488b 9424 | 9800 0000 | 4889 8424 | b000 0000 | 9048 b828 | 5521 8721 
  0x00000221802fd8ec: ;   {virtual_call}
  0x00000221802fd8ec: 0200 00e8 

  0x00000221802fd8f0: ; ImmutableOopMap {[144]=Oop [152]=Oop [160]=Oop [168]=Oop [176]=Oop }
                      ;*invokevirtual getManifest {reexecute=0 rethrow=0 return_oop=0}
                      ; - jdk.internal.loader.BuiltinClassLoader::defineClass@29 (line 848)
  0x00000221802fd8f0: 2cc6 0400 

  0x00000221802fd8f4: ;   {other}
  0x00000221802fd8f4: 0f1f 8400 | e403 0004 | 4c8b 8424 | b000 0000 | 4c8b c848 | 8bbc 24a8 | 0000 0048 | 8b94 24a0 
  0x00000221802fd914: 0000 0066 | 0f1f 4400 | 0048 b8e8 | a106 8721 

  0x00000221802fd924: ;   {virtual_call}
  0x00000221802fd924: 0200 00e8 

  0x00000221802fd928: ; ImmutableOopMap {[144]=Oop [152]=Oop [160]=Oop [168]=Oop }
                      ;*invokevirtual defineOrCheckPackage {reexecute=0 rethrow=0 return_oop=0}
                      ; - jdk.internal.loader.BuiltinClassLoader::defineClass@40 (line 849)
  0x00000221802fd928: 94fa ffff 

  0x00000221802fd92c: ;   {other}
  0x00000221802fd92c: 0f1f 8400 | 1c04 0005 | 4c8b 8c24 | 9800 0000 | 488d 9424 | e000 0000 | 4c89 4a08 | 498b 0148 
  0x00000221802fd94c: 83c8 0148 | 8902 f049 | 0fb1 110f | 8412 0000 | 0048 2bc4 | 4825 07f0 | ffff 4889 | 020f 851d 
  0x00000221802fd96c: 0400 0049 | ff87 4805 | 0000 418b | 510c 4885 | d20f 8551 | 0000 0049 | 8bd1 0f1f | 8000 0000 
  0x00000221802fd98c: 0048 b828 | 5521 8721 

  0x00000221802fd994: ;   {virtual_call}
  0x00000221802fd994: 0200 00e8 

  0x00000221802fd998: ; ImmutableOopMap {[144]=Oop [152]=Oop [160]=Oop [168]=Oop [232]=Oop }
                      ;*invokevirtual getInputStream {reexecute=0 rethrow=0 return_oop=0}
                      ; - jdk.internal.loader.Resource::cachedInputStream@9 (line 77)
                      ; - jdk.internal.loader.Resource::getByteBuffer@1 (line 163)
                      ; - jdk.internal.loader.BuiltinClassLoader::defineClass@45 (line 853)
  0x00000221802fd998: a4e0 0400 

  0x00000221802fd99c: ;   {other}
  0x00000221802fd99c: 0f1f 8400 | 8c04 0006 | 410f be57 | 4085 d24c | 8b8c 2498 | 0000 000f | 85e6 0300 | 004c 8bd0 
  0x00000221802fd9bc: 4589 510c | 498b d148 | 33d0 48c1 | ea14 4883 | fa00 0f85 | e703 0000 | 418b 510c | 488d 8424 
  0x00000221802fd9dc: e000 0000 | 488b 3048 | 85f6 0f84 | 0f00 0000 | 488b 7808 | f048 0fb1 | 370f 85d8 | 0300 0049 
  0x00000221802fd9fc: ff8f 4805 | 0000 4885 | d20f 8443 

  0x00000221802fda08: ;   {metadata('sun/nio/ByteBuffered')}
  0x00000221802fda08: 0000 0048 | b8b0 c836 | 8721 0200 | 008b 5a08 | 49ba 0000 | 0087 2102 | 0000 4903 | da48 3b43 
  0x00000221802fda28: 200f 8424 | 0000 0048 | 3bd8 0f84 | 1b00 0000 

  0x00000221802fda38: ;   {runtime_call slow_subtype_check Runtime1 stub}
  0x00000221802fda38: 5350 e8c1 | 83e0 ff5b | 5b85 db0f | 8405 0000 | 00e9 0500 | 0000 4833 | f6eb 0a48 | be01 0000 
  0x00000221802fda58: 0000 0000 | 0085 f60f | 846c 0000 | 0048 85d2 | 0f84 4300 

  0x00000221802fda6c: ;   {metadata('sun/nio/ByteBuffered')}
  0x00000221802fda6c: 0000 48bb | b0c8 3687 | 2102 0000 | 8b7a 0849 | ba00 0000 | 8721 0200 | 0049 03fa | 483b 5f20 
  0x00000221802fda8c: 0f84 1f00 | 0000 483b | fb0f 8416 | 0000 0057 

  0x00000221802fda9c: ;   {runtime_call slow_subtype_check Runtime1 stub}
  0x00000221802fda9c: 53e8 5e83 | e0ff 5f5f | 85ff 0f84 | 3d03 0000 | e900 0000 | 000f 1f40 | 0048 b8ff | ffff ffff 
  0x00000221802fdabc: ;   {virtual_call}
  0x00000221802fdabc: ffff ffe8 

  0x00000221802fdac0: ; ImmutableOopMap {[144]=Oop [152]=Oop [160]=Oop [168]=Oop }
                      ;*invokeinterface getByteBuffer {reexecute=0 rethrow=0 return_oop=0}
                      ; - jdk.internal.loader.Resource::getByteBuffer@16 (line 165)
                      ; - jdk.internal.loader.BuiltinClassLoader::defineClass@45 (line 853)
  0x00000221802fdac0: bc12 d5ff 

  0x00000221802fdac4: ;   {other}
  0x00000221802fdac4: 0f1f 8400 | b405 0007 | e90a 0000 

  0x00000221802fdad0: ;   {oop(nullptr)}
  0x00000221802fdad0: 0048 b800 | 0000 0000 | 0000 0048 | 85c0 0f84 | 0601 0000 | 4889 8424 | b800 0000 | 488b 9424 
  0x00000221802fdaf0: 9800 0000 | 9048 b8ff | ffff ffff 

  0x00000221802fdafc: ;   {virtual_call}
  0x00000221802fdafc: ffff ffe8 

  0x00000221802fdb00: ; ImmutableOopMap {[144]=Oop [160]=Oop [168]=Oop [184]=Oop }
                      ;*invokevirtual getCodeSigners {reexecute=0 rethrow=0 return_oop=0}
                      ; - jdk.internal.loader.BuiltinClassLoader::defineClass@56 (line 855)
  0x00000221802fdb00: 7c12 d5ff 

  0x00000221802fdb04: ;   {other}
  0x00000221802fdb04: 0f1f 8400 | f405 0008 

  0x00000221802fdb0c: ;   {metadata('java/security/CodeSource')}
  0x00000221802fdb0c: 4c8b c848 | bac0 5c00 | 8721 0200 | 0049 8b87 | b801 0000 | 488d 7828 | 493b bfc8 | 0100 000f 
  0x00000221802fdb2c: 87c1 0200 | 0049 89bf | b801 0000 | 48c7 0001 | 0000 0048 | 8bca 49ba | 0000 0087 | 2102 0000 
  0x00000221802fdb4c: 492b ca89 | 4808 4833 | c989 480c | 4833 c948 | 8948 1048 | 8948 1848 | 8948 204c | 8b84 24a8 
  0x00000221802fdb6c: 0000 0048 | 8bd0 4889 | 8424 c000 | 0000 0f1f 

  0x00000221802fdb7c: ;   {optimized virtual_call}
  0x00000221802fdb7c: 4400 00e8 

  0x00000221802fdb80: ; ImmutableOopMap {[144]=Oop [160]=Oop [184]=Oop [192]=Oop }
                      ;*invokespecial <init> {reexecute=0 rethrow=0 return_oop=0}
                      ; - jdk.internal.loader.BuiltinClassLoader::defineClass@68 (line 856)
  0x00000221802fdb80: fc0e d5ff 

  0x00000221802fdb84: ;   {other}
  0x00000221802fdb84: 0f1f 8400 | 7406 0009 | 4c8b 8424 | c000 0000 | 488b 9424 | a000 0000 

  0x00000221802fdb9c: ;   {optimized virtual_call}
  0x00000221802fdb9c: 6666 90e8 

  0x00000221802fdba0: ; ImmutableOopMap {[144]=Oop [160]=Oop [184]=Oop }
                      ;*invokevirtual getProtectionDomain {reexecute=0 rethrow=0 return_oop=0}
                      ; - java.security.SecureClassLoader::defineClass@5 (line 182)
                      ; - jdk.internal.loader.BuiltinClassLoader::defineClass@79 (line 857)
  0x00000221802fdba0: dc0e d5ff 

  0x00000221802fdba4: ;   {other}
  0x00000221802fdba4: 0f1f 8400 | 9406 000a | 4c8b 8424 | 9000 0000 | 4c8b 8c24 | b800 0000 | 488b f848 | 8b94 24a0 
  0x00000221802fdbc4: ;   {optimized virtual_call}
  0x00000221802fdbc4: 0000 00e8 

  0x00000221802fdbc8: ; ImmutableOopMap {}
                      ;*invokevirtual defineClass {reexecute=0 rethrow=0 return_oop=0}
                      ; - java.security.SecureClassLoader::defineClass@8 (line 182)
                      ; - jdk.internal.loader.BuiltinClassLoader::defineClass@79 (line 857)
  0x00000221802fdbc8: b40e d5ff 

  0x00000221802fdbcc: ;   {other}
  0x00000221802fdbcc: 0f1f 8400 | bc06 000b | 4881 c400 | 0100 005d 

  0x00000221802fdbdc: ;   {poll_return}
  0x00000221802fdbdc: 493b a748 | 0400 000f | 8716 0200 | 00c3 4c8b | 8c24 9800 | 0000 498b | d148 b828 | 5521 8721 
  0x00000221802fdbfc: ;   {virtual_call}
  0x00000221802fdbfc: 0200 00e8 

  0x00000221802fdc00: ; ImmutableOopMap {[144]=Oop [152]=Oop [160]=Oop [168]=Oop }
                      ;*invokevirtual getBytes {reexecute=0 rethrow=0 return_oop=0}
                      ; - jdk.internal.loader.BuiltinClassLoader::defineClass@84 (line 859)
  0x00000221802fdc00: dce4 0400 

  0x00000221802fdc04: ;   {other}
  0x00000221802fdc04: 0f1f 8400 | f406 000c | 4889 8424 | c800 0000 | 488b 9424 | 9800 0000 | 9048 b828 | 5521 8721 
  0x00000221802fdc24: ;   {virtual_call}
  0x00000221802fdc24: 0200 00e8 

  0x00000221802fdc28: ; ImmutableOopMap {[144]=Oop [160]=Oop [168]=Oop [200]=Oop }
                      ;*invokevirtual getCodeSigners {reexecute=0 rethrow=0 return_oop=0}
                      ; - jdk.internal.loader.BuiltinClassLoader::defineClass@90 (line 860)
  0x00000221802fdc28: 94ea 0400 

  0x00000221802fdc2c: ;   {other}
  0x00000221802fdc2c: 0f1f 8400 | 1c07 000d 

  0x00000221802fdc34: ;   {metadata('java/security/CodeSource')}
  0x00000221802fdc34: 4c8b c848 | bac0 5c00 | 8721 0200 | 0049 8b87 | b801 0000 | 488d 7828 | 493b bfc8 | 0100 000f 
  0x00000221802fdc54: 87bc 0100 | 0049 89bf | b801 0000 | 48c7 0001 | 0000 0048 | 8bca 49ba | 0000 0087 | 2102 0000 
  0x00000221802fdc74: 492b ca89 | 4808 4833 | c989 480c | 4833 c948 | 8948 1048 | 8948 1848 | 8948 204c | 8b84 24a8 
  0x00000221802fdc94: 0000 0048 | 8bd0 4889 | 8424 d000 | 0000 0f1f 

  0x00000221802fdca4: ;   {optimized virtual_call}
  0x00000221802fdca4: 4400 00e8 

  0x00000221802fdca8: ; ImmutableOopMap {[144]=Oop [160]=Oop [200]=Oop [208]=Oop }
                      ;*invokespecial <init> {reexecute=0 rethrow=0 return_oop=0}
                      ; - jdk.internal.loader.BuiltinClassLoader::defineClass@102 (line 861)
  0x00000221802fdca8: 546e 0400 

  0x00000221802fdcac: ;   {other}
  0x00000221802fdcac: 0f1f 8400 | 9c07 000e | 488b 8424 | c800 0000 

  0x00000221802fdcbc: ; implicit exception: dispatches to 0x00000221802fde22
  0x00000221802fdcbc: 8b70 0c4c | 8b84 24d0 | 0000 0048 | 8b94 24a0 | 0000 0089 | b424 d800 

  0x00000221802fdcd4: ;   {optimized virtual_call}
  0x00000221802fdcd4: 0000 90e8 

  0x00000221802fdcd8: ; ImmutableOopMap {[144]=Oop [160]=Oop [200]=Oop }
                      ;*invokevirtual getProtectionDomain {reexecute=0 rethrow=0 return_oop=0}
                      ; - java.security.SecureClassLoader::defineClass@9 (line 150)
                      ; - jdk.internal.loader.BuiltinClassLoader::defineClass@117 (line 862)
  0x00000221802fdcd8: 2474 0400 

  0x00000221802fdcdc: ;   {other}
  0x00000221802fdcdc: 0f1f 8400 | cc07 000f | 4c8b 8424 | 9000 0000 | 4c8b 8c24 | c800 0000 | bf00 0000 | 008b b424 
  0x00000221802fdcfc: d800 0000 | 488b c848 | 8b94 24a0 | 0000 000f 

  0x00000221802fdd0c: ;   {optimized virtual_call}
  0x00000221802fdd0c: 1f40 00e8 

  0x00000221802fdd10: ; ImmutableOopMap {}
                      ;*invokevirtual defineClass {reexecute=0 rethrow=0 return_oop=0}
                      ; - java.security.SecureClassLoader::defineClass@12 (line 150)
                      ; - jdk.internal.loader.BuiltinClassLoader::defineClass@117 (line 862)
  0x00000221802fdd10: 6c83 0400 

  0x00000221802fdd14: ;   {other}
  0x00000221802fdd14: 0f1f 8400 | 0408 0010 | 4881 c400 | 0100 005d 

  0x00000221802fdd24: ;   {poll_return}
  0x00000221802fdd24: 493b a748 | 0400 000f | 87f6 0000 | 00c3 498b | 87f8 0400 | 004d 33d2 | 4d89 97f8 | 0400 004d 
  0x00000221802fdd44: 33d2 4d89 | 9700 0500 | 0048 8bf0 | 488d 8424 | e000 0000 | 488b 3848 | 85ff 0f84 | 0f00 0000 
  0x00000221802fdd64: 488b 5808 | f048 0fb1 | 3b0f 85ca | 0000 0049 | ff8f 4805 | 0000 488b | c6e9 ee00 

  0x00000221802fdd80: ;   {runtime_call throw_null_pointer_exception Runtime1 stub}
  0x00000221802fdd80: 0000 e8f9 

  0x00000221802fdd84: ; ImmutableOopMap {rax=Oop r8=Oop [144]=Oop [152]=Oop [160]=Oop [168]=Oop }
                      ;*invokevirtual lastIndexOf {reexecute=0 rethrow=0 return_oop=0}
                      ; - jdk.internal.loader.BuiltinClassLoader::defineClass@8 (line 845)
                      ;   {runtime_call throw_null_pointer_exception Runtime1 stub}
  0x00000221802fdd84: 3ae0 ffe8 

  0x00000221802fdd88: ; ImmutableOopMap {rax=Oop r8=Oop rsi=Oop [144]=Oop [152]=Oop [160]=Oop [168]=Oop }
                      ;*arraylength {reexecute=0 rethrow=0 return_oop=0}
                      ; - java.lang.String::length@4 (line 1519)
                      ; - java.lang.String::lastIndexOf@3 (line 2535)
                      ; - jdk.internal.loader.BuiltinClassLoader::defineClass@8 (line 845)
  0x00000221802fdd88: f43a e0ff | 4c89 4c24 | 0848 8914 

  0x00000221802fdd94: ;   {runtime_call monitorenter_nofpu Runtime1 stub}
  0x00000221802fdd94: 24e8 e68f 

  0x00000221802fdd98: ; ImmutableOopMap {r9=Oop [144]=Oop [152]=Oop [160]=Oop [168]=Oop [232]=Oop }
                      ;*synchronization entry
                      ; - jdk.internal.loader.Resource::cachedInputStream@-1 (line 76)
                      ; - jdk.internal.loader.Resource::getByteBuffer@1 (line 163)
                      ; - jdk.internal.loader.BuiltinClassLoader::defineClass@45 (line 853)
  0x00000221802fdd98: e0ff e9d7 | fbff ff41 | 8b51 0c48 | 83fa 000f | 840c fcff | ff48 8914 

  0x00000221802fddb0: ;   {runtime_call g1_pre_barrier_slow}
  0x00000221802fddb0: 24e8 4abb | e0ff e9fe | fbff ff48 | 83f8 000f | 840f fcff | ff4c 890c 

  0x00000221802fddc8: ;   {runtime_call g1_post_barrier_slow}
  0x00000221802fddc8: 24e8 32be | e0ff e901 | fcff ff48 | 8d84 24e0 | 0000 0048 

  0x00000221802fdddc: ;   {runtime_call monitorexit_nofpu Runtime1 stub}
  0x00000221802fdddc: 8904 24e8 | 9c95 e0ff | e919 fcff | ff48 8914 

  0x00000221802fddec: ;   {runtime_call throw_class_cast_exception Runtime1 stub}
  0x00000221802fddec: 24e8 8e70 

  0x00000221802fddf0: ; ImmutableOopMap {[144]=Oop [152]=Oop [160]=Oop [168]=Oop }
                      ;*checkcast {reexecute=0 rethrow=0 return_oop=0}
                      ; - jdk.internal.loader.Resource::getByteBuffer@13 (line 165)
                      ; - jdk.internal.loader.BuiltinClassLoader::defineClass@45 (line 853)
  0x00000221802fddf0: e0ff 488b 

  0x00000221802fddf4: ;   {runtime_call fast_new_instance Runtime1 stub}
  0x00000221802fddf4: d2e8 0648 

  0x00000221802fddf8: ; ImmutableOopMap {r9=Oop [144]=Oop [160]=Oop [168]=Oop [184]=Oop }
                      ;*new {reexecute=0 rethrow=0 return_oop=0}
                      ; - jdk.internal.loader.BuiltinClassLoader::defineClass@61 (line 856)
  0x00000221802fddf8: e0ff e968 

  0x00000221802fddfc: ;   {internal_word}
  0x00000221802fddfc: fdff ff49 | badc db2f | 8021 0200 | 004d 8997 | 6004 0000 

  0x00000221802fde10: ;   {runtime_call SafepointBlob}
  0x00000221802fde10: e9eb 78d5 | ff48 8bd2 

  0x00000221802fde18: ;   {runtime_call fast_new_instance Runtime1 stub}
  0x00000221802fde18: e8e3 47e0 

  0x00000221802fde1c: ; ImmutableOopMap {r9=Oop [144]=Oop [160]=Oop [168]=Oop [200]=Oop }
                      ;*new {reexecute=0 rethrow=0 return_oop=0}
                      ; - jdk.internal.loader.BuiltinClassLoader::defineClass@95 (line 861)
  0x00000221802fde1c: ffe9 6dfe 

  0x00000221802fde20: ;   {runtime_call throw_null_pointer_exception Runtime1 stub}
  0x00000221802fde20: ffff e859 

  0x00000221802fde24: ; ImmutableOopMap {rax=Oop [144]=Oop [160]=Oop [200]=Oop [208]=Oop }
                      ;*arraylength {reexecute=0 rethrow=0 return_oop=0}
                      ; - jdk.internal.loader.BuiltinClassLoader::defineClass@114 (line 862)
                      ;   {internal_word}
  0x00000221802fde24: 3ae0 ff49 | ba24 dd2f | 8021 0200 | 004d 8997 | 6004 0000 

  0x00000221802fde38: ;   {runtime_call SafepointBlob}
  0x00000221802fde38: e9c3 78d5 | ff48 8d84 | 24e0 0000 | 0048 8904 

  0x00000221802fde48: ;   {runtime_call monitorexit_nofpu Runtime1 stub}
  0x00000221802fde48: 24e8 3295 | e0ff e927 | ffff ff49 | 8b87 f804 | 0000 49c7 | 87f8 0400 | 0000 0000 | 0049 c787 
  0x00000221802fde68: 0005 0000 | 0000 0000 | 4881 c400 | 0100 005d 

  0x00000221802fde78: ;   {runtime_call unwind_exception Runtime1 stub}
  0x00000221802fde78: e903 2be0 | fff4 f4f4 
[Stub Code]
  0x00000221802fde80: ;   {no_reloc}
  0x00000221802fde80: 0f1f 4400 

  0x00000221802fde84: ;   {static_stub}
  0x00000221802fde84: 0048 bb00 | 0000 0000 

  0x00000221802fde8c: ;   {runtime_call}
  0x00000221802fde8c: 0000 00e9 | fbff ffff 

  0x00000221802fde94: ;   {static_stub}
  0x00000221802fde94: 9048 bb00 | 0000 0000 

  0x00000221802fde9c: ;   {runtime_call}
  0x00000221802fde9c: 0000 00e9 | fbff ffff 

  0x00000221802fdea4: ;   {static_stub}
  0x00000221802fdea4: 9048 bb00 | 0000 0000 

  0x00000221802fdeac: ;   {runtime_call}
  0x00000221802fdeac: 0000 00e9 | fbff ffff 

  0x00000221802fdeb4: ;   {static_stub}
  0x00000221802fdeb4: 9048 bb00 | 0000 0000 

  0x00000221802fdebc: ;   {runtime_call}
  0x00000221802fdebc: 0000 00e9 | fbff ffff 

  0x00000221802fdec4: ;   {static_stub}
  0x00000221802fdec4: 9048 bb00 | 0000 0000 

  0x00000221802fdecc: ;   {runtime_call}
  0x00000221802fdecc: 0000 00e9 | fbff ffff 

  0x00000221802fded4: ;   {static_stub}
  0x00000221802fded4: 9048 bb00 | 0000 0000 

  0x00000221802fdedc: ;   {runtime_call}
  0x00000221802fdedc: 0000 00e9 | fbff ffff 

  0x00000221802fdee4: ;   {static_stub}
  0x00000221802fdee4: 9048 bb00 | 0000 0000 

  0x00000221802fdeec: ;   {runtime_call}
  0x00000221802fdeec: 0000 00e9 | fbff ffff 

  0x00000221802fdef4: ;   {static_stub}
  0x00000221802fdef4: 9048 bb00 | 0000 0000 

  0x00000221802fdefc: ;   {runtime_call}
  0x00000221802fdefc: 0000 00e9 | fbff ffff 

  0x00000221802fdf04: ;   {static_stub}
  0x00000221802fdf04: 48bb 4844 | 4787 2102 

  0x00000221802fdf0c: ;   {runtime_call I2C/C2I adapters}
  0x00000221802fdf0c: 0000 e958 

  0x00000221802fdf10: ;   {static_stub}
  0x00000221802fdf10: ced4 ff48 | bbe0 d204 | 8721 0200 

  0x00000221802fdf1c: ;   {runtime_call I2C/C2I adapters}
  0x00000221802fdf1c: 00e9 c562 

  0x00000221802fdf20: ;   {static_stub}
  0x00000221802fdf20: d5ff 48bb | 0000 0000 | 0000 0000 

  0x00000221802fdf2c: ;   {runtime_call}
  0x00000221802fdf2c: e9fb ffff 

  0x00000221802fdf30: ;   {static_stub}
  0x00000221802fdf30: ff48 bbf8 | af43 8721 

  0x00000221802fdf38: ;   {runtime_call I2C/C2I adapters}
  0x00000221802fdf38: 0200 00e9 | 3532 d4ff 

  0x00000221802fdf40: ;   {static_stub}
  0x00000221802fdf40: 48bb 0000 | 0000 0000 

  0x00000221802fdf48: ;   {runtime_call}
  0x00000221802fdf48: 0000 e9fb 

  0x00000221802fdf4c: ;   {static_stub}
  0x00000221802fdf4c: ffff ff48 | bb00 0000 | 0000 0000 

  0x00000221802fdf58: ;   {runtime_call}
  0x00000221802fdf58: 00e9 fbff 

  0x00000221802fdf5c: ;   {static_stub}
  0x00000221802fdf5c: ffff 48bb | 0000 0000 | 0000 0000 

  0x00000221802fdf68: ;   {runtime_call}
  0x00000221802fdf68: e9fb ffff 

  0x00000221802fdf6c: ;   {runtime_call handle_exception_from_callee Runtime1 stub}
  0x00000221802fdf6c: ffe8 0e69 

  0x00000221802fdf70: ;   {external_word}
  0x00000221802fdf70: e0ff 48b9 | a046 2670 | f97f 0000 | 4883 e4f0 

  0x00000221802fdf80: ;   {runtime_call}
  0x00000221802fdf80: 48b8 b028 | ee6f f97f | 0000 ffd0 

  0x00000221802fdf8c: ;   {section_word}
  0x00000221802fdf8c: f449 ba8d | df2f 8021 | 0200 0041 

  0x00000221802fdf98: ;   {runtime_call DeoptimizationBlob}
  0x00000221802fdf98: 52e9 026a | d5ff f4f4 
[/MachCode]


---------------  P R O C E S S  ---------------

Threads class SMR info:
_java_thread_list=0x00000221cca0dda0, length=14, elements={
0x00000221f394c720, 0x00000221ff7dbdd0, 0x00000221ff7dc6f0, 0x00000221ff7de610,
0x00000221ff7e0140, 0x00000221ff7e0ee0, 0x00000221ff7e1540, 0x00000221ff80d890,
0x00000221cc0e31d0, 0x00000221cc06ff70, 0x00000221cc070ba0, 0x00000221cc871810,
0x00000221cc871e70, 0x00000221cca1be40
}

Java Threads: ( => current thread )
  0x00000221f394c720 JavaThread "main"                              [_thread_blocked, id=27532, stack(0x000000a241e00000,0x000000a241f00000) (1024K)]
  0x00000221ff7dbdd0 JavaThread "Reference Handler"          daemon [_thread_blocked, id=39560, stack(0x000000a242600000,0x000000a242700000) (1024K)]
  0x00000221ff7dc6f0 JavaThread "Finalizer"                  daemon [_thread_blocked, id=31972, stack(0x000000a242700000,0x000000a242800000) (1024K)]
  0x00000221ff7de610 JavaThread "Signal Dispatcher"          daemon [_thread_blocked, id=20532, stack(0x000000a242800000,0x000000a242900000) (1024K)]
  0x00000221ff7e0140 JavaThread "Attach Listener"            daemon [_thread_blocked, id=4548, stack(0x000000a242900000,0x000000a242a00000) (1024K)]
  0x00000221ff7e0ee0 JavaThread "Service Thread"             daemon [_thread_blocked, id=15956, stack(0x000000a242a00000,0x000000a242b00000) (1024K)]
  0x00000221ff7e1540 JavaThread "Monitor Deflation Thread"   daemon [_thread_blocked, id=14796, stack(0x000000a242b00000,0x000000a242c00000) (1024K)]
  0x00000221ff80d890 JavaThread "C1 CompilerThread0"         daemon [_thread_blocked, id=36480, stack(0x000000a242c00000,0x000000a242d00000) (1024K)]
  0x00000221cc0e31d0 JavaThread "C1 CompilerThread1"         daemon [_thread_blocked, id=43616, stack(0x000000a242d00000,0x000000a242e00000) (1024K)]
  0x00000221cc06ff70 JavaThread "Notification Thread"        daemon [_thread_blocked, id=40444, stack(0x000000a242e00000,0x000000a242f00000) (1024K)]
  0x00000221cc070ba0 JavaThread "Common-Cleaner"             daemon [_thread_blocked, id=30264, stack(0x000000a242f00000,0x000000a243000000) (1024K)]
  0x00000221cc871810 JavaThread "Thread-0"                          [_thread_blocked, id=32448, stack(0x000000a243000000,0x000000a243100000) (1024K)]
  0x00000221cc871e70 JavaThread "restartedMain"                     [_thread_blocked, id=15820, stack(0x000000a243100000,0x000000a243200000) (1024K)]
=>0x00000221cca1be40 JavaThread "background-preinit"                [_thread_in_vm, id=46796, stack(0x000000a243700000,0x000000a243800000) (1024K)]
Total: 14

Other Threads:
  0x00000221ff7c43e0 VMThread "VM Thread"                           [id=21760, stack(0x000000a242500000,0x000000a242600000) (1024K)]
  0x00000221ff7b26a0 WatcherThread "VM Periodic Task Thread"        [id=33248, stack(0x000000a242400000,0x000000a242500000) (1024K)]
  0x00000221f5cd7ab0 WorkerThread "GC Thread#0"                     [id=7188, stack(0x000000a241f00000,0x000000a242000000) (1024K)]
  0x00000221cc89ffb0 WorkerThread "GC Thread#1"                     [id=47492, stack(0x000000a243200000,0x000000a243300000) (1024K)]
  0x00000221cc8a0350 WorkerThread "GC Thread#2"                     [id=11012, stack(0x000000a243300000,0x000000a243400000) (1024K)]
  0x00000221cc8a06f0 WorkerThread "GC Thread#3"                     [id=19724, stack(0x000000a243400000,0x000000a243500000) (1024K)]
  0x00000221cc8bc410 WorkerThread "GC Thread#4"                     [id=27676, stack(0x000000a243500000,0x000000a243600000) (1024K)]
  0x00000221cc8bc7b0 WorkerThread "GC Thread#5"                     [id=45116, stack(0x000000a243600000,0x000000a243700000) (1024K)]
  0x00000221f5ce7640 ConcurrentGCThread "G1 Main Marker"            [id=6640, stack(0x000000a242000000,0x000000a242100000) (1024K)]
  0x00000221f5ce88e0 WorkerThread "G1 Conc#0"                       [id=6644, stack(0x000000a242100000,0x000000a242200000) (1024K)]
  0x00000221ff67f960 ConcurrentGCThread "G1 Refine#0"               [id=47052, stack(0x000000a242200000,0x000000a242300000) (1024K)]
  0x00000221ff681150 ConcurrentGCThread "G1 Service"                [id=2592, stack(0x000000a242300000,0x000000a242400000) (1024K)]
Total: 12

Threads with active compile tasks:
Total: 0

VM state: not at safepoint (normal execution)

VM Mutex/Monitor currently owned by a thread:  ([mutex/lock_event])
[0x00007ff9704fbe18] Metaspace_lock - owner thread: 0x00000221cca1be40

OutOfMemory and StackOverflow Exception counts:
OutOfMemoryError java_heap_errors=1
LinkageErrors=46

Heap address: 0x000000008b000000, size: 1872 MB, Compressed Oops mode: 32-bit

CDS archive(s) mapped at: [0x0000022187000000-0x0000022187c90000-0x0000022187c90000), size 13172736, SharedBaseAddress: 0x0000022187000000, ArchiveRelocationMode: 1.
Compressed class space mapped at: 0x0000022188000000-0x00000221c8000000, reserved size: 1073741824
Narrow klass base: 0x0000022187000000, Narrow klass shift: 0, Narrow klass range: 0x100000000

GC Precious Log:
 CardTable entry size: 512
 Card Set container configuration: InlinePtr #cards 5 size 8 Array Of Cards #cards 12 size 40 Howl #buckets 4 coarsen threshold 1843 Howl Bitmap #cards 512 size 80 coarsen threshold 460 Card regions per heap region 1 cards per card region 2048
 CPUs: 12 total, 12 available
 Memory: 7487M
 Large Page Support: Disabled
 NUMA Support: Disabled
 Compressed Oops: Enabled (32-bit)
 Heap Region Size: 1M
 Heap Min Capacity: 8M
 Heap Initial Capacity: 118M
 Heap Max Capacity: 1872M
 Pre-touch: Disabled
 Parallel Workers: 10
 Concurrent Workers: 3
 Concurrent Refinement Workers: 10
 Periodic GC: Disabled

Heap:
 garbage-first heap   total 120832K, used 30099K [0x000000008b000000, 0x0000000100000000)
  region size 1024K, 27 young (27648K), 3 survivors (3072K)
 Metaspace       used 10816K, committed 11072K, reserved 1114112K
  class space    used 1403K, committed 1536K, reserved 1048576K

Heap Regions: E=young(eden), S=young(survivor), O=old, HS=humongous(starts), HC=humongous(continues), CS=collection set, F=free, TAMS=top-at-mark-start, PB=parsable bottom
|   0|0x000000008b000000, 0x000000008b100000, 0x000000008b100000|100%|HS|  |TAMS 0x000000008b000000| PB 0x000000008b000000| Complete 
|   1|0x000000008b100000, 0x000000008b200000, 0x000000008b200000|100%|HS|  |TAMS 0x000000008b100000| PB 0x000000008b100000| Complete 
|   2|0x000000008b200000, 0x000000008b300000, 0x000000008b300000|100%| O|  |TAMS 0x000000008b200000| PB 0x000000008b200000| Untracked 
|   3|0x000000008b300000, 0x000000008b400000, 0x000000008b400000|100%| O|  |TAMS 0x000000008b300000| PB 0x000000008b300000| Untracked 
|   4|0x000000008b400000, 0x000000008b464ff8, 0x000000008b500000| 39%| O|  |TAMS 0x000000008b400000| PB 0x000000008b400000| Untracked 
|   5|0x000000008b500000, 0x000000008b500000, 0x000000008b600000|  0%| F|  |TAMS 0x000000008b500000| PB 0x000000008b500000| Untracked 
|   6|0x000000008b600000, 0x000000008b600000, 0x000000008b700000|  0%| F|  |TAMS 0x000000008b600000| PB 0x000000008b600000| Untracked 
|   7|0x000000008b700000, 0x000000008b700000, 0x000000008b800000|  0%| F|  |TAMS 0x000000008b700000| PB 0x000000008b700000| Untracked 
|   8|0x000000008b800000, 0x000000008b800000, 0x000000008b900000|  0%| F|  |TAMS 0x000000008b800000| PB 0x000000008b800000| Untracked 
|   9|0x000000008b900000, 0x000000008b900000, 0x000000008ba00000|  0%| F|  |TAMS 0x000000008b900000| PB 0x000000008b900000| Untracked 
|  10|0x000000008ba00000, 0x000000008ba00000, 0x000000008bb00000|  0%| F|  |TAMS 0x000000008ba00000| PB 0x000000008ba00000| Untracked 
|  11|0x000000008bb00000, 0x000000008bb00000, 0x000000008bc00000|  0%| F|  |TAMS 0x000000008bb00000| PB 0x000000008bb00000| Untracked 
|  12|0x000000008bc00000, 0x000000008bc00000, 0x000000008bd00000|  0%| F|  |TAMS 0x000000008bc00000| PB 0x000000008bc00000| Untracked 
|  13|0x000000008bd00000, 0x000000008bd00000, 0x000000008be00000|  0%| F|  |TAMS 0x000000008bd00000| PB 0x000000008bd00000| Untracked 
|  14|0x000000008be00000, 0x000000008be00000, 0x000000008bf00000|  0%| F|  |TAMS 0x000000008be00000| PB 0x000000008be00000| Untracked 
|  15|0x000000008bf00000, 0x000000008bf00000, 0x000000008c000000|  0%| F|  |TAMS 0x000000008bf00000| PB 0x000000008bf00000| Untracked 
|  16|0x000000008c000000, 0x000000008c000000, 0x000000008c100000|  0%| F|  |TAMS 0x000000008c000000| PB 0x000000008c000000| Untracked 
|  17|0x000000008c100000, 0x000000008c100000, 0x000000008c200000|  0%| F|  |TAMS 0x000000008c100000| PB 0x000000008c100000| Untracked 
|  18|0x000000008c200000, 0x000000008c200000, 0x000000008c300000|  0%| F|  |TAMS 0x000000008c200000| PB 0x000000008c200000| Untracked 
|  19|0x000000008c300000, 0x000000008c300000, 0x000000008c400000|  0%| F|  |TAMS 0x000000008c300000| PB 0x000000008c300000| Untracked 
|  20|0x000000008c400000, 0x000000008c400000, 0x000000008c500000|  0%| F|  |TAMS 0x000000008c400000| PB 0x000000008c400000| Untracked 
|  21|0x000000008c500000, 0x000000008c500000, 0x000000008c600000|  0%| F|  |TAMS 0x000000008c500000| PB 0x000000008c500000| Untracked 
|  22|0x000000008c600000, 0x000000008c600000, 0x000000008c700000|  0%| F|  |TAMS 0x000000008c600000| PB 0x000000008c600000| Untracked 
|  23|0x000000008c700000, 0x000000008c700000, 0x000000008c800000|  0%| F|  |TAMS 0x000000008c700000| PB 0x000000008c700000| Untracked 
|  24|0x000000008c800000, 0x000000008c800000, 0x000000008c900000|  0%| F|  |TAMS 0x000000008c800000| PB 0x000000008c800000| Untracked 
|  25|0x000000008c900000, 0x000000008c900000, 0x000000008ca00000|  0%| F|  |TAMS 0x000000008c900000| PB 0x000000008c900000| Untracked 
|  26|0x000000008ca00000, 0x000000008ca00000, 0x000000008cb00000|  0%| F|  |TAMS 0x000000008ca00000| PB 0x000000008ca00000| Untracked 
|  27|0x000000008cb00000, 0x000000008cb00000, 0x000000008cc00000|  0%| F|  |TAMS 0x000000008cb00000| PB 0x000000008cb00000| Untracked 
|  28|0x000000008cc00000, 0x000000008cc00000, 0x000000008cd00000|  0%| F|  |TAMS 0x000000008cc00000| PB 0x000000008cc00000| Untracked 
|  29|0x000000008cd00000, 0x000000008cd00000, 0x000000008ce00000|  0%| F|  |TAMS 0x000000008cd00000| PB 0x000000008cd00000| Untracked 
|  30|0x000000008ce00000, 0x000000008ce00000, 0x000000008cf00000|  0%| F|  |TAMS 0x000000008ce00000| PB 0x000000008ce00000| Untracked 
|  31|0x000000008cf00000, 0x000000008cf00000, 0x000000008d000000|  0%| F|  |TAMS 0x000000008cf00000| PB 0x000000008cf00000| Untracked 
|  32|0x000000008d000000, 0x000000008d000000, 0x000000008d100000|  0%| F|  |TAMS 0x000000008d000000| PB 0x000000008d000000| Untracked 
|  33|0x000000008d100000, 0x000000008d100000, 0x000000008d200000|  0%| F|  |TAMS 0x000000008d100000| PB 0x000000008d100000| Untracked 
|  34|0x000000008d200000, 0x000000008d200000, 0x000000008d300000|  0%| F|  |TAMS 0x000000008d200000| PB 0x000000008d200000| Untracked 
|  35|0x000000008d300000, 0x000000008d300000, 0x000000008d400000|  0%| F|  |TAMS 0x000000008d300000| PB 0x000000008d300000| Untracked 
|  36|0x000000008d400000, 0x000000008d400000, 0x000000008d500000|  0%| F|  |TAMS 0x000000008d400000| PB 0x000000008d400000| Untracked 
|  37|0x000000008d500000, 0x000000008d500000, 0x000000008d600000|  0%| F|  |TAMS 0x000000008d500000| PB 0x000000008d500000| Untracked 
|  38|0x000000008d600000, 0x000000008d600000, 0x000000008d700000|  0%| F|  |TAMS 0x000000008d600000| PB 0x000000008d600000| Untracked 
|  39|0x000000008d700000, 0x000000008d700000, 0x000000008d800000|  0%| F|  |TAMS 0x000000008d700000| PB 0x000000008d700000| Untracked 
|  40|0x000000008d800000, 0x000000008d800000, 0x000000008d900000|  0%| F|  |TAMS 0x000000008d800000| PB 0x000000008d800000| Untracked 
|  41|0x000000008d900000, 0x000000008d900000, 0x000000008da00000|  0%| F|  |TAMS 0x000000008d900000| PB 0x000000008d900000| Untracked 
|  42|0x000000008da00000, 0x000000008da00000, 0x000000008db00000|  0%| F|  |TAMS 0x000000008da00000| PB 0x000000008da00000| Untracked 
|  43|0x000000008db00000, 0x000000008db00000, 0x000000008dc00000|  0%| F|  |TAMS 0x000000008db00000| PB 0x000000008db00000| Untracked 
|  44|0x000000008dc00000, 0x000000008dc00000, 0x000000008dd00000|  0%| F|  |TAMS 0x000000008dc00000| PB 0x000000008dc00000| Untracked 
|  45|0x000000008dd00000, 0x000000008dd00000, 0x000000008de00000|  0%| F|  |TAMS 0x000000008dd00000| PB 0x000000008dd00000| Untracked 
|  46|0x000000008de00000, 0x000000008de00000, 0x000000008df00000|  0%| F|  |TAMS 0x000000008de00000| PB 0x000000008de00000| Untracked 
|  47|0x000000008df00000, 0x000000008df00000, 0x000000008e000000|  0%| F|  |TAMS 0x000000008df00000| PB 0x000000008df00000| Untracked 
|  48|0x000000008e000000, 0x000000008e000000, 0x000000008e100000|  0%| F|  |TAMS 0x000000008e000000| PB 0x000000008e000000| Untracked 
|  49|0x000000008e100000, 0x000000008e100000, 0x000000008e200000|  0%| F|  |TAMS 0x000000008e100000| PB 0x000000008e100000| Untracked 
|  50|0x000000008e200000, 0x000000008e200000, 0x000000008e300000|  0%| F|  |TAMS 0x000000008e200000| PB 0x000000008e200000| Untracked 
|  51|0x000000008e300000, 0x000000008e300000, 0x000000008e400000|  0%| F|  |TAMS 0x000000008e300000| PB 0x000000008e300000| Untracked 
|  52|0x000000008e400000, 0x000000008e400000, 0x000000008e500000|  0%| F|  |TAMS 0x000000008e400000| PB 0x000000008e400000| Untracked 
|  53|0x000000008e500000, 0x000000008e500000, 0x000000008e600000|  0%| F|  |TAMS 0x000000008e500000| PB 0x000000008e500000| Untracked 
|  54|0x000000008e600000, 0x000000008e600000, 0x000000008e700000|  0%| F|  |TAMS 0x000000008e600000| PB 0x000000008e600000| Untracked 
|  55|0x000000008e700000, 0x000000008e700000, 0x000000008e800000|  0%| F|  |TAMS 0x000000008e700000| PB 0x000000008e700000| Untracked 
|  56|0x000000008e800000, 0x000000008e800000, 0x000000008e900000|  0%| F|  |TAMS 0x000000008e800000| PB 0x000000008e800000| Untracked 
|  57|0x000000008e900000, 0x000000008e900000, 0x000000008ea00000|  0%| F|  |TAMS 0x000000008e900000| PB 0x000000008e900000| Untracked 
|  58|0x000000008ea00000, 0x000000008ea00000, 0x000000008eb00000|  0%| F|  |TAMS 0x000000008ea00000| PB 0x000000008ea00000| Untracked 
|  59|0x000000008eb00000, 0x000000008eb00000, 0x000000008ec00000|  0%| F|  |TAMS 0x000000008eb00000| PB 0x000000008eb00000| Untracked 
|  60|0x000000008ec00000, 0x000000008ec00000, 0x000000008ed00000|  0%| F|  |TAMS 0x000000008ec00000| PB 0x000000008ec00000| Untracked 
|  61|0x000000008ed00000, 0x000000008ed00000, 0x000000008ee00000|  0%| F|  |TAMS 0x000000008ed00000| PB 0x000000008ed00000| Untracked 
|  62|0x000000008ee00000, 0x000000008ee00000, 0x000000008ef00000|  0%| F|  |TAMS 0x000000008ee00000| PB 0x000000008ee00000| Untracked 
|  63|0x000000008ef00000, 0x000000008ef00000, 0x000000008f000000|  0%| F|  |TAMS 0x000000008ef00000| PB 0x000000008ef00000| Untracked 
|  64|0x000000008f000000, 0x000000008f000000, 0x000000008f100000|  0%| F|  |TAMS 0x000000008f000000| PB 0x000000008f000000| Untracked 
|  65|0x000000008f100000, 0x000000008f100000, 0x000000008f200000|  0%| F|  |TAMS 0x000000008f100000| PB 0x000000008f100000| Untracked 
|  66|0x000000008f200000, 0x000000008f200000, 0x000000008f300000|  0%| F|  |TAMS 0x000000008f200000| PB 0x000000008f200000| Untracked 
|  67|0x000000008f300000, 0x000000008f300000, 0x000000008f400000|  0%| F|  |TAMS 0x000000008f300000| PB 0x000000008f300000| Untracked 
|  68|0x000000008f400000, 0x000000008f400000, 0x000000008f500000|  0%| F|  |TAMS 0x000000008f400000| PB 0x000000008f400000| Untracked 
|  69|0x000000008f500000, 0x000000008f500000, 0x000000008f600000|  0%| F|  |TAMS 0x000000008f500000| PB 0x000000008f500000| Untracked 
|  70|0x000000008f600000, 0x000000008f600000, 0x000000008f700000|  0%| F|  |TAMS 0x000000008f600000| PB 0x000000008f600000| Untracked 
|  71|0x000000008f700000, 0x000000008f700000, 0x000000008f800000|  0%| F|  |TAMS 0x000000008f700000| PB 0x000000008f700000| Untracked 
|  72|0x000000008f800000, 0x000000008f800000, 0x000000008f900000|  0%| F|  |TAMS 0x000000008f800000| PB 0x000000008f800000| Untracked 
|  73|0x000000008f900000, 0x000000008f900000, 0x000000008fa00000|  0%| F|  |TAMS 0x000000008f900000| PB 0x000000008f900000| Untracked 
|  74|0x000000008fa00000, 0x000000008fa00000, 0x000000008fb00000|  0%| F|  |TAMS 0x000000008fa00000| PB 0x000000008fa00000| Untracked 
|  75|0x000000008fb00000, 0x000000008fb00000, 0x000000008fc00000|  0%| F|  |TAMS 0x000000008fb00000| PB 0x000000008fb00000| Untracked 
|  76|0x000000008fc00000, 0x000000008fc00000, 0x000000008fd00000|  0%| F|  |TAMS 0x000000008fc00000| PB 0x000000008fc00000| Untracked 
|  77|0x000000008fd00000, 0x000000008fd00000, 0x000000008fe00000|  0%| F|  |TAMS 0x000000008fd00000| PB 0x000000008fd00000| Untracked 
|  78|0x000000008fe00000, 0x000000008fe00000, 0x000000008ff00000|  0%| F|  |TAMS 0x000000008fe00000| PB 0x000000008fe00000| Untracked 
|  79|0x000000008ff00000, 0x000000008ff00000, 0x0000000090000000|  0%| F|  |TAMS 0x000000008ff00000| PB 0x000000008ff00000| Untracked 
|  80|0x0000000090000000, 0x0000000090000000, 0x0000000090100000|  0%| F|  |TAMS 0x0000000090000000| PB 0x0000000090000000| Untracked 
|  81|0x0000000090100000, 0x0000000090100000, 0x0000000090200000|  0%| F|  |TAMS 0x0000000090100000| PB 0x0000000090100000| Untracked 
|  82|0x0000000090200000, 0x0000000090200000, 0x0000000090300000|  0%| F|  |TAMS 0x0000000090200000| PB 0x0000000090200000| Untracked 
|  83|0x0000000090300000, 0x0000000090300000, 0x0000000090400000|  0%| F|  |TAMS 0x0000000090300000| PB 0x0000000090300000| Untracked 
|  84|0x0000000090400000, 0x0000000090400000, 0x0000000090500000|  0%| F|  |TAMS 0x0000000090400000| PB 0x0000000090400000| Untracked 
|  85|0x0000000090500000, 0x0000000090500000, 0x0000000090600000|  0%| F|  |TAMS 0x0000000090500000| PB 0x0000000090500000| Untracked 
|  86|0x0000000090600000, 0x0000000090600000, 0x0000000090700000|  0%| F|  |TAMS 0x0000000090600000| PB 0x0000000090600000| Untracked 
|  87|0x0000000090700000, 0x0000000090700000, 0x0000000090800000|  0%| F|  |TAMS 0x0000000090700000| PB 0x0000000090700000| Untracked 
|  88|0x0000000090800000, 0x0000000090800000, 0x0000000090900000|  0%| F|  |TAMS 0x0000000090800000| PB 0x0000000090800000| Untracked 
|  89|0x0000000090900000, 0x0000000090900000, 0x0000000090a00000|  0%| F|  |TAMS 0x0000000090900000| PB 0x0000000090900000| Untracked 
|  90|0x0000000090a00000, 0x0000000090a00000, 0x0000000090b00000|  0%| F|  |TAMS 0x0000000090a00000| PB 0x0000000090a00000| Untracked 
|  91|0x0000000090b00000, 0x0000000090b817e8, 0x0000000090c00000| 50%| E|  |TAMS 0x0000000090b00000| PB 0x0000000090b00000| Complete 
|  92|0x0000000090c00000, 0x0000000090d00000, 0x0000000090d00000|100%| S|CS|TAMS 0x0000000090c00000| PB 0x0000000090c00000| Complete 
|  93|0x0000000090d00000, 0x0000000090e00000, 0x0000000090e00000|100%| S|CS|TAMS 0x0000000090d00000| PB 0x0000000090d00000| Complete 
|  94|0x0000000090e00000, 0x0000000090f00000, 0x0000000090f00000|100%| S|CS|TAMS 0x0000000090e00000| PB 0x0000000090e00000| Complete 
|  95|0x0000000090f00000, 0x0000000091000000, 0x0000000091000000|100%| E|CS|TAMS 0x0000000090f00000| PB 0x0000000090f00000| Complete 
|  96|0x0000000091000000, 0x0000000091100000, 0x0000000091100000|100%| E|CS|TAMS 0x0000000091000000| PB 0x0000000091000000| Complete 
|  97|0x0000000091100000, 0x0000000091200000, 0x0000000091200000|100%| E|  |TAMS 0x0000000091100000| PB 0x0000000091100000| Complete 
|  98|0x0000000091200000, 0x0000000091300000, 0x0000000091300000|100%| E|CS|TAMS 0x0000000091200000| PB 0x0000000091200000| Complete 
|  99|0x0000000091300000, 0x0000000091400000, 0x0000000091400000|100%| E|CS|TAMS 0x0000000091300000| PB 0x0000000091300000| Complete 
| 100|0x0000000091400000, 0x0000000091500000, 0x0000000091500000|100%| E|CS|TAMS 0x0000000091400000| PB 0x0000000091400000| Complete 
| 101|0x0000000091500000, 0x0000000091600000, 0x0000000091600000|100%| E|CS|TAMS 0x0000000091500000| PB 0x0000000091500000| Complete 
| 102|0x0000000091600000, 0x0000000091700000, 0x0000000091700000|100%| E|CS|TAMS 0x0000000091600000| PB 0x0000000091600000| Complete 
| 103|0x0000000091700000, 0x0000000091800000, 0x0000000091800000|100%| E|CS|TAMS 0x0000000091700000| PB 0x0000000091700000| Complete 
| 104|0x0000000091800000, 0x0000000091900000, 0x0000000091900000|100%| E|CS|TAMS 0x0000000091800000| PB 0x0000000091800000| Complete 
| 105|0x0000000091900000, 0x0000000091a00000, 0x0000000091a00000|100%| E|CS|TAMS 0x0000000091900000| PB 0x0000000091900000| Complete 
| 106|0x0000000091a00000, 0x0000000091b00000, 0x0000000091b00000|100%| E|CS|TAMS 0x0000000091a00000| PB 0x0000000091a00000| Complete 
| 107|0x0000000091b00000, 0x0000000091c00000, 0x0000000091c00000|100%| E|CS|TAMS 0x0000000091b00000| PB 0x0000000091b00000| Complete 
| 108|0x0000000091c00000, 0x0000000091d00000, 0x0000000091d00000|100%| E|CS|TAMS 0x0000000091c00000| PB 0x0000000091c00000| Complete 
| 109|0x0000000091d00000, 0x0000000091e00000, 0x0000000091e00000|100%| E|CS|TAMS 0x0000000091d00000| PB 0x0000000091d00000| Complete 
| 110|0x0000000091e00000, 0x0000000091f00000, 0x0000000091f00000|100%| E|CS|TAMS 0x0000000091e00000| PB 0x0000000091e00000| Complete 
| 111|0x0000000091f00000, 0x0000000092000000, 0x0000000092000000|100%| E|CS|TAMS 0x0000000091f00000| PB 0x0000000091f00000| Complete 
| 112|0x0000000092000000, 0x0000000092100000, 0x0000000092100000|100%| E|CS|TAMS 0x0000000092000000| PB 0x0000000092000000| Complete 
| 113|0x0000000092100000, 0x0000000092200000, 0x0000000092200000|100%| E|CS|TAMS 0x0000000092100000| PB 0x0000000092100000| Complete 
| 114|0x0000000092200000, 0x0000000092300000, 0x0000000092300000|100%| E|CS|TAMS 0x0000000092200000| PB 0x0000000092200000| Complete 
| 115|0x0000000092300000, 0x0000000092400000, 0x0000000092400000|100%| E|CS|TAMS 0x0000000092300000| PB 0x0000000092300000| Complete 
| 116|0x0000000092400000, 0x0000000092500000, 0x0000000092500000|100%| E|CS|TAMS 0x0000000092400000| PB 0x0000000092400000| Complete 
| 117|0x0000000092500000, 0x0000000092600000, 0x0000000092600000|100%| E|CS|TAMS 0x0000000092500000| PB 0x0000000092500000| Complete 

Card table byte_map: [0x00000221fe7e0000,0x00000221feb90000] _byte_map_base: 0x00000221fe388000

Marking Bits: (CMBitMap*) 0x00000221f5cd81b0
 Bits: [0x0000022183000000, 0x0000022184d40000)

Polling page: 0x00000221f3bd0000

Metaspace:

Usage:
  Non-class:      9.19 MB used.
      Class:      1.37 MB used.
       Both:     10.56 MB used.

Virtual space:
  Non-class space:       64.00 MB reserved,       9.31 MB ( 15%) committed,  1 nodes.
      Class space:        1.00 GB reserved,       1.50 MB ( <1%) committed,  1 nodes.
             Both:        1.06 GB reserved,      10.81 MB ( <1%) committed. 

Chunk freelists:
   Non-Class:  5.56 MB
       Class:  14.42 MB
        Both:  19.98 MB

MaxMetaspaceSize: unlimited
CompressedClassSpaceSize: 1.00 GB
Initial GC threshold: 21.00 MB
Current GC threshold: 21.00 MB
CDS: on
 - commit_granule_bytes: 65536.
 - commit_granule_words: 8192.
 - virtual_space_node_default_size: 8388608.
 - enlarge_chunks_in_place: 1.
 - use_allocation_guard: 0.


Internal statistics:

num_allocs_failed_limit: 0.
num_arena_births: 292.
num_arena_deaths: 0.
num_vsnodes_births: 2.
num_vsnodes_deaths: 0.
num_space_committed: 173.
num_space_uncommitted: 0.
num_chunks_returned_to_freelist: 0.
num_chunks_taken_from_freelist: 712.
num_chunk_merges: 0.
num_chunk_splits: 434.
num_chunks_enlarged: 264.
num_inconsistent_stats: 0.

CodeCache: size=49152Kb used=4576Kb max_used=4576Kb free=44575Kb
 bounds [0x0000022180000000, 0x0000022180480000, 0x0000022183000000]
 total_blobs=2348 nmethods=1860 adapters=411
 compilation: enabled
              stopped_count=0, restarted_count=0
 full_count=0

Compilation events (20 events):
Event: 1.243 Thread 0x00000221ff80d890 nmethod 1851 0x0000022180471810 code [0x00000221804719a0, 0x0000022180471a78]
Event: 1.243 Thread 0x00000221ff80d890 1853       1       sun.util.locale.BaseLocale::equals (71 bytes)
Event: 1.243 Thread 0x00000221cc0e31d0 nmethod 1852 0x0000022180471b10 code [0x0000022180471d00, 0x0000022180472030]
Event: 1.243 Thread 0x00000221cc0e31d0 1854       1       java.util.Locale::stripExtensions (20 bytes)
Event: 1.243 Thread 0x00000221ff80d890 nmethod 1853 0x0000022180472190 code [0x0000022180472340, 0x0000022180472548]
Event: 1.244 Thread 0x00000221ff80d890 1816       1       sun.util.locale.ParseStatus::reset (16 bytes)
Event: 1.244 Thread 0x00000221cc0e31d0 nmethod 1854 0x0000022180472610 code [0x00000221804727c0, 0x00000221804728f8]
Event: 1.244 Thread 0x00000221ff80d890 nmethod 1816 0x0000022180472990 code [0x0000022180472b20, 0x0000022180472c20]
Event: 1.244 Thread 0x00000221ff80d890 1855       1       java.util.regex.Pattern$Node::<init> (12 bytes)
Event: 1.244 Thread 0x00000221ff80d890 nmethod 1855 0x0000022180472c90 code [0x0000022180472e20, 0x0000022180472f48]
Event: 1.247 Thread 0x00000221cc0e31d0 1856       1       java.security.AccessController::executePrivileged (65 bytes)
Event: 1.247 Thread 0x00000221cc0e31d0 nmethod 1856 0x0000022180472f90 code [0x0000022180473140, 0x0000022180473250]
Event: 1.247 Thread 0x00000221cc0e31d0 1857       1       java.util.stream.FindOps$FindSink::cancellationRequested (5 bytes)
Event: 1.248 Thread 0x00000221cc0e31d0 nmethod 1857 0x0000022180473310 code [0x00000221804734a0, 0x0000022180473570]
Event: 1.270 Thread 0x00000221cc0e31d0 1858       1       java.lang.Character::isJavaIdentifierPart (9 bytes)
Event: 1.270 Thread 0x00000221ff80d890 1859       1       java.lang.CharacterDataLatin1::isJavaIdentifierPart (20 bytes)
Event: 1.270 Thread 0x00000221cc0e31d0 nmethod 1858 0x0000022180475c10 code [0x0000022180475dc0, 0x0000022180475ec0]
Event: 1.271 Thread 0x00000221ff80d890 nmethod 1859 0x0000022180475f90 code [0x0000022180476120, 0x0000022180476238]
Event: 1.271 Thread 0x00000221cc0e31d0 1860       1       java.lang.Character::isJavaIdentifierPart (5 bytes)
Event: 1.271 Thread 0x00000221cc0e31d0 nmethod 1860 0x0000022180476310 code [0x00000221804764c0, 0x00000221804765c8]

GC Heap History (2 events):
Event: 0.780 GC heap before
{Heap before GC invocations=0 (full 0):
 garbage-first heap   total 120832K, used 24576K [0x000000008b000000, 0x0000000100000000)
  region size 1024K, 23 young (23552K), 0 survivors (0K)
 Metaspace       used 5470K, committed 5696K, reserved 1114112K
  class space    used 702K, committed 832K, reserved 1048576K
}
Event: 0.784 GC heap after
{Heap after GC invocations=1 (full 0):
 garbage-first heap   total 120832K, used 7571K [0x000000008b000000, 0x0000000100000000)
  region size 1024K, 3 young (3072K), 3 survivors (3072K)
 Metaspace       used 5470K, committed 5696K, reserved 1114112K
  class space    used 702K, committed 832K, reserved 1048576K
}

Dll operation events (7 events):
Event: 0.011 Loaded shared library C:\Program Files\Java\jdk-21\bin\java.dll
Event: 0.169 Loaded shared library C:\Program Files\Java\jdk-21\bin\net.dll
Event: 0.172 Loaded shared library C:\Program Files\Java\jdk-21\bin\nio.dll
Event: 0.177 Loaded shared library C:\Program Files\Java\jdk-21\bin\zip.dll
Event: 0.250 Loaded shared library C:\Program Files\Java\jdk-21\bin\jimage.dll
Event: 0.596 Loaded shared library C:\Program Files\Java\jdk-21\bin\management.dll
Event: 0.599 Loaded shared library C:\Program Files\Java\jdk-21\bin\management_ext.dll

Deoptimization events (0 events):
No events

Classes loaded (20 events):
Event: 1.210 Loading class java/io/ObjectStreamException done
Event: 1.210 Loading class java/io/InvalidObjectException done
Event: 1.212 Loading class java/util/concurrent/ConcurrentLinkedQueue
Event: 1.212 Loading class java/util/concurrent/ConcurrentLinkedQueue done
Event: 1.212 Loading class java/util/concurrent/ConcurrentLinkedQueue$Node
Event: 1.212 Loading class java/util/concurrent/ConcurrentLinkedQueue$Node done
Event: 1.214 Loading class java/util/concurrent/atomic/AtomicLongArray
Event: 1.215 Loading class java/util/concurrent/atomic/AtomicLongArray done
Event: 1.215 Loading class java/lang/invoke/VarHandleLongs$Array
Event: 1.215 Loading class java/lang/invoke/VarHandleLongs$Array done
Event: 1.215 Loading class java/util/concurrent/atomic/AtomicReferenceArray
Event: 1.215 Loading class java/util/concurrent/atomic/AtomicReferenceArray done
Event: 1.215 Loading class java/lang/invoke/VarHandleReferences$Array
Event: 1.216 Loading class java/lang/invoke/VarHandleReferences$Array done
Event: 1.245 Loading class sun/text/resources/cldr/FormatData_en
Event: 1.245 Loading class sun/text/resources/cldr/FormatData_en done
Event: 1.246 Loading class sun/text/resources/cldr/FormatData_en_US
Event: 1.246 Loading class sun/text/resources/cldr/FormatData_en_US done
Event: 1.256 Loading class java/io/CharArrayReader
Event: 1.256 Loading class java/io/CharArrayReader done

Classes unloaded (0 events):
No events

Classes redefined (0 events):
No events

Internal exceptions (20 events):
Event: 0.934 Thread 0x00000221cc871e70 Exception <a 'java/lang/NoSuchMethodError'{0x00000000920d2b68}: 'int java.lang.invoke.DirectMethodHandle$Holder.invokeInterface(java.lang.Object, java.lang.Object)'> (0x00000000920d2b68) 
thrown [s\open\src\hotspot\share\interpreter\linkResolver.cpp, line 773]
Event: 0.937 Thread 0x00000221cc871e70 Exception <a 'java/lang/NoSuchMethodError'{0x00000000920f4c80}: 'void java.lang.invoke.DirectMethodHandle$Holder.invokeSpecial(java.lang.Object, java.lang.Object, java.lang.Object, java.lang.Object, java.lang.Object)'> (0x00000000920f4c80) 
thrown [s\open\src\hotspot\share\interpreter\linkResolver.cpp, line 773]
Event: 0.970 Thread 0x00000221cc871e70 Exception <a 'java/lang/NoSuchMethodError'{0x0000000091fda250}: 'java.lang.Object java.lang.invoke.DirectMethodHandle$Holder.invokeSpecial(java.lang.Object, java.lang.Object, java.lang.Object, int, java.lang.Object)'> (0x0000000091fda250) 
thrown [s\open\src\hotspot\share\interpreter\linkResolver.cpp, line 773]
Event: 0.971 Thread 0x00000221cc871e70 Exception <a 'java/lang/NoSuchMethodError'{0x0000000091fe1b60}: 'java.lang.Object java.lang.invoke.DirectMethodHandle$Holder.newInvokeSpecial(java.lang.Object, java.lang.Object, java.lang.Object, int, java.lang.Object)'> (0x0000000091fe1b60) 
thrown [s\open\src\hotspot\share\interpreter\linkResolver.cpp, line 773]
Event: 0.972 Thread 0x00000221cc871e70 Exception <a 'java/lang/NoSuchMethodError'{0x0000000091fe9038}: 'java.lang.Object java.lang.invoke.Invokers$Holder.linkToTargetMethod(java.lang.Object, java.lang.Object, int, java.lang.Object, java.lang.Object)'> (0x0000000091fe9038) 
thrown [s\open\src\hotspot\share\interpreter\linkResolver.cpp, line 773]
Event: 0.973 Thread 0x00000221cc871e70 Exception <a 'java/lang/NoSuchMethodError'{0x0000000091ff7608}: 'java.lang.Object java.lang.invoke.DirectMethodHandle$Holder.newInvokeSpecial(java.lang.Object, int, java.lang.Object)'> (0x0000000091ff7608) 
thrown [s\open\src\hotspot\share\interpreter\linkResolver.cpp, line 773]
Event: 0.973 Thread 0x00000221cc871e70 Exception <a 'java/lang/NoSuchMethodError'{0x0000000091ffbfc8}: 'int java.lang.invoke.DirectMethodHandle$Holder.invokeSpecialIFC(java.lang.Object, java.lang.Object, java.lang.Object, java.lang.Object)'> (0x0000000091ffbfc8) 
thrown [s\open\src\hotspot\share\interpreter\linkResolver.cpp, line 773]
Event: 0.989 Thread 0x00000221cc871e70 Exception <a 'java/lang/NoSuchMethodError'{0x0000000091ef5540}: 'void java.lang.invoke.DirectMethodHandle$Holder.invokeInterface(java.lang.Object, java.lang.Object, java.lang.Object)'> (0x0000000091ef5540) 
thrown [s\open\src\hotspot\share\interpreter\linkResolver.cpp, line 773]
Event: 1.007 Thread 0x00000221cc871e70 Exception <a 'java/lang/NoSuchMethodError'{0x0000000091d9df88}: 'void java.lang.invoke.DirectMethodHandle$Holder.invokeStaticInit(java.lang.Object, java.lang.Object, java.lang.Object)'> (0x0000000091d9df88) 
thrown [s\open\src\hotspot\share\interpreter\linkResolver.cpp, line 773]
Event: 1.010 Thread 0x00000221cc871e70 Exception <a 'java/lang/NoSuchMethodError'{0x0000000091de7b50}: 'java.lang.Object java.lang.invoke.DirectMethodHandle$Holder.invokeVirtual(java.lang.Object, java.lang.Object, java.lang.Object)'> (0x0000000091de7b50) 
thrown [s\open\src\hotspot\share\interpreter\linkResolver.cpp, line 773]
Event: 1.031 Thread 0x00000221cc871e70 Exception <a 'java/lang/NoSuchMethodError'{0x0000000091c7b1b8}: 'void java.lang.invoke.DirectMethodHandle$Holder.invokeVirtual(java.lang.Object, java.lang.Object, java.lang.Object, java.lang.Object)'> (0x0000000091c7b1b8) 
thrown [s\open\src\hotspot\share\interpreter\linkResolver.cpp, line 773]
Event: 1.088 Thread 0x00000221cca1be40 Exception <a 'java/lang/NoClassDefFoundError'{0x0000000091a55a48}: jakarta/validation/Validation> (0x0000000091a55a48) 
thrown [s\open\src\hotspot\share\classfile\systemDictionary.cpp, line 301]
Event: 1.089 Thread 0x00000221cc871e70 Exception <a 'java/lang/NoSuchMethodError'{0x0000000091a6dff0}: 'java.lang.reflect.Field[] java.lang.Class.getDeclaredFields(java.lang.Class)'> (0x0000000091a6dff0) 
thrown [s\open\src\hotspot\share\interpreter\linkResolver.cpp, line 773]
Event: 1.091 Thread 0x00000221cc871e70 Exception <a 'java/lang/NoSuchMethodError'{0x0000000091a72950}: 'java.lang.Object java.lang.invoke.DirectMethodHandle$Holder.invokeStatic(java.lang.Object, java.lang.Object, int)'> (0x0000000091a72950) 
thrown [s\open\src\hotspot\share\interpreter\linkResolver.cpp, line 773]
Event: 1.092 Thread 0x00000221cc871e70 Exception <a 'java/lang/NoSuchMethodError'{0x0000000091a7db00}: 'void java.lang.invoke.DelegatingMethodHandle$Holder.delegate(java.lang.Object, java.lang.Object, int, java.lang.Object)'> (0x0000000091a7db00) 
thrown [s\open\src\hotspot\share\interpreter\linkResolver.cpp, line 773]
Event: 1.109 Thread 0x00000221cc871e70 Exception <a 'java/lang/IncompatibleClassChangeError'{0x0000000091802d20}: Found class java.lang.Object, but interface was expected> (0x0000000091802d20) 
thrown [s\open\src\hotspot\share\interpreter\linkResolver.cpp, line 840]
Event: 1.114 Thread 0x00000221cc871e70 Exception <a 'java/lang/NoSuchMethodError'{0x000000009181bc18}: 'java.lang.Object java.lang.invoke.DirectMethodHandle$Holder.invokeStaticInit(java.lang.Object, int)'> (0x000000009181bc18) 
thrown [s\open\src\hotspot\share\interpreter\linkResolver.cpp, line 773]
Event: 1.116 Thread 0x00000221cc871e70 Exception <a 'java/lang/NoSuchMethodError'{0x0000000091825cc0}: 'java.lang.Object java.lang.invoke.DirectMethodHandle$Holder.invokeStatic(java.lang.Object, int, java.lang.Object)'> (0x0000000091825cc0) 
thrown [s\open\src\hotspot\share\interpreter\linkResolver.cpp, line 773]
Event: 1.116 Thread 0x00000221cc871e70 Exception <a 'java/lang/NoSuchMethodError'{0x0000000091829320}: 'java.lang.Object java.lang.invoke.DirectMethodHandle$Holder.invokeStaticInit(java.lang.Object, int, java.lang.Object)'> (0x0000000091829320) 
thrown [s\open\src\hotspot\share\interpreter\linkResolver.cpp, line 773]
Event: 1.152 Thread 0x00000221cc871e70 Exception <a 'java/lang/OutOfMemoryError'{0x000000009168f248}> (0x000000009168f248) 
thrown [s\open\src\hotspot\share\prims\jni.cpp, line 539]

ZGC Phase Switch (0 events):
No events

VM Operations (20 events):
Event: 0.316 Executing VM operation: HandshakeAllThreads (Deoptimize)
Event: 0.316 Executing VM operation: HandshakeAllThreads (Deoptimize) done
Event: 0.348 Executing VM operation: HandshakeAllThreads (Deoptimize)
Event: 0.348 Executing VM operation: HandshakeAllThreads (Deoptimize) done
Event: 0.550 Executing VM operation: HandshakeAllThreads (Deoptimize)
Event: 0.550 Executing VM operation: HandshakeAllThreads (Deoptimize) done
Event: 0.722 Executing VM operation: HandshakeAllThreads (Deoptimize)
Event: 0.722 Executing VM operation: HandshakeAllThreads (Deoptimize) done
Event: 0.780 Executing VM operation: G1CollectForAllocation (G1 Evacuation Pause)
Event: 0.784 Executing VM operation: G1CollectForAllocation (G1 Evacuation Pause) done
Event: 0.946 Executing VM operation: HandshakeAllThreads (Deoptimize)
Event: 0.946 Executing VM operation: HandshakeAllThreads (Deoptimize) done
Event: 1.075 Executing VM operation: HandshakeAllThreads (Deoptimize)
Event: 1.075 Executing VM operation: HandshakeAllThreads (Deoptimize) done
Event: 1.078 Executing VM operation: HandshakeAllThreads (Deoptimize)
Event: 1.078 Executing VM operation: HandshakeAllThreads (Deoptimize) done
Event: 1.090 Executing VM operation: HandshakeAllThreads (Deoptimize)
Event: 1.090 Executing VM operation: HandshakeAllThreads (Deoptimize) done
Event: 1.144 Executing VM operation: ICBufferFull
Event: 1.145 Executing VM operation: ICBufferFull done

Events (14 events):
Event: 0.028 Thread 0x00000221f394c720 Thread added: 0x00000221f394c720
Event: 0.047 Thread 0x00000221ff7dbdd0 Thread added: 0x00000221ff7dbdd0
Event: 0.047 Thread 0x00000221ff7dc6f0 Thread added: 0x00000221ff7dc6f0
Event: 0.047 Thread 0x00000221ff7de610 Thread added: 0x00000221ff7de610
Event: 0.047 Thread 0x00000221ff7e0140 Thread added: 0x00000221ff7e0140
Event: 0.047 Thread 0x00000221ff7e0ee0 Thread added: 0x00000221ff7e0ee0
Event: 0.047 Thread 0x00000221ff7e1540 Thread added: 0x00000221ff7e1540
Event: 0.047 Thread 0x00000221ff80d890 Thread added: 0x00000221ff80d890
Event: 0.157 Thread 0x00000221cc0e31d0 Thread added: 0x00000221cc0e31d0
Event: 0.159 Thread 0x00000221cc06ff70 Thread added: 0x00000221cc06ff70
Event: 0.163 Thread 0x00000221cc070ba0 Thread added: 0x00000221cc070ba0
Event: 0.644 Thread 0x00000221cc871810 Thread added: 0x00000221cc871810
Event: 0.646 Thread 0x00000221cc871e70 Thread added: 0x00000221cc871e70
Event: 1.084 Thread 0x00000221cca1be40 Thread added: 0x00000221cca1be40


Dynamic libraries:
0x00007ff62cca0000 - 0x00007ff62ccb0000 	C:\Program Files\Java\jdk-21\bin\java.exe
0x00007ff9f6970000 - 0x00007ff9f6b87000 	C:\WINDOWS\SYSTEM32\ntdll.dll
0x00007ff9f4ac0000 - 0x00007ff9f4b84000 	C:\WINDOWS\System32\KERNEL32.DLL
0x00007ff9f3e50000 - 0x00007ff9f420a000 	C:\WINDOWS\System32\KERNELBASE.dll
0x00007ff9f4290000 - 0x00007ff9f43a1000 	C:\WINDOWS\System32\ucrtbase.dll
0x00007ff9e2030000 - 0x00007ff9e2049000 	C:\Program Files\Java\jdk-21\bin\jli.dll
0x00007ff9e1fc0000 - 0x00007ff9e1fdb000 	C:\Program Files\Java\jdk-21\bin\VCRUNTIME140.dll
0x00007ff9f4a00000 - 0x00007ff9f4ab2000 	C:\WINDOWS\System32\ADVAPI32.dll
0x00007ff9f6880000 - 0x00007ff9f6927000 	C:\WINDOWS\System32\msvcrt.dll
0x00007ff9f5b10000 - 0x00007ff9f5bb7000 	C:\WINDOWS\System32\sechost.dll
0x00007ff9f3e20000 - 0x00007ff9f3e48000 	C:\WINDOWS\System32\bcrypt.dll
0x00007ff9f59f0000 - 0x00007ff9f5b04000 	C:\WINDOWS\System32\RPCRT4.dll
0x00007ff9f5ca0000 - 0x00007ff9f5e4e000 	C:\WINDOWS\System32\USER32.dll
0x00007ff9f3cd0000 - 0x00007ff9f3cf6000 	C:\WINDOWS\System32\win32u.dll
0x00007ff9c9f40000 - 0x00007ff9ca1d2000 	C:\WINDOWS\WinSxS\amd64_microsoft.windows.common-controls_6595b64144ccf1df_6.0.22621.4541_none_2710d1c57384c085\COMCTL32.dll
0x00007ff9f46c0000 - 0x00007ff9f46e9000 	C:\WINDOWS\System32\GDI32.dll
0x00007ff9f3d00000 - 0x00007ff9f3e1b000 	C:\WINDOWS\System32\gdi32full.dll
0x00007ff9f3c30000 - 0x00007ff9f3cca000 	C:\WINDOWS\System32\msvcp_win.dll
0x00007ff9e8af0000 - 0x00007ff9e8afa000 	C:\WINDOWS\SYSTEM32\VERSION.dll
0x00007ff9f5bc0000 - 0x00007ff9f5bf1000 	C:\WINDOWS\System32\IMM32.DLL
0x00007ff9e2020000 - 0x00007ff9e202c000 	C:\Program Files\Java\jdk-21\bin\vcruntime140_1.dll
0x00007ff9d60c0000 - 0x00007ff9d614e000 	C:\Program Files\Java\jdk-21\bin\msvcp140.dll
0x00007ff96f8c0000 - 0x00007ff9705da000 	C:\Program Files\Java\jdk-21\bin\server\jvm.dll
0x00007ff9f4b90000 - 0x00007ff9f4c01000 	C:\WINDOWS\System32\WS2_32.dll
0x00007ff9f36c0000 - 0x00007ff9f370d000 	C:\WINDOWS\SYSTEM32\POWRPROF.dll
0x00007ff9edf00000 - 0x00007ff9edf34000 	C:\WINDOWS\SYSTEM32\WINMM.dll
0x00007ff9f3540000 - 0x00007ff9f3553000 	C:\WINDOWS\SYSTEM32\UMPDC.dll
0x00007ff9f2c30000 - 0x00007ff9f2c48000 	C:\WINDOWS\SYSTEM32\kernel.appcore.dll
0x00007ff9e1310000 - 0x00007ff9e131a000 	C:\Program Files\Java\jdk-21\bin\jimage.dll
0x00007ff9f1480000 - 0x00007ff9f16b2000 	C:\WINDOWS\SYSTEM32\DBGHELP.DLL
0x00007ff9f5650000 - 0x00007ff9f59e1000 	C:\WINDOWS\System32\combase.dll
0x00007ff9f67a0000 - 0x00007ff9f6877000 	C:\WINDOWS\System32\OLEAUT32.dll
0x00007ff9e4f00000 - 0x00007ff9e4f32000 	C:\WINDOWS\SYSTEM32\dbgcore.DLL
0x00007ff9f4470000 - 0x00007ff9f44eb000 	C:\WINDOWS\System32\bcryptPrimitives.dll
0x00007ff9df440000 - 0x00007ff9df45f000 	C:\Program Files\Java\jdk-21\bin\java.dll
0x00007ff9f4dd0000 - 0x00007ff9f5649000 	C:\WINDOWS\System32\SHELL32.dll
0x00007ff9f1b20000 - 0x00007ff9f2429000 	C:\WINDOWS\SYSTEM32\windows.storage.dll
0x00007ff9f19e0000 - 0x00007ff9f1b1f000 	C:\WINDOWS\SYSTEM32\wintypes.dll
0x00007ff9f6610000 - 0x00007ff9f670a000 	C:\WINDOWS\System32\SHCORE.dll
0x00007ff9f46f0000 - 0x00007ff9f474e000 	C:\WINDOWS\System32\shlwapi.dll
0x00007ff9f3b60000 - 0x00007ff9f3b8b000 	C:\WINDOWS\SYSTEM32\profapi.dll
0x00007ff9e0da0000 - 0x00007ff9e0db0000 	C:\Program Files\Java\jdk-21\bin\net.dll
0x00007ff9ef690000 - 0x00007ff9ef7c6000 	C:\WINDOWS\SYSTEM32\WINHTTP.dll
0x00007ff9f30a0000 - 0x00007ff9f3109000 	C:\WINDOWS\system32\mswsock.dll
0x00007ff9df3e0000 - 0x00007ff9df3f6000 	C:\Program Files\Java\jdk-21\bin\nio.dll
0x00007ff9d69b0000 - 0x00007ff9d69c8000 	C:\Program Files\Java\jdk-21\bin\zip.dll
0x00007ff9e0bb0000 - 0x00007ff9e0bba000 	C:\Program Files\Java\jdk-21\bin\management.dll
0x00007ff9e0580000 - 0x00007ff9e058b000 	C:\Program Files\Java\jdk-21\bin\management_ext.dll
0x00007ff9f4660000 - 0x00007ff9f4668000 	C:\WINDOWS\System32\PSAPI.DLL

dbghelp: loaded successfully - version: 4.0.5 - missing functions: none
symbol engine: initialized successfully - sym options: 0x614 - pdb path: .;C:\Program Files\Java\jdk-21\bin;C:\WINDOWS\SYSTEM32;C:\WINDOWS\WinSxS\amd64_microsoft.windows.common-controls_6595b64144ccf1df_6.0.22621.4541_none_2710d1c57384c085;C:\Program Files\Java\jdk-21\bin\server

VM Arguments:
jvm_args: -XX:TieredStopAtLevel=1 
java_command: com.myschool.MyschoolApplication
java_class_path (initial): C:\Users\joann\workspace\myschool\target\classes;C:\Users\joann\.m2\repository\ch\qos\logback\logback-classic\1.5.12\logback-classic-1.5.12.jar;C:\Users\joann\.m2\repository\ch\qos\logback\logback-core\1.5.12\logback-core-1.5.12.jar;C:\Users\joann\.m2\repository\org\apache\logging\log4j\log4j-to-slf4j\2.24.3\log4j-to-slf4j-2.24.3.jar;C:\Users\joann\.m2\repository\org\apache\logging\log4j\log4j-api\2.24.3\log4j-api-2.24.3.jar;C:\Users\joann\.m2\repository\org\slf4j\jul-to-slf4j\2.0.16\jul-to-slf4j-2.0.16.jar;C:\Users\joann\.m2\repository\jakarta\annotation\jakarta.annotation-api\2.1.1\jakarta.annotation-api-2.1.1.jar;C:\Users\joann\.m2\repository\org\yaml\snakeyaml\2.3\snakeyaml-2.3.jar;C:\Users\joann\.m2\repository\com\zaxxer\HikariCP\5.1.0\HikariCP-5.1.0.jar;C:\Users\joann\.m2\repository\org\springframework\spring-jdbc\6.2.1\spring-jdbc-6.2.1.jar;C:\Users\joann\.m2\repository\org\hibernate\orm\hibernate-core\6.6.4.Final\hibernate-core-6.6.4.Final.jar;C:\Users\joann\.m2\repository\jakarta\persistence\jakarta.persistence-api\3.1.0\jakarta.persistence-api-3.1.0.jar;C:\Users\joann\.m2\repository\jakarta\transaction\jakarta.transaction-api\2.0.1\jakarta.transaction-api-2.0.1.jar;C:\Users\joann\.m2\repository\org\jboss\logging\jboss-logging\3.6.1.Final\jboss-logging-3.6.1.Final.jar;C:\Users\joann\.m2\repository\org\hibernate\common\hibernate-commons-annotations\7.0.3.Final\hibernate-commons-annotations-7.0.3.Final.jar;C:\Users\joann\.m2\repository\io\smallrye\jandex\3.2.0\jandex-3.2.0.jar;C:\Users\joann\.m2\repository\com\fasterxml\classmate\1.7.0\classmate-1.7.0.jar;C:\Users\joann\.m2\repository\net\bytebuddy\byte-buddy\1.15.11\byte-buddy-1.15.11.jar;C:\Users\joann\.m2\repository\org\glassfish\jaxb\jaxb-runtime\4.0.5\jaxb-runtime-4.0.5.jar;C:\Users\joann\.m2\repository\org\glassfish\jaxb\jaxb-core\4.0.5\jaxb-core-4.0.5.jar;C:\Users\joann\.m2\repository\org\eclipse\angus\angus-activation\2.0.2\angus-activation-2.0.2.jar;C:\Users\joann\.m2\repository\org\glassfish\jaxb\txw2\4.0.5\txw2-4.0.5.jar;C:\Users\joann\.m2\repository\com\sun\istack\istack-commons-runtime\4.1.2\istack-commons-runtime-4.1.2.jar;C:\Users\joann\.m2\repository\jakarta\inject\jakarta.inject-api\2.0.1\jakarta.inject-api-2.0.1.jar;C:\Users\joann\.m2\repository\org\antlr\antlr4-runtime\4.13.0\antlr4-runtime-4.13.0.jar;C:\Users\joann\.m2\repository\org\springframework\data\spring-data-jpa\3.4.1\spring-data-jpa-3.4.1.jar;C:\Users\joann\.m2\repository\org\springframework\data\spring-data-commons\3.4.1\spring-data-commons-3.4.1.jar;C:\Users\joann\.m2\repository\org\springframework\spring-orm\6.2.1\spring-orm-6.2.1.jar;C:\Users\joann\.m2\repository\org\springframework\spring-context\6.2.1\spring-context-6.2.1.jar;C:\Users\joann\.m2\repository\org\springframework\spring-tx\6.2.1\spring-tx-6.2.1.jar;C:\Users\joann\.m2\repository\org\springframework\spring-beans\6.2.1\spring-beans-6.2.1.jar;C:\Users\joann\.m2\repository\org\slf4j\slf4j-api\2.0.16\slf4j-api-2.0.16.jar;C:\Users\joann\.m2\repository\org\springframework\spring-aspects\6.2.1\spring-aspects-6.2.1.jar;C:\Users\joann\.m2\repository\org\aspectj\aspectjweaver\1.9.22.1\aspectjweaver-1.9.22.1.jar;C:\Users\joann\.m2\repository\com\fasterxml\jackson\datatype\jackson-datatype-jdk8\2.18.2\jackson-datatype-jdk8-2.18.2.jar;C:\Users\joann\.m2\repository\com\fasterxml\jackson\datatype\jackson-datatype-jsr310\2.18.2\jackson-datatype-jsr310-2.18.2.jar;C:\Users\joann\.m2\repository\com\fasterxml\jackson\module\jackson-module-parameter-names\2.18.2\jackson-module-parameter-names-2.18.2.jar;C:\Users\joann\.m2\repository\org\apache\tomcat\embed\tomcat-embed-core\10.1.34\tomcat-embed-core-10.1.34.jar;C:\Users\joann\.m2\repository\org\apache\tomcat\embed\tomcat-embed-el\10.1.34\tomcat-embed-el-10.1.34.jar;C:\Users\joann\.m2\repository\org\apache\tomcat\embed\tomcat-embed-websocket\10.1.34\tomcat-embed-websocket-10.1.34.jar;C:\Users\joann\.m2\repository\org\springframework\spring-web\6.2.1\spring-web-6.2.1.jar;C:\Users\joann\.m2\repository\io\micrometer\micrometer-observation\1.14.2\micrometer-observation-1.14.2.jar;C:\Users\joann\.m2\repository\io\micrometer\micrometer-commons\1.14.2\micrometer-commons-1.14.2.jar;C:\Users\joann\.m2\repository\org\springframework\spring-webmvc\6.2.1\spring-webmvc-6.2.1.jar;C:\Users\joann\.m2\repository\org\springframework\spring-expression\6.2.1\spring-expression-6.2.1.jar;C:\Users\joann\.m2\repository\org\springframework\boot\spring-boot-devtools\3.4.1\spring-boot-devtools-3.4.1.jar;C:\Users\joann\.m2\repository\org\springframework\boot\spring-boot\3.4.1\spring-boot-3.4.1.jar;C:\Users\joann\.m2\repository\org\springframework\boot\spring-boot-autoconfigure\3.4.1\spring-boot-autoconfigure-3.4.1.jar;C:\Users\joann\.m2\repository\org\postgresql\postgresql\42.7.3\postgresql-42.7.3.jar;C:\Users\joann\.m2\repository\org\checkerframework\checker-qual\3.42.0\checker-qual-3.42.0.jar;C:\Users\joann\.m2\repository\jakarta\xml\bind\jakarta.xml.bind-api\4.0.2\jakarta.xml.bind-api-4.0.2.jar;C:\Users\joann\.m2\repository\jakarta\activation\jakarta.activation-api\2.1.3\jakarta.activation-api-2.1.3.jar;C:\Users\joann\.m2\repository\org\springframework\spring-core\6.2.1\spring-core-6.2.1.jar;C:\Users\joann\.m2\repository\org\springframework\spring-jcl\6.2.1\spring-jcl-6.2.1.jar;C:\Users\joann\.m2\repository\org\springframework\spring-aop\6.2.1\spring-aop-6.2.1.jar;C:\Users\joann\.m2\repository\org\springframework\security\spring-security-config\6.4.2\spring-security-config-6.4.2.jar;C:\Users\joann\.m2\repository\org\springframework\security\spring-security-core\6.4.2\spring-security-core-6.4.2.jar;C:\Users\joann\.m2\repository\org\springframework\security\spring-security-crypto\6.4.2\spring-security-crypto-6.4.2.jar;C:\Users\joann\.m2\repository\org\springframework\security\spring-security-web\6.4.2\spring-security-web-6.4.2.jar;C:\Users\joann\.m2\repository\io\jsonwebtoken\jjwt-api\0.11.2\jjwt-api-0.11.2.jar;C:\Users\joann\.m2\repository\io\jsonwebtoken\jjwt-impl\0.11.2\jjwt-impl-0.11.2.jar;C:\Users\joann\.m2\repository\io\jsonwebtoken\jjwt-jackson\0.11.2\jjwt-jackson-0.11.2.jar;C:\Users\joann\.m2\repository\com\fasterxml\jackson\core\jackson-databind\2.18.2\jackson-databind-2.18.2.jar;C:\Users\joann\.m2\repository\com\fasterxml\jackson\core\jackson-annotations\2.18.2\jackson-annotations-2.18.2.jar;C:\Users\joann\.m2\repository\com\fasterxml\jackson\core\jackson-core\2.18.2\jackson-core-2.18.2.jar
Launcher Type: SUN_STANDARD

[Global flags]
     intx CICompilerCount                          = 4                                         {product} {ergonomic}
     uint ConcGCThreads                            = 3                                         {product} {ergonomic}
     uint G1ConcRefinementThreads                  = 10                                        {product} {ergonomic}
   size_t G1HeapRegionSize                         = 1048576                                   {product} {ergonomic}
    uintx GCDrainStackTargetSize                   = 64                                        {product} {ergonomic}
   size_t InitialHeapSize                          = 123731968                                 {product} {ergonomic}
   size_t MarkStackSize                            = 4194304                                   {product} {ergonomic}
   size_t MaxHeapSize                              = 1962934272                                {product} {ergonomic}
   size_t MaxNewSize                               = 1177550848                                {product} {ergonomic}
   size_t MinHeapDeltaBytes                        = 1048576                                   {product} {ergonomic}
   size_t MinHeapSize                              = 8388608                                   {product} {ergonomic}
    uintx NonNMethodCodeHeapSize                   = 4096                                   {pd product} {ergonomic}
    uintx NonProfiledCodeHeapSize                  = 0                                      {pd product} {ergonomic}
     bool ProfileInterpreter                       = false                                  {pd product} {command line}
    uintx ProfiledCodeHeapSize                     = 0                                      {pd product} {ergonomic}
   size_t SoftMaxHeapSize                          = 1962934272                             {manageable} {ergonomic}
     intx TieredStopAtLevel                        = 1                                         {product} {command line}
     bool UseCompressedOops                        = true                           {product lp64_product} {ergonomic}
     bool UseG1GC                                  = true                                      {product} {ergonomic}
     bool UseLargePagesIndividualAllocation        = false                                  {pd product} {ergonomic}

Logging:
Log output configuration:
 #0: stdout all=warning uptime,level,tags foldmultilines=false
 #1: stderr all=off uptime,level,tags foldmultilines=false

Environment Variables:
JAVA_HOME=C:/Program Files/Java/jdk-21
PATH=C:\Program Files\Git\mingw64\bin;C:\Program Files\Git\usr\bin;C:\Users\joann\bin;C:\Program Files\Common Files\Oracle\Java\javapath;C:\Program Files\Java\jdk-21\bin;C:\WINDOWS\system32;C:\WINDOWS;C:\WINDOWS\System32\Wbem;C:\WINDOWS\System32\WindowsPowerShell\v1.0;C:\WINDOWS\System32\OpenSSH;C:\Program Files\Git\cmd;C:\Program Files\apache-maven-3.8.6\bin;C:\Program Files\Docker\Docker\resources\bin;C:\ProgramData\DockerDesktop\version-bin;C:\Program Files\Go\bin;C:\Program Files (x86)\Microsoft SQL Server\150\DTS\Binn;C:\Program Files\Azure Data Studio\bin;C:\Program Files\Microsoft SQL Server\Client SDK\ODBC\170\Tools\Binn;C:\Program Files (x86)\Microsoft SQL Server\150\Tools\Binn;C:\Program Files\Microsoft SQL Server\150\Tools\Binn;C:\Program Files\Microsoft SQL Server\150\DTS\Binn;C:\Users\joann\AppData\Roaming\nvm;C:\Program Files\nodejs;C:\Program Files\nodejs;C:\Program Files\dart-sdk\bin;C:\Program Files\wildfly-14.0.1.Final\bin;C:\Program Files\wildfly-14.0.1.Final\bin;C:\Program Files\MongoDB\Server\7.0\bin;C:\Users\joann\AppData\Local\Programs\Python\Python310\Scripts;C:\Users\joann\AppData\Local\Programs\Python\Python310;C:\Users\joann\AppData\Local\Microsoft\WindowsApps;C:\Program Files\JetBrains\PyCharm 2022.2.1\bin;C:\Users\joann\AppData\Local\Programs\Microsoft VS Code\bin;C:\Users\joann\go\bin;C:\Program Files\Azure Data Studio\bin;C:\Users\joann\AppData\Roaming\nvm;C:\Program Files\nodejs;C:\Users\joann\AppData\Roaming\npm
USERNAME=joann
TERM=xterm-256color
OS=Windows_NT
PROCESSOR_IDENTIFIER=AMD64 Family 25 Model 80 Stepping 0, AuthenticAMD
TMP=C:\Users\joann\AppData\Local\Temp
TEMP=C:\Users\joann\AppData\Local\Temp




Periodic native trim disabled

---------------  S Y S T E M  ---------------

OS:
 Windows 11 , 64 bit Build 22621 (10.0.22621.4391)
OS uptime: 18 days 1:10 hours
Hyper-V role detected

CPU: total 12 (initial active 12) (12 cores per cpu, 2 threads per core) family 25 model 80 stepping 0 microcode 0x0, cx8, cmov, fxsr, ht, mmx, 3dnowpref, sse, sse2, sse3, ssse3, sse4a, sse4.1, sse4.2, popcnt, lzcnt, tsc, tscinvbit, avx, avx2, aes, erms, clmul, bmi1, bmi2, adx, sha, fma, vzeroupper, clflush, clflushopt, hv, rdtscp, rdpid, fsrm, f16c, cet_ss
Processor Information for processor 0
  Max Mhz: 2301, Current Mhz: 2301, Mhz Limit: 2301
Processor Information for processor 1
  Max Mhz: 2301, Current Mhz: 2301, Mhz Limit: 2301
Processor Information for processor 2
  Max Mhz: 2301, Current Mhz: 2301, Mhz Limit: 2301
Processor Information for processor 3
  Max Mhz: 2301, Current Mhz: 2301, Mhz Limit: 2301
Processor Information for processor 4
  Max Mhz: 2301, Current Mhz: 2301, Mhz Limit: 2301
Processor Information for processor 5
  Max Mhz: 2301, Current Mhz: 2301, Mhz Limit: 2301
Processor Information for processor 6
  Max Mhz: 2301, Current Mhz: 1798, Mhz Limit: 2301
Processor Information for processor 7
  Max Mhz: 2301, Current Mhz: 1798, Mhz Limit: 2301
Processor Information for processor 8
  Max Mhz: 2301, Current Mhz: 2301, Mhz Limit: 2301
Processor Information for processor 9
  Max Mhz: 2301, Current Mhz: 2301, Mhz Limit: 2301
Processor Information for processor 10
  Max Mhz: 2301, Current Mhz: 1798, Mhz Limit: 2301
Processor Information for processor 11
  Max Mhz: 2301, Current Mhz: 2301, Mhz Limit: 2301

Memory: 4k page, system-wide physical 7487M (244M free)
TotalPageFile size 30015M (AvailPageFile size 0M)
current process WorkingSet (physical memory assigned to process): 88M, peak: 88M
current process commit charge ("private bytes"): 221M, peak: 221M

vm_info: Java HotSpot(TM) 64-Bit Server VM (21.0.6+8-LTS-188) for windows-amd64 JRE (21.0.6+8-LTS-188), built on 2024-12-03T10:50:54Z by "mach5one" with MS VC++ 17.6 (VS2022)

END.
